Archive member included because of file (symbol)

.\CortexM3\ARM_GCC_493\Debug\Practica4Parte2.a(cyfitter_cfg.o)
                              .\CortexM3\ARM_GCC_493\Debug\Cm3Start.o (cyfitter_cfg)
.\CortexM3\ARM_GCC_493\Debug\Practica4Parte2.a(Clock_1.o)
                              .\CortexM3\ARM_GCC_493\Debug\main.o (Clock_1_GetDividerRegister)
.\CortexM3\ARM_GCC_493\Debug\Practica4Parte2.a(USBUART.o)
                              .\CortexM3\ARM_GCC_493\Debug\main.o (USBUART_Start)
.\CortexM3\ARM_GCC_493\Debug\Practica4Parte2.a(USBUART_cdc.o)
                              .\CortexM3\ARM_GCC_493\Debug\main.o (USBUART_CDC_Init)
.\CortexM3\ARM_GCC_493\Debug\Practica4Parte2.a(USBUART_drv.o)
                              .\CortexM3\ARM_GCC_493\Debug\Practica4Parte2.a(USBUART.o) (USBUART_lastPacketSize)
.\CortexM3\ARM_GCC_493\Debug\Practica4Parte2.a(USBUART_episr.o)
                              .\CortexM3\ARM_GCC_493\Debug\Practica4Parte2.a(USBUART.o) (USBUART_EP_1_ISR)
.\CortexM3\ARM_GCC_493\Debug\Practica4Parte2.a(USBUART_pm.o)
                              .\CortexM3\ARM_GCC_493\Debug\Practica4Parte2.a(USBUART.o) (USBUART_DP_ISR)
.\CortexM3\ARM_GCC_493\Debug\Practica4Parte2.a(USBUART_std.o)
                              .\CortexM3\ARM_GCC_493\Debug\Practica4Parte2.a(USBUART_pm.o) (USBUART_ConfigReg)
.\CortexM3\ARM_GCC_493\Debug\Practica4Parte2.a(USBUART_vnd.o)
                              .\CortexM3\ARM_GCC_493\Debug\Practica4Parte2.a(USBUART_drv.o) (USBUART_HandleVendorRqst)
.\CortexM3\ARM_GCC_493\Debug\Practica4Parte2.a(USBUART_Dp.o)
                              .\CortexM3\ARM_GCC_493\Debug\Practica4Parte2.a(USBUART_pm.o) (USBUART_Dp_ClearInterrupt)
.\CortexM3\ARM_GCC_493\Debug\Practica4Parte2.a(CyDmac.o)
                              .\CortexM3\ARM_GCC_493\Debug\Cm3Start.o (CyDmacConfigure)
.\CortexM3\ARM_GCC_493\Debug\Practica4Parte2.a(CyLib.o)
                              .\CortexM3\ARM_GCC_493\Debug\Cm3Start.o (CyHalt)
.\CortexM3\ARM_GCC_493\Debug\Practica4Parte2.a(cyPm.o)
                              .\CortexM3\ARM_GCC_493\Debug\Practica4Parte2.a(CyLib.o) (CyPmReadStatus)
.\CortexM3\ARM_GCC_493\Debug\Practica4Parte2.a(generadorOnda.o)
                              .\CortexM3\ARM_GCC_493\Debug\main.o (generadorOnda_Stop)
.\CortexM3\ARM_GCC_493\Debug\Practica4Parte2.a(pantallaLCD.o)
                              .\CortexM3\ARM_GCC_493\Debug\main.o (pantallaLCD_PrintString)
.\CortexM3\ARM_GCC_493\Debug\Practica4Parte2.a(generadorOnda_Wave1_DMA_dma.o)
                              .\CortexM3\ARM_GCC_493\Debug\Practica4Parte2.a(generadorOnda.o) (generadorOnda_Wave1_DMA_DmaInitialize)
.\CortexM3\ARM_GCC_493\Debug\Practica4Parte2.a(generadorOnda_Wave2_DMA_dma.o)
                              .\CortexM3\ARM_GCC_493\Debug\Practica4Parte2.a(generadorOnda.o) (generadorOnda_Wave2_DMA_DmaInitialize)
.\CortexM3\ARM_GCC_493\Debug\Practica4Parte2.a(generadorOnda_VDAC8.o)
                              .\CortexM3\ARM_GCC_493\Debug\Practica4Parte2.a(generadorOnda.o) (generadorOnda_VDAC8_Enable)
.\CortexM3\ARM_GCC_493\Debug\Practica4Parte2.a(CyBootAsmGnu.o)
                              .\CortexM3\ARM_GCC_493\Debug\Practica4Parte2.a(cyfitter_cfg.o) (CyDelayCycles)
.\CortexM3\ARM_GCC_493\Debug\Practica4Parte2.a(USBUART_cls.o)
                              .\CortexM3\ARM_GCC_493\Debug\Practica4Parte2.a(USBUART_drv.o) (USBUART_DispatchClassRqst)
.\CortexM3\ARM_GCC_493\Debug\Practica4Parte2.a(USBUART_descr.o)
                              .\CortexM3\ARM_GCC_493\Debug\Practica4Parte2.a(USBUART_std.o) (USBUART_idSerialNumberStringDescriptor)
.\CortexM3\ARM_GCC_493\Debug\Practica4Parte2.a(CyFlash.o)
                              .\CortexM3\ARM_GCC_493\Debug\Practica4Parte2.a(cyPm.o) (CyFlash_SetWaitCycles)
.\CortexM3\ARM_GCC_493\Debug\Practica4Parte2.a(CySpc.o)
                              .\CortexM3\ARM_GCC_493\Debug\Practica4Parte2.a(CyFlash.o) (CySpcStart)
c:/program files (x86)/cypress/psoc creator/4.0/psoc creator/import/gnu/arm/4.9.3/bin/../lib/gcc/arm-none-eabi/4.9.3/../../../../arm-none-eabi/lib/armv7-m\libm.a(lib_a-s_sin.o)
                              .\CortexM3\ARM_GCC_493\Debug\main.o (sin)
c:/program files (x86)/cypress/psoc creator/4.0/psoc creator/import/gnu/arm/4.9.3/bin/../lib/gcc/arm-none-eabi/4.9.3/../../../../arm-none-eabi/lib/armv7-m\libm.a(lib_a-e_rem_pio2.o)
                              c:/program files (x86)/cypress/psoc creator/4.0/psoc creator/import/gnu/arm/4.9.3/bin/../lib/gcc/arm-none-eabi/4.9.3/../../../../arm-none-eabi/lib/armv7-m\libm.a(lib_a-s_sin.o) (__ieee754_rem_pio2)
c:/program files (x86)/cypress/psoc creator/4.0/psoc creator/import/gnu/arm/4.9.3/bin/../lib/gcc/arm-none-eabi/4.9.3/../../../../arm-none-eabi/lib/armv7-m\libm.a(lib_a-k_cos.o)
[...]
Memory Configuration

Name             Origin             Length             Attributes
rom              0x00000000         0x00040000         xr
ram              0x1fff8000         0x00010000         xrw
*default*        0x00000000         0xffffffff

Linker script and memory map

LOAD c:/program files (x86)/cypress/psoc creator/4.0/psoc creator/import/gnu/arm/4.9.3/bin/../lib/gcc/arm-none-eabi/4.9.3/armv7-m/crti.o
LOAD c:/program files (x86)/cypress/psoc creator/4.0/psoc creator/import/gnu/arm/4.9.3/bin/../lib/gcc/arm-none-eabi/4.9.3/armv7-m/crtbegin.o
LOAD c:/program files (x86)/cypress/psoc creator/4.0/psoc creator/import/gnu/arm/4.9.3/bin/../lib/gcc/arm-none-eabi/4.9.3/../../../../arm-none-eabi/lib/armv7-m/crt0.o
START GROUP
LOAD .\CortexM3\ARM_GCC_493\Debug\main.o
LOAD .\CortexM3\ARM_GCC_493\Debug\cymetadata.o
LOAD .\CortexM3\ARM_GCC_493\Debug\Cm3Start.o
LOAD .\CortexM3\ARM_GCC_493\Debug\Practica4Parte2.a
LOAD C:\Program Files (x86)\Cypress\PSoC Creator\4.0\PSoC Creator\psoc\content\cycomponentlibrary\CyComponentLibrary.cylib\CortexM3\ARM_GCC_493\Debug\CyComponentLibrary.a
LOAD c:/program files (x86)/cypress/psoc creator/4.0/psoc creator/import/gnu/arm/4.9.3/bin/../lib/gcc/arm-none-eabi/4.9.3/../../../../arm-none-eabi/lib/armv7-m\libm.a
END GROUP
START GROUP
LOAD c:/program files (x86)/cypress/psoc creator/4.0/psoc creator/import/gnu/arm/4.9.3/bin/../lib/gcc/arm-none-eabi/4.9.3/armv7-m\libgcc.a
LOAD c:/program files (x86)/cypress/psoc creator/4.0/psoc creator/import/gnu/arm/4.9.3/bin/../lib/gcc/arm-none-eabi/4.9.3/../../../../arm-none-eabi/lib/armv7-m\libg_nano.a
LOAD c:/program files (x86)/cypress/psoc creator/4.0/psoc creator/import/gnu/arm/4.9.3/bin/../lib/gcc/arm-none-eabi/4.9.3/../../../../arm-none-eabi/lib/armv7-m\libc_nano.a
END GROUP
START GROUP
LOAD c:/program files (x86)/cypress/psoc creator/4.0/psoc creator/import/gnu/arm/4.9.3/bin/../lib/gcc/arm-none-eabi/4.9.3/armv7-m\libgcc.a
LOAD c:/program files (x86)/cypress/psoc creator/4.0/psoc creator/import/gnu/arm/4.9.3/bin/../lib/gcc/arm-none-eabi/4.9.3/../../../../arm-none-eabi/lib/armv7-m\libc_nano.a
END GROUP
LOAD c:/program files (x86)/cypress/psoc creator/4.0/psoc creator/import/gnu/arm/4.9.3/bin/../lib/gcc/arm-none-eabi/4.9.3/armv7-m/crtend.o
LOAD c:/program files (x86)/cypress/psoc creator/4.0/psoc creator/import/gnu/arm/4.9.3/bin/../lib/gcc/arm-none-eabi/4.9.3/armv7-m/crtn.o
START GROUP
LOAD c:/program files (x86)/cypress/psoc creator/4.0/psoc creator/import/gnu/arm/4.9.3/bin/../lib/gcc/arm-none-eabi/4.9.3/armv7-m\libgcc.a
LOAD c:/program files (x86)/cypress/psoc creator/4.0/psoc creator/import/gnu/arm/4.9.3/bin/../lib/gcc/arm-none-eabi/4.9.3/../../../../arm-none-eabi/lib/armv7-m\libc.a
LOAD c:/program files (x86)/cypress/psoc creator/4.0/psoc creator/import/gnu/arm/4.9.3/bin/../lib/gcc/arm-none-eabi/4.9.3/../../../../arm-none-eabi/lib/armv7-m\libnosys.a
END GROUP
                0x00000000                CY_APPL_ORIGIN = 0x0
                0x00000100                CY_FLASH_ROW_SIZE = 0x100
                0x00000020                CY_ECC_ROW_SIZE = 0x20
                0x00000000                CY_EE_IN_BTLDR = 0x0
                0x00000000                CY_APPL_LOADABLE = 0x0
                0x00000800                CY_EE_SIZE = 0x800
                0x00000001                CY_APPL_NUM = 0x1
                0x00000001                CY_APPL_MAX = 0x1
                0x00000040                CY_METADATA_SIZE = 0x40
                0x00000000                CY_APPL_LOADABLE = 0x0
                0x00000000                CY_CHECKSUM_EXCLUDE_SIZE = ALIGN (0x0, CY_FLASH_ROW_SIZE)
                0x1fff9260                PROVIDE (__cy_heap_start, _end)
                0x00000001                PROVIDE (__cy_region_num, ((__cy_regions_end - __cy_regions) / 0x10))
                0x20008000                PROVIDE (__cy_stack, (ORIGIN (ram) + 0x10000))
                0x20007800                PROVIDE (__cy_heap_end, (__cy_stack - 0x800))

.cybootloader   0x00000000        0x0
 *(.cybootloader)
                0x00000000                appl1_start = CY_APPL_ORIGIN?CY_APPL_ORIGIN:ALIGN (CY_FLASH_ROW_SIZE)
                0x0001ff00                appl2_start = (appl1_start + ALIGN ((((0x40000 - appl1_start) - (0x2 * CY_FLASH_ROW_SIZE)) / 0x2), CY_FLASH_ROW_SIZE))
                0x00000000                appl_start = (CY_APPL_NUM == 0x1)?appl1_start:appl2_start
                0x00000000                ecc_offset = ((appl_start / CY_FLASH_ROW_SIZE) * CY_ECC_ROW_SIZE)
                0x00000000                ee_offset = (CY_APPL_LOADABLE && ! (CY_EE_IN_BTLDR))?((CY_EE_SIZE / CY_APPL_MAX) * (CY_APPL_NUM - 0x1)):0x0
                0x00000800                ee_size = (CY_APPL_LOADABLE && ! (CY_EE_IN_BTLDR))?(CY_EE_SIZE / CY_APPL_MAX):CY_EE_SIZE
                0x00000000                PROVIDE (CY_ECC_OFFSET, ecc_offset)

.text           0x00000000     0x4646
 CREATE_OBJECT_SYMBOLS
                0x00000000                PROVIDE (__cy_interrupt_vector, RomVectors)
 *(.romvectors)
 .romvectors    0x00000000       0x10 .\CortexM3\ARM_GCC_493\Debug\Cm3Start.o
                0x00000000                RomVectors
                0x00000001                ASSERT ((. != __cy_interrupt_vector), No interrupt vector)
                0x00000001                ASSERT (CY_APPL_ORIGIN?(SIZEOF (.cybootloader) <= CY_APPL_ORIGIN):0x1, Wrong image location)
                0x00000010                PROVIDE (__cy_reset, Reset)
 *(.text.Reset)
 .text.Reset    0x00000010       0x18 .\CortexM3\ARM_GCC_493\Debug\Cm3Start.o
                0x00000010                Reset
                0x00000001                ASSERT ((. != __cy_reset), No reset code)
 *(.dma_init)
                0x00000001                ASSERT ((((appl_start + .) <= 0x10000) || 0x1), DMA Init must be within the first 64k of flash)
 *(.text .text.* .gnu.linkonce.t.*)
 .text          0x00000028       0x5c c:/program files (x86)/cypress/psoc creator/4.0/psoc creator/import/gnu/arm/4.9.3/bin/../lib/gcc/arm-none-eabi/4.9.3/armv7-m/crtbegin.o
 .text.main     0x00000084      0x328 .\CortexM3\ARM_GCC_493\Debug\main.o
                0x00000084                main
 .text.IntDefaultHandler
                0x000003ac       0x10 .\CortexM3\ARM_GCC_493\Debug\Cm3Start.o
                0x000003ac                IntDefaultHandler
 .text.Start_c  0x000003bc       0x4c .\CortexM3\ARM_GCC_493\Debug\Cm3Start.o
                0x000003bc                Start_c
 .text.initialize_psoc
                0x00000408       0x78 .\CortexM3\ARM_GCC_493\Debug\Cm3Start.o
                0x00000408                initialize_psoc
 .text.CyClockStartupError
                0x00000480        0x4 .\CortexM3\ARM_GCC_493\Debug\Practica4Parte2.a(cyfitter_cfg.o)
 .text.cfg_write_bytes32
                0x00000484       0x34 .\CortexM3\ARM_GCC_493\Debug\Practica4Parte2.a(cyfitter_cfg.o)
 .text.AnalogSetDefault
                0x000004b8       0x38 .\CortexM3\ARM_GCC_493\Debug\Practica4Parte2.a(cyfitter_cfg.o)
 .text.CYMEMZERO
                0x000004f0        0xc .\CortexM3\ARM_GCC_493\Debug\Practica4Parte2.a(cyfitter_cfg.o)
 .text.ClockSetup
                0x000004fc       0xbc .\CortexM3\ARM_GCC_493\Debug\Practica4Parte2.a(cyfitter_cfg.o)
 .text.CYCONFIGCPY
                0x000005b8        0x8 .\CortexM3\ARM_GCC_493\Debug\Practica4Parte2.a(cyfitter_cfg.o)
 .text.cyfitter_cfg
                0x000005c0       0xfc .\CortexM3\ARM_GCC_493\Debug\Practica4Parte2.a(cyfitter_cfg.o)
                0x000005c0                cyfitter_cfg
 .text.Clock_1_GetDividerRegister
                0x000006bc        0xc .\CortexM3\ARM_GCC_493\Debug\Practica4Parte2.a(Clock_1.o)
                0x000006bc                Clock_1_GetDividerRegister
 .text.Clock_1_GetSourceRegister
                0x000006c8       0x10 .\CortexM3\ARM_GCC_493\Debug\Practica4Parte2.a(Clock_1.o)
                0x000006c8                Clock_1_GetSourceRegister
 .text.Clock_1_SetDividerRegister
                0x000006d8       0xd8 .\CortexM3\ARM_GCC_493\Debug\Practica4Parte2.a(Clock_1.o)
                0x000006d8                Clock_1_SetDividerRegister
 .text.USBUART_Init
                0x000007b0      0x140 .\CortexM3\ARM_GCC_493\Debug\Practica4Parte2.a(USBUART.o)
                0x000007b0                USBUART_Init
 .text.USBUART_InitComponent
                0x000008f0       0xb8 .\CortexM3\ARM_GCC_493\Debug\Practica4Parte2.a(USBUART.o)
                0x000008f0                USBUART_InitComponent
 .text.USBUART_Start
                0x000009a8       0x24 .\CortexM3\ARM_GCC_493\Debug\Practica4Parte2.a(USBUART.o)
                0x000009a8                USBUART_Start
 .text.USBUART_ReInitComponent
                0x000009cc       0x4c .\CortexM3\ARM_GCC_493\Debug\Practica4Parte2.a(USBUART.o)
                0x000009cc                USBUART_ReInitComponent
 .text.USBUART_GetConfiguration
                0x00000a18        0xc .\CortexM3\ARM_GCC_493\Debug\Practica4Parte2.a(USBUART.o)
                0x00000a18                USBUART_GetConfiguration
 .text.USBUART_IsConfigurationChanged
                0x00000a24       0x20 .\CortexM3\ARM_GCC_493\Debug\Practica4Parte2.a(USBUART.o)
                0x00000a24                USBUART_IsConfigurationChanged
 .text.USBUART_GetEPState
                0x00000a44       0x14 .\CortexM3\ARM_GCC_493\Debug\Practica4Parte2.a(USBUART.o)
                0x00000a44                USBUART_GetEPState
 .text.USBUART_GetEPCount
                0x00000a58       0x28 .\CortexM3\ARM_GCC_493\Debug\Practica4Parte2.a(USBUART.o)
                0x00000a58                USBUART_GetEPCount
 .text.USBUART_LoadInEP
                0x00000a80       0x94 .\CortexM3\ARM_GCC_493\Debug\Practica4Parte2.a(USBUART.o)
                0x00000a80                USBUART_LoadInEP
 .text.USBUART_EnableOutEP
                0x00000b14       0x2c .\CortexM3\ARM_GCC_493\Debug\Practica4Parte2.a(USBUART.o)
                0x00000b14                USBUART_EnableOutEP
 .text.USBUART_ReadOutEP
                0x00000b40       0x50 .\CortexM3\ARM_GCC_493\Debug\Practica4Parte2.a(USBUART.o)
                0x00000b40                USBUART_ReadOutEP
 .text.USBUART_StrLen
                0x00000b90       0x14 .\CortexM3\ARM_GCC_493\Debug\Practica4Parte2.a(USBUART_cdc.o)
 .text.USBUART_GetInterfaceComPort
                0x00000ba4       0x3c .\CortexM3\ARM_GCC_493\Debug\Practica4Parte2.a(USBUART_cdc.o)
                0x00000ba4                USBUART_GetInterfaceComPort
 .text.USBUART_DispatchCDCClassRqst
                0x00000be0       0x98 .\CortexM3\ARM_GCC_493\Debug\Practica4Parte2.a(USBUART_cdc.o)
                0x00000be0                USBUART_DispatchCDCClassRqst
 .text.USBUART_CDC_Init
                0x00000c78       0x98 .\CortexM3\ARM_GCC_493\Debug\Practica4Parte2.a(USBUART_cdc.o)
                0x00000c78                USBUART_CDC_Init
 .text.USBUART_PutString
                0x00000d10       0x9c .\CortexM3\ARM_GCC_493\Debug\Practica4Parte2.a(USBUART_cdc.o)
                0x00000d10                USBUART_PutString
 .text.USBUART_DataIsReady
                0x00000dac       0x18 .\CortexM3\ARM_GCC_493\Debug\Practica4Parte2.a(USBUART_cdc.o)
                0x00000dac                USBUART_DataIsReady
 .text.USBUART_CDCIsReady
                0x00000dc4       0x18 .\CortexM3\ARM_GCC_493\Debug\Practica4Parte2.a(USBUART_cdc.o)
                0x00000dc4                USBUART_CDCIsReady
 .text.USBUART_GetChar
                0x00000ddc       0x28 .\CortexM3\ARM_GCC_493\Debug\Practica4Parte2.a(USBUART_cdc.o)
                0x00000ddc                USBUART_GetChar
 .text.USBUART_Cdc_EpInit
                0x00000e04       0x50 .\CortexM3\ARM_GCC_493\Debug\Practica4Parte2.a(USBUART_cdc.o)
                0x00000e04                USBUART_Cdc_EpInit
 .text.USBUART_LoadEP0
                0x00000e54       0x94 .\CortexM3\ARM_GCC_493\Debug\Practica4Parte2.a(USBUART_drv.o)
                0x00000e54                USBUART_LoadEP0
 .text.USBUART_InitZeroLengthControlTransfer
                0x00000ee8       0x34 .\CortexM3\ARM_GCC_493\Debug\Practica4Parte2.a(USBUART_drv.o)
                0x00000ee8                USBUART_InitZeroLengthControlTransfer
 .text.USBUART_ControlReadDataStage
                0x00000f1c        0x8 .\CortexM3\ARM_GCC_493\Debug\Practica4Parte2.a(USBUART_drv.o)
                0x00000f1c                USBUART_ControlReadDataStage
 .text.USBUART_ControlWriteDataStage
                0x00000f24       0x80 .\CortexM3\ARM_GCC_493\Debug\Practica4Parte2.a(USBUART_drv.o)
                0x00000f24                USBUART_ControlWriteDataStage
 .text.USBUART_InitNoDataControlTransfer
                0x00000fa4       0x2c .\CortexM3\ARM_GCC_493\Debug\Practica4Parte2.a(USBUART_drv.o)
                0x00000fa4                USBUART_InitNoDataControlTransfer
 .text.USBUART_UpdateStatusBlock
                0x00000fd0       0x24 .\CortexM3\ARM_GCC_493\Debug\Practica4Parte2.a(USBUART_drv.o)
                0x00000fd0                USBUART_UpdateStatusBlock
 .text.USBUART_HandleSetup
                0x00000ff4       0x5c .\CortexM3\ARM_GCC_493\Debug\Practica4Parte2.a(USBUART_drv.o)
                0x00000ff4                USBUART_HandleSetup
 .text.USBUART_ControlReadStatusStage
                0x00001050       0x34 .\CortexM3\ARM_GCC_493\Debug\Practica4Parte2.a(USBUART_drv.o)
                0x00001050                USBUART_ControlReadStatusStage
 .text.USBUART_HandleOUT
                0x00001084       0x38 .\CortexM3\ARM_GCC_493\Debug\Practica4Parte2.a(USBUART_drv.o)
                0x00001084                USBUART_HandleOUT
 .text.USBUART_ControlWriteStatusStage
                0x000010bc       0x20 .\CortexM3\ARM_GCC_493\Debug\Practica4Parte2.a(USBUART_drv.o)
                0x000010bc                USBUART_ControlWriteStatusStage
 .text.USBUART_NoDataControlStatusStage
                0x000010dc       0x40 .\CortexM3\ARM_GCC_493\Debug\Practica4Parte2.a(USBUART_drv.o)
                0x000010dc                USBUART_NoDataControlStatusStage
 .text.USBUART_HandleIN
                0x0000111c       0x2c .\CortexM3\ARM_GCC_493\Debug\Practica4Parte2.a(USBUART_drv.o)
                0x0000111c                USBUART_HandleIN
 .text.USBUART_EP_0_ISR
                0x00001148       0xb8 .\CortexM3\ARM_GCC_493\Debug\Practica4Parte2.a(USBUART_drv.o)
                0x00001148                USBUART_EP_0_ISR
 .text.USBUART_InitializeStatusBlock
                0x00001200       0x24 .\CortexM3\ARM_GCC_493\Debug\Practica4Parte2.a(USBUART_drv.o)
                0x00001200                USBUART_InitializeStatusBlock
 .text.USBUART_InitControlRead
                0x00001224       0x50 .\CortexM3\ARM_GCC_493\Debug\Practica4Parte2.a(USBUART_drv.o)
                0x00001224                USBUART_InitControlRead
 .text.USBUART_InitControlWrite
                0x00001274       0x48 .\CortexM3\ARM_GCC_493\Debug\Practica4Parte2.a(USBUART_drv.o)
                0x00001274                USBUART_InitControlWrite
 .text.USBUART_EP_1_ISR
                0x000012bc       0x38 .\CortexM3\ARM_GCC_493\Debug\Practica4Parte2.a(USBUART_episr.o)
                0x000012bc                USBUART_EP_1_ISR
 .text.USBUART_EP_2_ISR
                0x000012f4       0x3c .\CortexM3\ARM_GCC_493\Debug\Practica4Parte2.a(USBUART_episr.o)
                0x000012f4                USBUART_EP_2_ISR
 .text.USBUART_EP_3_ISR
                0x00001330       0x44 .\CortexM3\ARM_GCC_493\Debug\Practica4Parte2.a(USBUART_episr.o)
                0x00001330                USBUART_EP_3_ISR
 .text.USBUART_SOF_ISR
                0x00001374        0x4 .\CortexM3\ARM_GCC_493\Debug\Practica4Parte2.a(USBUART_episr.o)
                0x00001374                USBUART_SOF_ISR
 .text.USBUART_BUS_RESET_ISR
                0x00001378        0x8 .\CortexM3\ARM_GCC_493\Debug\Practica4Parte2.a(USBUART_episr.o)
                0x00001378                USBUART_BUS_RESET_ISR
 .text.USBUART_DP_ISR
                0x00001380        0x8 .\CortexM3\ARM_GCC_493\Debug\Practica4Parte2.a(USBUART_pm.o)
                0x00001380                USBUART_DP_ISR
 .text.USBUART_ReadDieID
                0x00001388       0x6c .\CortexM3\ARM_GCC_493\Debug\Practica4Parte2.a(USBUART_std.o)
                0x00001388                USBUART_ReadDieID
 .text.USBUART_ConfigReg
                0x000013f4       0xa4 .\CortexM3\ARM_GCC_493\Debug\Practica4Parte2.a(USBUART_std.o)
                0x000013f4                USBUART_ConfigReg
 .text.USBUART_GetConfigTablePtr
                0x00001498       0x28 .\CortexM3\ARM_GCC_493\Debug\Practica4Parte2.a(USBUART_std.o)
                0x00001498                USBUART_GetConfigTablePtr
 .text.USBUART_ConfigAltChanged
                0x000014c0      0x11c .\CortexM3\ARM_GCC_493\Debug\Practica4Parte2.a(USBUART_std.o)
                0x000014c0                USBUART_ConfigAltChanged
 .text.USBUART_GetDeviceTablePtr
                0x000015dc       0x18 .\CortexM3\ARM_GCC_493\Debug\Practica4Parte2.a(USBUART_std.o)
                0x000015dc                USBUART_GetDeviceTablePtr
 .text.USBUART_GetInterfaceClassTablePtr
                0x000015f4       0x24 .\CortexM3\ARM_GCC_493\Debug\Practica4Parte2.a(USBUART_std.o)
                0x000015f4                USBUART_GetInterfaceClassTablePtr
 .text.USBUART_Config
                0x00001618      0x1e4 .\CortexM3\ARM_GCC_493\Debug\Practica4Parte2.a(USBUART_std.o)
                0x00001618                USBUART_Config
 .text.USBUART_SetEndpointHalt
                0x000017fc       0x64 .\CortexM3\ARM_GCC_493\Debug\Practica4Parte2.a(USBUART_std.o)
                0x000017fc                USBUART_SetEndpointHalt
 .text.USBUART_ClearEndpointHalt
                0x00001860       0xa8 .\CortexM3\ARM_GCC_493\Debug\Practica4Parte2.a(USBUART_std.o)
                0x00001860                USBUART_ClearEndpointHalt
 .text.USBUART_ValidateAlternateSetting
                0x00001908       0x4c .\CortexM3\ARM_GCC_493\Debug\Practica4Parte2.a(USBUART_std.o)
                0x00001908                USBUART_ValidateAlternateSetting
 .text.USBUART_HandleStandardRqst
                0x00001954      0x350 .\CortexM3\ARM_GCC_493\Debug\Practica4Parte2.a(USBUART_std.o)
                0x00001954                USBUART_HandleStandardRqst
 .text.USBUART_HandleVendorRqst
                0x00001ca4       0x18 .\CortexM3\ARM_GCC_493\Debug\Practica4Parte2.a(USBUART_vnd.o)
                0x00001ca4                USBUART_HandleVendorRqst
 .text.USBUART_Dp_ClearInterrupt
                0x00001cbc       0x10 .\CortexM3\ARM_GCC_493\Debug\Practica4Parte2.a(USBUART_Dp.o)
                0x00001cbc                USBUART_Dp_ClearInterrupt
 .text.CyDmacConfigure
                0x00001ccc       0x34 .\CortexM3\ARM_GCC_493\Debug\Practica4Parte2.a(CyDmac.o)
                0x00001ccc                CyDmacConfigure
 .text.CyDmaChEnable
                0x00001d00       0x38 .\CortexM3\ARM_GCC_493\Debug\Practica4Parte2.a(CyDmac.o)
                0x00001d00                CyDmaChEnable
 .text.CyDmaChDisable
                0x00001d38       0x24 .\CortexM3\ARM_GCC_493\Debug\Practica4Parte2.a(CyDmac.o)
                0x00001d38                CyDmaChDisable
 .text.CyDmaChPriority
                0x00001d5c       0x24 .\CortexM3\ARM_GCC_493\Debug\Practica4Parte2.a(CyDmac.o)
                0x00001d5c                CyDmaChPriority
 .text.CyDmaChSetExtendedAddress
                0x00001d80       0x34 .\CortexM3\ARM_GCC_493\Debug\Practica4Parte2.a(CyDmac.o)
                0x00001d80                CyDmaChSetExtendedAddress
 .text.CyDmaChSetInitialTd
                0x00001db4       0x18 .\CortexM3\ARM_GCC_493\Debug\Practica4Parte2.a(CyDmac.o)
                0x00001db4                CyDmaChSetInitialTd
 .text.CyDmaChSetConfiguration
                0x00001dcc       0x48 .\CortexM3\ARM_GCC_493\Debug\Practica4Parte2.a(CyDmac.o)
                0x00001dcc                CyDmaChSetConfiguration
 .text.CyDmaTdAllocate
                0x00001e14       0x34 .\CortexM3\ARM_GCC_493\Debug\Practica4Parte2.a(CyDmac.o)
                0x00001e14                CyDmaTdAllocate
 .text.CyDmaTdSetConfiguration
                0x00001e48       0x28 .\CortexM3\ARM_GCC_493\Debug\Practica4Parte2.a(CyDmac.o)
                0x00001e48                CyDmaTdSetConfiguration
 .text.CyDmaTdSetAddress
                0x00001e70       0x1c .\CortexM3\ARM_GCC_493\Debug\Practica4Parte2.a(CyDmac.o)
                0x00001e70                CyDmaTdSetAddress
 .text.CyHalt   0x00001e8c        0x4 .\CortexM3\ARM_GCC_493\Debug\Practica4Parte2.a(CyLib.o)
                0x00001e8c                CyHalt
 .text.CyDelay  0x00001e90       0x2c .\CortexM3\ARM_GCC_493\Debug\Practica4Parte2.a(CyLib.o)
                0x00001e90                CyDelay
 .text.CyDelayUs
                0x00001ebc       0x14 .\CortexM3\ARM_GCC_493\Debug\Practica4Parte2.a(CyLib.o)
                0x00001ebc                CyDelayUs
 .text.CyIntSetVector
                0x00001ed0       0x28 .\CortexM3\ARM_GCC_493\Debug\Practica4Parte2.a(CyLib.o)
                0x00001ed0                CyIntSetVector
 .text.CyIntSetPriority
                0x00001ef8       0x30 .\CortexM3\ARM_GCC_493\Debug\Practica4Parte2.a(CyLib.o)
                0x00001ef8                CyIntSetPriority
 .text.CyGetUniqueId
                0x00001f28       0x70 .\CortexM3\ARM_GCC_493\Debug\Practica4Parte2.a(CyLib.o)
                0x00001f28                CyGetUniqueId
 .text.generadorOnda_Enable
                0x00001f98       0x24 .\CortexM3\ARM_GCC_493\Debug\Practica4Parte2.a(generadorOnda.o)
                0x00001f98                generadorOnda_Enable
 .text.generadorOnda_Stop
                0x00001fbc       0x1c .\CortexM3\ARM_GCC_493\Debug\Practica4Parte2.a(generadorOnda.o)
                0x00001fbc                generadorOnda_Stop
 .text.generadorOnda_Wave1Setup
                0x00001fd8       0x40 .\CortexM3\ARM_GCC_493\Debug\Practica4Parte2.a(generadorOnda.o)
                0x00001fd8                generadorOnda_Wave1Setup
 .text.generadorOnda_Wave2Setup
                0x00002018       0x40 .\CortexM3\ARM_GCC_493\Debug\Practica4Parte2.a(generadorOnda.o)
                0x00002018                generadorOnda_Wave2Setup
 .text.generadorOnda_Init
                0x00002058       0x40 .\CortexM3\ARM_GCC_493\Debug\Practica4Parte2.a(generadorOnda.o)
                0x00002058                generadorOnda_Init
 .text.generadorOnda_Start
                0x00002098       0x1c .\CortexM3\ARM_GCC_493\Debug\Practica4Parte2.a(generadorOnda.o)
                0x00002098                generadorOnda_Start
 .text.pantallaLCD_WrCntrlNib
                0x000020b4       0x34 .\CortexM3\ARM_GCC_493\Debug\Practica4Parte2.a(pantallaLCD.o)
 .text.pantallaLCD_WrDatNib
                0x000020e8       0x44 .\CortexM3\ARM_GCC_493\Debug\Practica4Parte2.a(pantallaLCD.o)
 .text.pantallaLCD_IsReady
                0x0000212c       0xe4 .\CortexM3\ARM_GCC_493\Debug\Practica4Parte2.a(pantallaLCD.o)
                0x0000212c                pantallaLCD_IsReady
 .text.pantallaLCD_WriteData
                0x00002210       0x18 .\CortexM3\ARM_GCC_493\Debug\Practica4Parte2.a(pantallaLCD.o)
                0x00002210                pantallaLCD_WriteData
 .text.pantallaLCD_PrintString
                0x00002228       0x1c .\CortexM3\ARM_GCC_493\Debug\Practica4Parte2.a(pantallaLCD.o)
                0x00002228                pantallaLCD_PrintString
 .text.pantallaLCD_WriteControl
                0x00002244       0x18 .\CortexM3\ARM_GCC_493\Debug\Practica4Parte2.a(pantallaLCD.o)
                0x00002244                pantallaLCD_WriteControl
 .text.pantallaLCD_Init
                0x0000225c       0x6c .\CortexM3\ARM_GCC_493\Debug\Practica4Parte2.a(pantallaLCD.o)
                0x0000225c                pantallaLCD_Init
 .text.pantallaLCD_Enable
                0x000022c8       0x14 .\CortexM3\ARM_GCC_493\Debug\Practica4Parte2.a(pantallaLCD.o)
                0x000022c8                pantallaLCD_Enable
 .text.pantallaLCD_Start
                0x000022dc       0x1c .\CortexM3\ARM_GCC_493\Debug\Practica4Parte2.a(pantallaLCD.o)
                0x000022dc                pantallaLCD_Start
 .text.pantallaLCD_Position
                0x000022f8       0x3c .\CortexM3\ARM_GCC_493\Debug\Practica4Parte2.a(pantallaLCD.o)
                0x000022f8                pantallaLCD_Position
 .text.generadorOnda_Wave1_DMA_DmaInitialize
                0x00002334       0x3c .\CortexM3\ARM_GCC_493\Debug\Practica4Parte2.a(generadorOnda_Wave1_DMA_dma.o)
                0x00002334                generadorOnda_Wave1_DMA_DmaInitialize
 .text.generadorOnda_Wave2_DMA_DmaInitialize
                0x00002370       0x3c .\CortexM3\ARM_GCC_493\Debug\Practica4Parte2.a(generadorOnda_Wave2_DMA_dma.o)
                0x00002370                generadorOnda_Wave2_DMA_DmaInitialize
 .text.generadorOnda_VDAC8_Enable
                0x000023ac       0x1c .\CortexM3\ARM_GCC_493\Debug\Practica4Parte2.a(generadorOnda_VDAC8.o)
                0x000023ac                generadorOnda_VDAC8_Enable
 .text.generadorOnda_VDAC8_Stop
                0x000023c8       0x1c .\CortexM3\ARM_GCC_493\Debug\Practica4Parte2.a(generadorOnda_VDAC8.o)
                0x000023c8                generadorOnda_VDAC8_Stop
 .text.generadorOnda_VDAC8_SetSpeed
                0x000023e4       0x1c .\CortexM3\ARM_GCC_493\Debug\Practica4Parte2.a(generadorOnda_VDAC8.o)
                0x000023e4                generadorOnda_VDAC8_SetSpeed
 .text.generadorOnda_VDAC8_SetValue
                0x00002400        0xc .\CortexM3\ARM_GCC_493\Debug\Practica4Parte2.a(generadorOnda_VDAC8.o)
                0x00002400                generadorOnda_VDAC8_SetValue
 .text.generadorOnda_VDAC8_DacTrim
                0x0000240c       0x24 .\CortexM3\ARM_GCC_493\Debug\Practica4Parte2.a(generadorOnda_VDAC8.o)
                0x0000240c                generadorOnda_VDAC8_DacTrim
 .text.generadorOnda_VDAC8_SetRange
                0x00002430       0x20 .\CortexM3\ARM_GCC_493\Debug\Practica4Parte2.a(generadorOnda_VDAC8.o)
                0x00002430                generadorOnda_VDAC8_SetRange
 .text.generadorOnda_VDAC8_Init
                0x00002450       0x2c .\CortexM3\ARM_GCC_493\Debug\Practica4Parte2.a(generadorOnda_VDAC8.o)
                0x00002450                generadorOnda_VDAC8_Init
 *fill*         0x0000247c        0x4 
 .text          0x00002480       0x20 .\CortexM3\ARM_GCC_493\Debug\Practica4Parte2.a(CyBootAsmGnu.o)
                0x00002480                CyDelayCycles
                0x00002490                CyEnterCriticalSection
                0x00002498                CyExitCriticalSection
 .text.USBUART_DispatchClassRqst
                0x000024a0       0x58 .\CortexM3\ARM_GCC_493\Debug\Practica4Parte2.a(USBUART_cls.o)
                0x000024a0                USBUART_DispatchClassRqst
 .text.sin      0x000024f8       0x94 c:/program files (x86)/cypress/psoc creator/4.0/psoc creator/import/gnu/arm/4.9.3/bin/../lib/gcc/arm-none-eabi/4.9.3/../../../../arm-none-eabi/lib/armv7-m\libm.a(lib_a-s_sin.o)
                0x000024f8                sin
 *fill*         0x0000258c        0x4 
 .text.__ieee754_rem_pio2
                0x00002590      0x428 c:/program files (x86)/cypress/psoc creator/4.0/psoc creator/import/gnu/arm/4.9.3/bin/../lib/gcc/arm-none-eabi/4.9.3/../../../../arm-none-eabi/lib/armv7-m\libm.a(lib_a-e_rem_pio2.o)
                0x00002590                __ieee754_rem_pio2
 .text.__kernel_cos
                0x000029b8      0x248 c:/program files (x86)/cypress/psoc creator/4.0/psoc creator/import/gnu/arm/4.9.3/bin/../lib/gcc/arm-none-eabi/4.9.3/../../../../arm-none-eabi/lib/armv7-m\libm.a(lib_a-k_cos.o)
                0x000029b8                __kernel_cos
 .text.__kernel_rem_pio2
                0x00002c00      0x808 c:/program files (x86)/cypress/psoc creator/4.0/psoc creator/import/gnu/arm/4.9.3/bin/../lib/gcc/arm-none-eabi/4.9.3/../../../../arm-none-eabi/lib/armv7-m\libm.a(lib_a-k_rem_pio2.o)
                0x00002c00                __kernel_rem_pio2
 .text.__kernel_sin
                0x00003408      0x170 c:/program files (x86)/cypress/psoc creator/4.0/psoc creator/import/gnu/arm/4.9.3/bin/../lib/gcc/arm-none-eabi/4.9.3/../../../../arm-none-eabi/lib/armv7-m\libm.a(lib_a-k_sin.o)
                0x00003408                __kernel_sin
 .text.fabs     0x00003578        0x8 c:/program files (x86)/cypress/psoc creator/4.0/psoc creator/import/gnu/arm/4.9.3/bin/../lib/gcc/arm-none-eabi/4.9.3/../../../../arm-none-eabi/lib/armv7-m\libm.a(lib_a-s_fabs.o)
                0x00003578                fabs
 .text.floor    0x00003580      0x118 c:/program files (x86)/cypress/psoc creator/4.0/psoc creator/import/gnu/arm/4.9.3/bin/../lib/gcc/arm-none-eabi/4.9.3/../../../../arm-none-eabi/lib/armv7-m\libm.a(lib_a-s_floor.o)
                0x00003580                floor
 .text.scalbn   0x00003698       0xf0 c:/program files (x86)/cypress/psoc creator/4.0/psoc creator/import/gnu/arm/4.9.3/bin/../lib/gcc/arm-none-eabi/4.9.3/../../../../arm-none-eabi/lib/armv7-m\libm.a(lib_a-s_scalbn.o)
                0x00003698                scalbn
 .text.copysign
                0x00003788       0x10 c:/program files (x86)/cypress/psoc creator/4.0/psoc creator/import/gnu/arm/4.9.3/bin/../lib/gcc/arm-none-eabi/4.9.3/../../../../arm-none-eabi/lib/armv7-m\libm.a(lib_a-s_copysign.o)
                0x00003788                copysign
 .text          0x00003798      0x370 c:/program files (x86)/cypress/psoc creator/4.0/psoc creator/import/gnu/arm/4.9.3/bin/../lib/gcc/arm-none-eabi/4.9.3/armv7-m\libgcc.a(_arm_addsubdf3.o)
                0x00003798                __aeabi_drsub
                0x000037a0                __aeabi_dsub
                0x000037a0                __subdf3
                0x000037a4                __aeabi_dadd
                0x000037a4                __adddf3
                0x00003a1c                __floatunsidf
                0x00003a1c                __aeabi_ui2d
                0x00003a3c                __floatsidf
                0x00003a3c                __aeabi_i2d
                0x00003a60                __aeabi_f2d
                0x00003a60                __extendsfdf2
                0x00003a9c                __floatundidf
                0x00003a9c                __aeabi_ul2d
                0x00003aac                __floatdidf
                0x00003aac                __aeabi_l2d
 .text          0x00003b08      0x424 c:/program files (x86)/cypress/psoc creator/4.0/psoc creator/import/gnu/arm/4.9.3/bin/../lib/gcc/arm-none-eabi/4.9.3/armv7-m\libgcc.a(_arm_muldivdf3.o)
                0x00003b08                __aeabi_dmul
                0x00003b08                __muldf3
                0x00003d5c                __divdf3
                0x00003d5c                __aeabi_ddiv
 .text          0x00003f2c      0x110 c:/program files (x86)/cypress/psoc creator/4.0/psoc creator/import/gnu/arm/4.9.3/bin/../lib/gcc/arm-none-eabi/4.9.3/armv7-m\libgcc.a(_arm_cmpdf2.o)
                0x00003f2c                __gtdf2
                0x00003f2c                __gedf2
                0x00003f34                __ltdf2
                0x00003f34                __ledf2
                0x00003f3c                __nedf2
                0x00003f3c                __eqdf2
                0x00003f3c                __cmpdf2
                0x00003fb8                __aeabi_cdrcmple
                0x00003fc8                __aeabi_cdcmpeq
                0x00003fc8                __aeabi_cdcmple
                0x00003fd8                __aeabi_dcmpeq
                0x00003fec                __aeabi_dcmplt
                0x00004000                __aeabi_dcmple
                0x00004014                __aeabi_dcmpge
                0x00004028                __aeabi_dcmpgt
 .text          0x0000403c       0x50 c:/program files (x86)/cypress/psoc creator/4.0/psoc creator/import/gnu/arm/4.9.3/bin/../lib/gcc/arm-none-eabi/4.9.3/armv7-m\libgcc.a(_arm_fixdfsi.o)
                0x0000403c                __aeabi_d2iz
                0x0000403c                __fixdfsi
 .text          0x0000408c       0x40 c:/program files (x86)/cypress/psoc creator/4.0/psoc creator/import/gnu/arm/4.9.3/bin/../lib/gcc/arm-none-eabi/4.9.3/armv7-m\libgcc.a(_arm_fixunsdfsi.o)
                0x0000408c                __aeabi_d2uiz
                0x0000408c                __fixunsdfsi
 .text          0x000040cc      0x21c c:/program files (x86)/cypress/psoc creator/4.0/psoc creator/import/gnu/arm/4.9.3/bin/../lib/gcc/arm-none-eabi/4.9.3/armv7-m\libgcc.a(_arm_addsubsf3.o)
                0x000040cc                __aeabi_frsub
                0x000040d4                __subsf3
                0x000040d4                __aeabi_fsub
                0x000040d8                __aeabi_fadd
                0x000040d8                __addsf3
                0x00004238                __aeabi_ui2f
                0x00004238                __floatunsisf
                0x00004240                __aeabi_i2f
                0x00004240                __floatsisf
                0x0000425c                __aeabi_ul2f
                0x0000425c                __floatundisf
                0x0000426c                __aeabi_l2f
                0x0000426c                __floatdisf
 .text          0x000042e8      0x2a0 c:/program files (x86)/cypress/psoc creator/4.0/psoc creator/import/gnu/arm/4.9.3/bin/../lib/gcc/arm-none-eabi/4.9.3/armv7-m\libgcc.a(_arm_muldivsf3.o)
                0x000042e8                __mulsf3
                0x000042e8                __aeabi_fmul
                0x00004450                __aeabi_fdiv
                0x00004450                __divsf3
 .text          0x00004588       0x40 c:/program files (x86)/cypress/psoc creator/4.0/psoc creator/import/gnu/arm/4.9.3/bin/../lib/gcc/arm-none-eabi/4.9.3/armv7-m\libgcc.a(_arm_fixunssfsi.o)
                0x00004588                __fixunssfsi
                0x00004588                __aeabi_f2uiz
 .text.__errno  0x000045c8        0xc c:/program files (x86)/cypress/psoc creator/4.0/psoc creator/import/gnu/arm/4.9.3/bin/../lib/gcc/arm-none-eabi/4.9.3/../../../../arm-none-eabi/lib/armv7-m\libg_nano.a(lib_a-errno.o)
                0x000045c8                __errno
 .text.__libc_init_array
                0x000045d4       0x4c c:/program files (x86)/cypress/psoc creator/4.0/psoc creator/import/gnu/arm/4.9.3/bin/../lib/gcc/arm-none-eabi/4.9.3/../../../../arm-none-eabi/lib/armv7-m\libg_nano.a(lib_a-init.o)
                0x000045d4                __libc_init_array
 .text.memcpy   0x00004620       0x16 c:/program files (x86)/cypress/psoc creator/4.0/psoc creator/import/gnu/arm/4.9.3/bin/../lib/gcc/arm-none-eabi/4.9.3/../../../../arm-none-eabi/lib/armv7-m\libg_nano.a(lib_a-memcpy.o)
                0x00004620                memcpy
 .text.memset   0x00004636       0x10 c:/program files (x86)/cypress/psoc creator/4.0/psoc creator/import/gnu/arm/4.9.3/bin/../lib/gcc/arm-none-eabi/4.9.3/../../../../arm-none-eabi/lib/armv7-m\libg_nano.a(lib_a-memset.o)
                0x00004636                memset
 *(.plt)
 *(.gnu.warning)
 *(.glue_7t)
 .glue_7t       0x00000000        0x0 linker stubs
 *(.glue_7)
 .glue_7        0x00000000        0x0 linker stubs
 *(.vfp11_veneer)
 .vfp11_veneer  0x00000000        0x0 linker stubs
 *(.bootloader)
 *(.ARM.extab* .gnu.linkonce.armextab.*)
 *(.gcc_except_table)

.v4_bx          0x00004648        0x0
 .v4_bx         0x00000000        0x0 linker stubs

.iplt           0x00004648        0x0
 .iplt          0x00000000        0x0 c:/program files (x86)/cypress/psoc creator/4.0/psoc creator/import/gnu/arm/4.9.3/bin/../lib/gcc/arm-none-eabi/4.9.3/armv7-m/crtbegin.o

.eh_frame_hdr
 *(.eh_frame_hdr)

.eh_frame       0x00004648        0x4
 *(.eh_frame)
 .eh_frame      0x00004648        0x0 c:/program files (x86)/cypress/psoc creator/4.0/psoc creator/import/gnu/arm/4.9.3/bin/../lib/gcc/arm-none-eabi/4.9.3/armv7-m/crtbegin.o
 .eh_frame      0x00004648        0x4 c:/program files (x86)/cypress/psoc creator/4.0/psoc creator/import/gnu/arm/4.9.3/bin/../lib/gcc/arm-none-eabi/4.9.3/armv7-m/crtend.o
                0x0000464c                PROVIDE (__exidx_start, .)

.ARM.exidx
 *(.ARM.exidx* .gnu.linkonce.armexidx.*)
                0x0000464c                __exidx_end = .

.rodata         0x00004650     0x14d8
 *(.rodata .rodata.* .gnu.linkonce.r.*)
 .rodata.str1.4
                0x00004650      0x11c .\CortexM3\ARM_GCC_493\Debug\main.o
 .rodata        0x0000476c       0x30 .\CortexM3\ARM_GCC_493\Debug\Practica4Parte2.a(cyfitter_cfg.o)
 .rodata.str1.4
                0x0000479c       0x14 .\CortexM3\ARM_GCC_493\Debug\Practica4Parte2.a(USBUART_std.o)
 .rodata        0x000047b0     0x1004 .\CortexM3\ARM_GCC_493\Debug\Practica4Parte2.a(generadorOnda.o)
                0x000047b0                generadorOnda_wave1
                0x00005750                generadorOnda_wave2
 .rodata        0x000057b4      0x160 .\CortexM3\ARM_GCC_493\Debug\Practica4Parte2.a(USBUART_descr.o)
                0x000057b4                USBUART_TABLE
                0x000057bc                USBUART_DEVICE0_TABLE
                0x000057d4                USBUART_DEVICE0_CONFIGURATION0_TABLE
                0x000057fc                USBUART_DEVICE0_CONFIGURATION0_INTERFACE_CLASS
                0x00005800                USBUART_DEVICE0_CONFIGURATION0_EP_SETTINGS_TABLE
                0x00005818                USBUART_SN_STRING_DESCRIPTOR
                0x0000581c                USBUART_STRING_DESCRIPTORS
                0x000058bc                USBUART_DEVICE0_CONFIGURATION0_DESCR
                0x00005900                USBUART_DEVICE0_DESCR
 .rodata.npio2_hw
                0x00005914       0x80 c:/program files (x86)/cypress/psoc creator/4.0/psoc creator/import/gnu/arm/4.9.3/bin/../lib/gcc/arm-none-eabi/4.9.3/../../../../arm-none-eabi/lib/armv7-m\libm.a(lib_a-e_rem_pio2.o)
 .rodata.two_over_pi
                0x00005994      0x108 c:/program files (x86)/cypress/psoc creator/4.0/psoc creator/import/gnu/arm/4.9.3/bin/../lib/gcc/arm-none-eabi/4.9.3/../../../../arm-none-eabi/lib/armv7-m\libm.a(lib_a-e_rem_pio2.o)
 .rodata.init_jk
                0x00005a9c       0x10 c:/program files (x86)/cypress/psoc creator/4.0/psoc creator/import/gnu/arm/4.9.3/bin/../lib/gcc/arm-none-eabi/4.9.3/../../../../arm-none-eabi/lib/armv7-m\libm.a(lib_a-k_rem_pio2.o)
 *fill*         0x00005aac        0x4 
 .rodata.PIo2   0x00005ab0       0x40 c:/program files (x86)/cypress/psoc creator/4.0/psoc creator/import/gnu/arm/4.9.3/bin/../lib/gcc/arm-none-eabi/4.9.3/../../../../arm-none-eabi/lib/armv7-m\libm.a(lib_a-k_rem_pio2.o)
 .rodata.str1.1
                0x00005af0        0x2 c:/program files (x86)/cypress/psoc creator/4.0/psoc creator/import/gnu/arm/4.9.3/bin/../lib/gcc/arm-none-eabi/4.9.3/../../../../arm-none-eabi/lib/armv7-m\libg_nano.a(lib_a-impure.o)
                0x00005af4                . = ALIGN (0x4)
 *fill*         0x00005af2        0x2 
 *(.init)
 .init          0x00005af4        0x4 c:/program files (x86)/cypress/psoc creator/4.0/psoc creator/import/gnu/arm/4.9.3/bin/../lib/gcc/arm-none-eabi/4.9.3/armv7-m/crti.o
                0x00005af4                _init
 .init          0x00005af8        0x8 c:/program files (x86)/cypress/psoc creator/4.0/psoc creator/import/gnu/arm/4.9.3/bin/../lib/gcc/arm-none-eabi/4.9.3/armv7-m/crtn.o
                0x00005b00                . = ALIGN (0x4)
                0x00005b00                __preinit_array_start = .
 *(.preinit_array)
                0x00005b00                __preinit_array_end = .
                0x00005b00                . = ALIGN (0x4)
                0x00005b00                __init_array_start = .
 *(SORT(.init_array.*))
 *(.init_array)
 .init_array    0x00005b00        0x4 c:/program files (x86)/cypress/psoc creator/4.0/psoc creator/import/gnu/arm/4.9.3/bin/../lib/gcc/arm-none-eabi/4.9.3/armv7-m/crtbegin.o
 .init_array    0x00005b04        0x4 .\CortexM3\ARM_GCC_493\Debug\Cm3Start.o
                0x00005b08                __init_array_end = .
                0x00005b08                . = ALIGN (0x4)
 *(.fini)
 .fini          0x00005b08        0x4 c:/program files (x86)/cypress/psoc creator/4.0/psoc creator/import/gnu/arm/4.9.3/bin/../lib/gcc/arm-none-eabi/4.9.3/armv7-m/crti.o
                0x00005b08                _fini
 .fini          0x00005b0c        0x8 c:/program files (x86)/cypress/psoc creator/4.0/psoc creator/import/gnu/arm/4.9.3/bin/../lib/gcc/arm-none-eabi/4.9.3/armv7-m/crtn.o
                0x00005b14                . = ALIGN (0x4)
                0x00005b14                __fini_array_start = .
 *(.fini_array)
 .fini_array    0x00005b14        0x4 c:/program files (x86)/cypress/psoc creator/4.0/psoc creator/import/gnu/arm/4.9.3/bin/../lib/gcc/arm-none-eabi/4.9.3/armv7-m/crtbegin.o
 *(SORT(.fini_array.*))
                0x00005b18                __fini_array_end = .
                0x00005b18                . = ALIGN (0x4)
 *crtbegin.o(.ctors)
 *(EXCLUDE_FILE(*crtend.o) .ctors)
 *(SORT(.ctors.*))
 *crtend.o(.ctors)
                0x00005b18                . = ALIGN (0x4)
 *crtbegin.o(.dtors)
 *(EXCLUDE_FILE(*crtend.o) .dtors)
 *(SORT(.dtors.*))
 *crtend.o(.dtors)
                0x00005b18                . = ALIGN (0x4)
                0x00005b18                __cy_regions = .
                0x00005b18        0x4 LONG 0x5b28 __cy_region_init_ram
                0x00005b1c        0x4 LONG 0x1fff8108 __cy_region_start_data
                0x00005b20        0x4 LONG 0xa8 __cy_region_init_size_ram
                0x00005b24        0x4 LONG 0x10b0 __cy_region_zero_size_ram
                0x00005b28                __cy_regions_end = .
                0x00005b28                . = ALIGN (0x8)
                0x00005b28                _etext = .

.cy_checksum_exclude
                0x00005b28        0x0
 *(.cy_checksum_exclude)

.ramvectors     0x1fff8000      0x100
                0x1fff8000                __cy_region_start_ram = .
 *(.ramvectors)
 .ramvectors    0x1fff8000      0x100 .\CortexM3\ARM_GCC_493\Debug\Cm3Start.o
                0x1fff8000                CyRamVectors

.noinit         0x1fff8100        0x5
 *(.noinit)
 .noinit        0x1fff8100        0x4 .\CortexM3\ARM_GCC_493\Debug\Cm3Start.o
 .noinit        0x1fff8104        0x1 .\CortexM3\ARM_GCC_493\Debug\Practica4Parte2.a(CyLib.o)
                0x1fff8104                CyResetStatus

.data           0x1fff8108       0xa8 load address 0x00005b28
                0x1fff8108                __cy_region_start_data = .
 *(.jcr)
 .jcr           0x1fff8108        0x0 c:/program files (x86)/cypress/psoc creator/4.0/psoc creator/import/gnu/arm/4.9.3/bin/../lib/gcc/arm-none-eabi/4.9.3/armv7-m/crtbegin.o
 .jcr           0x1fff8108        0x4 c:/program files (x86)/cypress/psoc creator/4.0/psoc creator/import/gnu/arm/4.9.3/bin/../lib/gcc/arm-none-eabi/4.9.3/armv7-m/crtend.o
 *(.got.plt)
 *(.got)
 *(.shdata)
 *(.data .data.* .gnu.linkonce.d.*)
 .data          0x1fff810c        0x8 .\CortexM3\ARM_GCC_493\Debug\main.o
                0x1fff810c                amp
                0x1fff8110                incrementarFase
 .data          0x1fff8114       0x1c .\CortexM3\ARM_GCC_493\Debug\Practica4Parte2.a(USBUART_cdc.o)
                0x1fff8114                USBUART_linesCoding
 .data          0x1fff8130        0x8 .\CortexM3\ARM_GCC_493\Debug\Practica4Parte2.a(CyDmac.o)
 .data          0x1fff8138       0x10 .\CortexM3\ARM_GCC_493\Debug\Practica4Parte2.a(CyLib.o)
                0x1fff8138                cydelay_32k_ms
                0x1fff813c                cydelay_freq_khz
                0x1fff8140                cydelay_freq_mhz
                0x1fff8144                cydelay_freq_hz
 .data          0x1fff8148        0x1 .\CortexM3\ARM_GCC_493\Debug\Practica4Parte2.a(generadorOnda_Wave1_DMA_dma.o)
                0x1fff8148                generadorOnda_Wave1_DMA_DmaHandle
 .data          0x1fff8149        0x1 .\CortexM3\ARM_GCC_493\Debug\Practica4Parte2.a(generadorOnda_Wave2_DMA_dma.o)
                0x1fff8149                generadorOnda_Wave2_DMA_DmaHandle
 *fill*         0x1fff814a        0x2 
 .data.impure_data
                0x1fff814c       0x60 c:/program files (x86)/cypress/psoc creator/4.0/psoc creator/import/gnu/arm/4.9.3/bin/../lib/gcc/arm-none-eabi/4.9.3/../../../../arm-none-eabi/lib/armv7-m\libg_nano.a(lib_a-impure.o)
 .data._impure_ptr
                0x1fff81ac        0x4 c:/program files (x86)/cypress/psoc creator/4.0/psoc creator/import/gnu/arm/4.9.3/bin/../lib/gcc/arm-none-eabi/4.9.3/../../../../arm-none-eabi/lib/armv7-m\libg_nano.a(lib_a-impure.o)
                0x1fff81ac                _impure_ptr
                0x1fff81b0                . = ALIGN (0x8)
 *(.ram)
                0x1fff81b0                _edata = .

.igot.plt       0x1fff81b0        0x0 load address 0x00005bd0
 .igot.plt      0x00000000        0x0 c:/program files (x86)/cypress/psoc creator/4.0/psoc creator/import/gnu/arm/4.9.3/bin/../lib/gcc/arm-none-eabi/4.9.3/armv7-m/crtbegin.o

.bss            0x1fff81b0     0x10b0 load address 0x00005bd0
                0x1fff81b0                PROVIDE (__bss_start__, .)
 *(.shbss)
 *(.bss .bss.* .gnu.linkonce.b.*)
 .bss           0x1fff81b0       0x1c c:/program files (x86)/cypress/psoc creator/4.0/psoc creator/import/gnu/arm/4.9.3/bin/../lib/gcc/arm-none-eabi/4.9.3/armv7-m/crtbegin.o
 .bss           0x1fff81cc        0x6 .\CortexM3\ARM_GCC_493\Debug\main.o
                0x1fff81cc                type
                0x1fff81ce                i
                0x1fff81d0                j
 .bss           0x1fff81d2        0x1 .\CortexM3\ARM_GCC_493\Debug\Practica4Parte2.a(USBUART.o)
                0x1fff81d2                USBUART_initVar
 .bss           0x1fff81d3        0x1 .\CortexM3\ARM_GCC_493\Debug\Practica4Parte2.a(USBUART_cdc.o)
 .bss           0x1fff81d4        0x4 .\CortexM3\ARM_GCC_493\Debug\Practica4Parte2.a(USBUART_std.o)
 .bss           0x1fff81d8        0x5 .\CortexM3\ARM_GCC_493\Debug\Practica4Parte2.a(generadorOnda.o)
                0x1fff81dc                generadorOnda_initVar
 .bss           0x1fff81dd        0x2 .\CortexM3\ARM_GCC_493\Debug\Practica4Parte2.a(pantallaLCD.o)
                0x1fff81dd                pantallaLCD_enableState
                0x1fff81de                pantallaLCD_initVar
 *(COMMON)
 *fill*         0x1fff81df        0x1 
 COMMON         0x1fff81e0      0xfa4 .\CortexM3\ARM_GCC_493\Debug\main.o
                0x1fff81e0                op
                0x1fff81e4                signal
 COMMON         0x1fff9184       0x18 .\CortexM3\ARM_GCC_493\Debug\Practica4Parte2.a(USBUART_cdc.o)
                0x1fff9184                USBUART_linesChanged
                0x1fff9188                USBUART_cdcDataInEp
                0x1fff918c                USBUART_cdcCommInInterruptEp
                0x1fff9190                USBUART_cdcDataOutEp
                0x1fff9194                USBUART_serialStateBitmap
                0x1fff9198                USBUART_linesControlBitmap
 COMMON         0x1fff919c       0x9a .\CortexM3\ARM_GCC_493\Debug\Practica4Parte2.a(USBUART_drv.o)
                0x1fff919c                USBUART_lastPacketSize
                0x1fff919d                USBUART_device
                0x1fff919e                USBUART_transferByteCount
                0x1fff91a0                USBUART_transferState
                0x1fff91a4                USBUART_interfaceSettingLast
                0x1fff91a8                USBUART_currentTD
                0x1fff91b4                USBUART_interfaceNumber
                0x1fff91b8                USBUART_interfaceClass
                0x1fff91bc                USBUART_configurationChanged
                0x1fff91bd                USBUART_ep0Mode
                0x1fff91be                USBUART_deviceAddress
                0x1fff91bf                USBUART_configuration
                0x1fff91c0                USBUART_ep0Count
                0x1fff91c1                USBUART_deviceStatus
                0x1fff91c4                USBUART_EP
                0x1fff9230                USBUART_interfaceSetting
                0x1fff9232                USBUART_ep0Toggle
                0x1fff9234                USBUART_interfaceStatus
 *fill*         0x1fff9236        0x2 
 COMMON         0x1fff9238       0x22 .\CortexM3\ARM_GCC_493\Debug\Practica4Parte2.a(USBUART_descr.o)
                0x1fff9238                USBUART_idSerialNumberStringDescriptor
                0x1fff9260                . = ALIGN (0x8)
 *fill*         0x1fff925a        0x6 
 *(.ram.b)
                0x1fff9260                _end = .
                0x1fff9260                __end = .
                0x1fff9260                PROVIDE (end, .)
                0x1fff9260                PROVIDE (__bss_end__, .)
                0x00005b28                __cy_region_init_ram = LOADADDR (.data)
                0x000000a8                __cy_region_init_size_ram = (_edata - ADDR (.data))
                0x000010b0                __cy_region_zero_size_ram = (_end - _edata)

.heap           0x1fff9260       0x80 load address 0x00005bd0
                0x1fff9260                . = _end
                0x1fff92e0                . = (. + 0x80)
 *fill*         0x1fff9260       0x80 
                0x1fff92e0                __cy_heap_limit = .

.stack          0x20007800      0x800
                0x20007800                __cy_stack_limit = .
                0x20008000                . = (. + 0x800)
 *fill*         0x20007800      0x800 
                0x00000001                ASSERT ((__cy_stack_limit >= __cy_heap_limit), region RAM overflowed with stack)
                0x00000000                cy_checksum_exclude_size = (CY_APPL_LOADABLE == 0x1)?SIZEOF (.cy_checksum_exclude):0x0
                0x00000001                ASSERT ((cy_checksum_exclude_size <= CY_CHECKSUM_EXCLUDE_SIZE), CY_BOOT: Section .cy_checksum_exclude size exceedes specified limit.)

.cyloadermeta
 *(.cyloadermeta)

.cyloadablemeta
 *(.cyloadablemeta)

.cyconfigecc    0x80000000       0xc4
 *(.cyconfigecc)
 .cyconfigecc   0x80000000       0xc4 .\CortexM3\ARM_GCC_493\Debug\cymetadata.o
                0x80000000                cy_meta_configecc

.cycustnvl      0x90000000        0x4
 *(.cycustnvl)
 .cycustnvl     0x90000000        0x4 .\CortexM3\ARM_GCC_493\Debug\cymetadata.o
                0x90000000                cy_meta_custnvl

.cywolatch      0x90100000        0x4
 *(.cywolatch)
 .cywolatch     0x90100000        0x4 .\CortexM3\ARM_GCC_493\Debug\cymetadata.o
                0x90100000                cy_meta_wonvl

.cyeeprom       0x90200000        0x0
 *(.cyeeprom)
                0x00000001                ASSERT ((. <= ((0x90200000 + ee_offset) + ee_size)), .cyeeprom data will not fit in EEPROM)

.cyflashprotect
                0x90400000      0x100
 *(.cyflashprotect)
 .cyflashprotect
                0x90400000      0x100 .\CortexM3\ARM_GCC_493\Debug\cymetadata.o
                0x90400000                cy_meta_flashprotect

.cymeta         0x90500000        0xc
 *(.cymeta)
 .cymeta        0x90500000        0xc .\CortexM3\ARM_GCC_493\Debug\cymetadata.o
                0x90500000                cy_metadata

.rel.dyn        0x00005bd0        0x0 load address 0x9050000c
 .rel.iplt      0x00000000        0x0 c:/program files (x86)/cypress/psoc creator/4.0/psoc creator/import/gnu/arm/4.9.3/bin/../lib/gcc/arm-none-eabi/4.9.3/armv7-m/crtbegin.o

.stab
 *(.stab)

.stabstr
 *(.stabstr)

.debug
 *(.debug)

.line
 *(.line)

.debug_srcinfo
 *(.debug_srcinfo)

.debug_sfnames
 *(.debug_sfnames)

.debug_aranges  0x00000000      0xbe8
 *(.debug_aranges)
 .debug_aranges
                0x00000000       0x20 .\CortexM3\ARM_GCC_493\Debug\main.o
 .debug_aranges
                0x00000020       0x18 .\CortexM3\ARM_GCC_493\Debug\cymetadata.o
 .debug_aranges
                0x00000038       0x48 .\CortexM3\ARM_GCC_493\Debug\Cm3Start.o
 .debug_aranges
                0x00000080       0x58 .\CortexM3\ARM_GCC_493\Debug\Practica4Parte2.a(cyfitter_cfg.o)
 .debug_aranges
                0x000000d8       0x70 .\CortexM3\ARM_GCC_493\Debug\Practica4Parte2.a(Clock_1.o)
 .debug_aranges
                0x00000148       0xc8 .\CortexM3\ARM_GCC_493\Debug\Practica4Parte2.a(USBUART.o)
 .debug_aranges
                0x00000210       0xe8 .\CortexM3\ARM_GCC_493\Debug\Practica4Parte2.a(USBUART_cdc.o)
 .debug_aranges
                0x000002f8       0x98 .\CortexM3\ARM_GCC_493\Debug\Practica4Parte2.a(USBUART_drv.o)
 .debug_aranges
                0x00000390       0x40 .\CortexM3\ARM_GCC_493\Debug\Practica4Parte2.a(USBUART_episr.o)
 .debug_aranges
                0x000003d0       0x40 .\CortexM3\ARM_GCC_493\Debug\Practica4Parte2.a(USBUART_pm.o)
 .debug_aranges
                0x00000410       0x80 .\CortexM3\ARM_GCC_493\Debug\Practica4Parte2.a(USBUART_std.o)
 .debug_aranges
                0x00000490       0x20 .\CortexM3\ARM_GCC_493\Debug\Practica4Parte2.a(USBUART_vnd.o)
 .debug_aranges
                0x000004b0       0x48 .\CortexM3\ARM_GCC_493\Debug\Practica4Parte2.a(USBUART_Dp.o)
 .debug_aranges
                0x000004f8       0xd8 .\CortexM3\ARM_GCC_493\Debug\Practica4Parte2.a(CyDmac.o)
 .debug_aranges
                0x000005d0      0x2a0 .\CortexM3\ARM_GCC_493\Debug\Practica4Parte2.a(CyLib.o)
 .debug_aranges
                0x00000870       0x98 .\CortexM3\ARM_GCC_493\Debug\Practica4Parte2.a(cyPm.o)
 .debug_aranges
                0x00000908       0x50 .\CortexM3\ARM_GCC_493\Debug\Practica4Parte2.a(generadorOnda.o)
 .debug_aranges
                0x00000958       0x98 .\CortexM3\ARM_GCC_493\Debug\Practica4Parte2.a(pantallaLCD.o)
 .debug_aranges
                0x000009f0       0x28 .\CortexM3\ARM_GCC_493\Debug\Practica4Parte2.a(generadorOnda_Wave1_DMA_dma.o)
 .debug_aranges
                0x00000a18       0x28 .\CortexM3\ARM_GCC_493\Debug\Practica4Parte2.a(generadorOnda_Wave2_DMA_dma.o)
 .debug_aranges
                0x00000a40       0x58 .\CortexM3\ARM_GCC_493\Debug\Practica4Parte2.a(generadorOnda_VDAC8.o)
 .debug_aranges
                0x00000a98       0x20 .\CortexM3\ARM_GCC_493\Debug\Practica4Parte2.a(CyBootAsmGnu.o)
 .debug_aranges
                0x00000ab8       0x20 .\CortexM3\ARM_GCC_493\Debug\Practica4Parte2.a(USBUART_cls.o)
 .debug_aranges
                0x00000ad8       0x18 .\CortexM3\ARM_GCC_493\Debug\Practica4Parte2.a(USBUART_descr.o)
 .debug_aranges
                0x00000af0       0x80 .\CortexM3\ARM_GCC_493\Debug\Practica4Parte2.a(CyFlash.o)
 .debug_aranges
                0x00000b70       0x78 .\CortexM3\ARM_GCC_493\Debug\Practica4Parte2.a(CySpc.o)

.debug_pubnames
 *(.debug_pubnames)

.debug_info     0x00000000     0x896f
 *(.debug_info .gnu.linkonce.wi.*)
 .debug_info    0x00000000      0x5af .\CortexM3\ARM_GCC_493\Debug\main.o
 .debug_info    0x000005af      0x13a .\CortexM3\ARM_GCC_493\Debug\cymetadata.o
 .debug_info    0x000006e9      0x3c3 .\CortexM3\ARM_GCC_493\Debug\Cm3Start.o
 .debug_info    0x00000aac      0x50b .\CortexM3\ARM_GCC_493\Debug\Practica4Parte2.a(cyfitter_cfg.o)
 .debug_info    0x00000fb7      0x283 .\CortexM3\ARM_GCC_493\Debug\Practica4Parte2.a(Clock_1.o)
 .debug_info    0x0000123a      0x9b0 .\CortexM3\ARM_GCC_493\Debug\Practica4Parte2.a(USBUART.o)
 .debug_info    0x00001bea      0xb16 .\CortexM3\ARM_GCC_493\Debug\Practica4Parte2.a(USBUART_cdc.o)
 .debug_info    0x00002700      0x649 .\CortexM3\ARM_GCC_493\Debug\Practica4Parte2.a(USBUART_drv.o)
 .debug_info    0x00002d49      0x244 .\CortexM3\ARM_GCC_493\Debug\Practica4Parte2.a(USBUART_episr.o)
 .debug_info    0x00002f8d      0x2ef .\CortexM3\ARM_GCC_493\Debug\Practica4Parte2.a(USBUART_pm.o)
 .debug_info    0x0000327c      0xb35 .\CortexM3\ARM_GCC_493\Debug\Practica4Parte2.a(USBUART_std.o)
 .debug_info    0x00003db1       0xe6 .\CortexM3\ARM_GCC_493\Debug\Practica4Parte2.a(USBUART_vnd.o)
 .debug_info    0x00003e97      0x174 .\CortexM3\ARM_GCC_493\Debug\Practica4Parte2.a(USBUART_Dp.o)
 .debug_info    0x0000400b      0x944 .\CortexM3\ARM_GCC_493\Debug\Practica4Parte2.a(CyDmac.o)
 .debug_info    0x0000494f     0x1385 .\CortexM3\ARM_GCC_493\Debug\Practica4Parte2.a(CyLib.o)
 .debug_info    0x00005cd4      0xa57 .\CortexM3\ARM_GCC_493\Debug\Practica4Parte2.a(cyPm.o)
 .debug_info    0x0000672b      0x57f .\CortexM3\ARM_GCC_493\Debug\Practica4Parte2.a(generadorOnda.o)
 .debug_info    0x00006caa      0x716 .\CortexM3\ARM_GCC_493\Debug\Practica4Parte2.a(pantallaLCD.o)
 .debug_info    0x000073c0      0x1fd .\CortexM3\ARM_GCC_493\Debug\Practica4Parte2.a(generadorOnda_Wave1_DMA_dma.o)
 .debug_info    0x000075bd      0x1fd .\CortexM3\ARM_GCC_493\Debug\Practica4Parte2.a(generadorOnda_Wave2_DMA_dma.o)
 .debug_info    0x000077ba      0x1de .\CortexM3\ARM_GCC_493\Debug\Practica4Parte2.a(generadorOnda_VDAC8.o)
 .debug_info    0x00007998       0x86 .\CortexM3\ARM_GCC_493\Debug\Practica4Parte2.a(CyBootAsmGnu.o)
 .debug_info    0x00007a1e      0x1d2 .\CortexM3\ARM_GCC_493\Debug\Practica4Parte2.a(USBUART_cls.o)
 .debug_info    0x00007bf0      0x28d .\CortexM3\ARM_GCC_493\Debug\Practica4Parte2.a(USBUART_descr.o)
 .debug_info    0x00007e7d      0x608 .\CortexM3\ARM_GCC_493\Debug\Practica4Parte2.a(CyFlash.o)
 .debug_info    0x00008485      0x4ea .\CortexM3\ARM_GCC_493\Debug\Practica4Parte2.a(CySpc.o)

.debug_abbrev   0x00000000     0x2481
 *(.debug_abbrev)
 .debug_abbrev  0x00000000      0x178 .\CortexM3\ARM_GCC_493\Debug\main.o
 .debug_abbrev  0x00000178       0x5d .\CortexM3\ARM_GCC_493\Debug\cymetadata.o
 .debug_abbrev  0x000001d5      0x1f7 .\CortexM3\ARM_GCC_493\Debug\Cm3Start.o
 .debug_abbrev  0x000003cc      0x203 .\CortexM3\ARM_GCC_493\Debug\Practica4Parte2.a(cyfitter_cfg.o)
 .debug_abbrev  0x000005cf      0x139 .\CortexM3\ARM_GCC_493\Debug\Practica4Parte2.a(Clock_1.o)
 .debug_abbrev  0x00000708      0x25e .\CortexM3\ARM_GCC_493\Debug\Practica4Parte2.a(USBUART.o)
 .debug_abbrev  0x00000966      0x28b .\CortexM3\ARM_GCC_493\Debug\Practica4Parte2.a(USBUART_cdc.o)
 .debug_abbrev  0x00000bf1      0x18b .\CortexM3\ARM_GCC_493\Debug\Practica4Parte2.a(USBUART_drv.o)
 .debug_abbrev  0x00000d7c      0x11b .\CortexM3\ARM_GCC_493\Debug\Practica4Parte2.a(USBUART_episr.o)
 .debug_abbrev  0x00000e97      0x146 .\CortexM3\ARM_GCC_493\Debug\Practica4Parte2.a(USBUART_pm.o)
 .debug_abbrev  0x00000fdd      0x23d .\CortexM3\ARM_GCC_493\Debug\Practica4Parte2.a(USBUART_std.o)
 .debug_abbrev  0x0000121a       0x9b .\CortexM3\ARM_GCC_493\Debug\Practica4Parte2.a(USBUART_vnd.o)
 .debug_abbrev  0x000012b5       0x90 .\CortexM3\ARM_GCC_493\Debug\Practica4Parte2.a(USBUART_Dp.o)
 .debug_abbrev  0x00001345      0x1cc .\CortexM3\ARM_GCC_493\Debug\Practica4Parte2.a(CyDmac.o)
 .debug_abbrev  0x00001511      0x296 .\CortexM3\ARM_GCC_493\Debug\Practica4Parte2.a(CyLib.o)
 .debug_abbrev  0x000017a7      0x1ed .\CortexM3\ARM_GCC_493\Debug\Practica4Parte2.a(cyPm.o)
 .debug_abbrev  0x00001994      0x156 .\CortexM3\ARM_GCC_493\Debug\Practica4Parte2.a(generadorOnda.o)
 .debug_abbrev  0x00001aea      0x171 .\CortexM3\ARM_GCC_493\Debug\Practica4Parte2.a(pantallaLCD.o)
 .debug_abbrev  0x00001c5b       0xeb .\CortexM3\ARM_GCC_493\Debug\Practica4Parte2.a(generadorOnda_Wave1_DMA_dma.o)
 .debug_abbrev  0x00001d46       0xeb .\CortexM3\ARM_GCC_493\Debug\Practica4Parte2.a(generadorOnda_Wave2_DMA_dma.o)
 .debug_abbrev  0x00001e31       0xf7 .\CortexM3\ARM_GCC_493\Debug\Practica4Parte2.a(generadorOnda_VDAC8.o)
 .debug_abbrev  0x00001f28       0x14 .\CortexM3\ARM_GCC_493\Debug\Practica4Parte2.a(CyBootAsmGnu.o)
 .debug_abbrev  0x00001f3c       0xe3 .\CortexM3\ARM_GCC_493\Debug\Practica4Parte2.a(USBUART_cls.o)
 .debug_abbrev  0x0000201f       0xb4 .\CortexM3\ARM_GCC_493\Debug\Practica4Parte2.a(USBUART_descr.o)
 .debug_abbrev  0x000020d3      0x1ed .\CortexM3\ARM_GCC_493\Debug\Practica4Parte2.a(CyFlash.o)
 .debug_abbrev  0x000022c0      0x1c1 .\CortexM3\ARM_GCC_493\Debug\Practica4Parte2.a(CySpc.o)

.debug_line     0x00000000     0x305f
 *(.debug_line)
 .debug_line    0x00000000      0x256 .\CortexM3\ARM_GCC_493\Debug\main.o
 .debug_line    0x00000256       0x51 .\CortexM3\ARM_GCC_493\Debug\cymetadata.o
 .debug_line    0x000002a7      0x25a .\CortexM3\ARM_GCC_493\Debug\Cm3Start.o
 .debug_line    0x00000501      0x1df .\CortexM3\ARM_GCC_493\Debug\Practica4Parte2.a(cyfitter_cfg.o)
 .debug_line    0x000006e0      0x176 .\CortexM3\ARM_GCC_493\Debug\Practica4Parte2.a(Clock_1.o)
 .debug_line    0x00000856      0x2c8 .\CortexM3\ARM_GCC_493\Debug\Practica4Parte2.a(USBUART.o)
 .debug_line    0x00000b1e      0x2f2 .\CortexM3\ARM_GCC_493\Debug\Practica4Parte2.a(USBUART_cdc.o)
 .debug_line    0x00000e10      0x221 .\CortexM3\ARM_GCC_493\Debug\Practica4Parte2.a(USBUART_drv.o)
 .debug_line    0x00001031       0xe6 .\CortexM3\ARM_GCC_493\Debug\Practica4Parte2.a(USBUART_episr.o)
 .debug_line    0x00001117      0x10e .\CortexM3\ARM_GCC_493\Debug\Practica4Parte2.a(USBUART_pm.o)
 .debug_line    0x00001225      0x3e2 .\CortexM3\ARM_GCC_493\Debug\Practica4Parte2.a(USBUART_std.o)
 .debug_line    0x00001607       0x73 .\CortexM3\ARM_GCC_493\Debug\Practica4Parte2.a(USBUART_vnd.o)
 .debug_line    0x0000167a       0xbb .\CortexM3\ARM_GCC_493\Debug\Practica4Parte2.a(USBUART_Dp.o)
 .debug_line    0x00001735      0x2e3 .\CortexM3\ARM_GCC_493\Debug\Practica4Parte2.a(CyDmac.o)
 .debug_line    0x00001a18      0x816 .\CortexM3\ARM_GCC_493\Debug\Practica4Parte2.a(CyLib.o)
 .debug_line    0x0000222e      0x364 .\CortexM3\ARM_GCC_493\Debug\Practica4Parte2.a(cyPm.o)
 .debug_line    0x00002592      0x153 .\CortexM3\ARM_GCC_493\Debug\Practica4Parte2.a(generadorOnda.o)
 .debug_line    0x000026e5      0x1e4 .\CortexM3\ARM_GCC_493\Debug\Practica4Parte2.a(pantallaLCD.o)
 .debug_line    0x000028c9       0x94 .\CortexM3\ARM_GCC_493\Debug\Practica4Parte2.a(generadorOnda_Wave1_DMA_dma.o)
 .debug_line    0x0000295d       0x94 .\CortexM3\ARM_GCC_493\Debug\Practica4Parte2.a(generadorOnda_Wave2_DMA_dma.o)
 .debug_line    0x000029f1       0xef .\CortexM3\ARM_GCC_493\Debug\Practica4Parte2.a(generadorOnda_VDAC8.o)
 .debug_line    0x00002ae0       0x66 .\CortexM3\ARM_GCC_493\Debug\Practica4Parte2.a(CyBootAsmGnu.o)
 .debug_line    0x00002b46       0x92 .\CortexM3\ARM_GCC_493\Debug\Practica4Parte2.a(USBUART_cls.o)
 .debug_line    0x00002bd8       0x61 .\CortexM3\ARM_GCC_493\Debug\Practica4Parte2.a(USBUART_descr.o)
 .debug_line    0x00002c39      0x1ea .\CortexM3\ARM_GCC_493\Debug\Practica4Parte2.a(CyFlash.o)
 .debug_line    0x00002e23      0x23c .\CortexM3\ARM_GCC_493\Debug\Practica4Parte2.a(CySpc.o)

.debug_frame    0x00000000     0x20b4
 *(.debug_frame)
 .debug_frame   0x00000000       0x2c .\CortexM3\ARM_GCC_493\Debug\main.o
 .debug_frame   0x0000002c       0xb8 .\CortexM3\ARM_GCC_493\Debug\Cm3Start.o
 .debug_frame   0x000000e4       0xe4 .\CortexM3\ARM_GCC_493\Debug\Practica4Parte2.a(cyfitter_cfg.o)
 .debug_frame   0x000001c8       0xe0 .\CortexM3\ARM_GCC_493\Debug\Practica4Parte2.a(Clock_1.o)
 .debug_frame   0x000002a8      0x1dc .\CortexM3\ARM_GCC_493\Debug\Practica4Parte2.a(USBUART.o)
 .debug_frame   0x00000484      0x278 .\CortexM3\ARM_GCC_493\Debug\Practica4Parte2.a(USBUART_cdc.o)
 .debug_frame   0x000006fc      0x194 .\CortexM3\ARM_GCC_493\Debug\Practica4Parte2.a(USBUART_drv.o)
 .debug_frame   0x00000890       0x6c .\CortexM3\ARM_GCC_493\Debug\Practica4Parte2.a(USBUART_episr.o)
 .debug_frame   0x000008fc       0xa0 .\CortexM3\ARM_GCC_493\Debug\Practica4Parte2.a(USBUART_pm.o)
 .debug_frame   0x0000099c      0x17c .\CortexM3\ARM_GCC_493\Debug\Practica4Parte2.a(USBUART_std.o)
 .debug_frame   0x00000b18       0x20 .\CortexM3\ARM_GCC_493\Debug\Practica4Parte2.a(USBUART_vnd.o)
 .debug_frame   0x00000b38       0x70 .\CortexM3\ARM_GCC_493\Debug\Practica4Parte2.a(USBUART_Dp.o)
 .debug_frame   0x00000ba8      0x1f4 .\CortexM3\ARM_GCC_493\Debug\Practica4Parte2.a(CyDmac.o)
 .debug_frame   0x00000d9c      0x738 .\CortexM3\ARM_GCC_493\Debug\Practica4Parte2.a(CyLib.o)
 .debug_frame   0x000014d4      0x1f8 .\CortexM3\ARM_GCC_493\Debug\Practica4Parte2.a(cyPm.o)
 .debug_frame   0x000016cc       0xe0 .\CortexM3\ARM_GCC_493\Debug\Practica4Parte2.a(generadorOnda.o)
 .debug_frame   0x000017ac      0x1e4 .\CortexM3\ARM_GCC_493\Debug\Practica4Parte2.a(pantallaLCD.o)
 .debug_frame   0x00001990       0x54 .\CortexM3\ARM_GCC_493\Debug\Practica4Parte2.a(generadorOnda_Wave1_DMA_dma.o)
 .debug_frame   0x000019e4       0x54 .\CortexM3\ARM_GCC_493\Debug\Practica4Parte2.a(generadorOnda_Wave2_DMA_dma.o)
 .debug_frame   0x00001a38       0xb4 .\CortexM3\ARM_GCC_493\Debug\Practica4Parte2.a(generadorOnda_VDAC8.o)
 .debug_frame   0x00001aec       0x2c .\CortexM3\ARM_GCC_493\Debug\Practica4Parte2.a(USBUART_cls.o)
 .debug_frame   0x00001b18      0x174 .\CortexM3\ARM_GCC_493\Debug\Practica4Parte2.a(CyFlash.o)
 .debug_frame   0x00001c8c      0x160 .\CortexM3\ARM_GCC_493\Debug\Practica4Parte2.a(CySpc.o)
 .debug_frame   0x00001dec       0x38 c:/program files (x86)/cypress/psoc creator/4.0/psoc creator/import/gnu/arm/4.9.3/bin/../lib/gcc/arm-none-eabi/4.9.3/../../../../arm-none-eabi/lib/armv7-m\libm.a(lib_a-s_sin.o)
 .debug_frame   0x00001e24       0x48 c:/program files (x86)/cypress/psoc creator/4.0/psoc creator/import/gnu/arm/4.9.3/bin/../lib/gcc/arm-none-eabi/4.9.3/../../../../arm-none-eabi/lib/armv7-m\libm.a(lib_a-e_rem_pio2.o)
 .debug_frame   0x00001e6c       0x4c c:/program files (x86)/cypress/psoc creator/4.0/psoc creator/import/gnu/arm/4.9.3/bin/../lib/gcc/arm-none-eabi/4.9.3/../../../../arm-none-eabi/lib/armv7-m\libm.a(lib_a-k_cos.o)
 .debug_frame   0x00001eb8       0x54 c:/program files (x86)/cypress/psoc creator/4.0/psoc creator/import/gnu/arm/4.9.3/bin/../lib/gcc/arm-none-eabi/4.9.3/../../../../arm-none-eabi/lib/armv7-m\libm.a(lib_a-k_rem_pio2.o)
 .debug_frame   0x00001f0c       0x48 c:/program files (x86)/cypress/psoc creator/4.0/psoc creator/import/gnu/arm/4.9.3/bin/../lib/gcc/arm-none-eabi/4.9.3/../../../../arm-none-eabi/lib/armv7-m\libm.a(lib_a-k_sin.o)
 .debug_frame   0x00001f54       0x20 c:/program files (x86)/cypress/psoc creator/4.0/psoc creator/import/gnu/arm/4.9.3/bin/../lib/gcc/arm-none-eabi/4.9.3/../../../../arm-none-eabi/lib/armv7-m\libm.a(lib_a-s_fabs.o)
 .debug_frame   0x00001f74       0x34 c:/program files (x86)/cypress/psoc creator/4.0/psoc creator/import/gnu/arm/4.9.3/bin/../lib/gcc/arm-none-eabi/4.9.3/../../../../arm-none-eabi/lib/armv7-m\libm.a(lib_a-s_floor.o)
 .debug_frame   0x00001fa8       0x30 c:/program files (x86)/cypress/psoc creator/4.0/psoc creator/import/gnu/arm/4.9.3/bin/../lib/gcc/arm-none-eabi/4.9.3/../../../../arm-none-eabi/lib/armv7-m\libm.a(lib_a-s_scalbn.o)
 .debug_frame   0x00001fd8       0x20 c:/program files (x86)/cypress/psoc creator/4.0/psoc creator/import/gnu/arm/4.9.3/bin/../lib/gcc/arm-none-eabi/4.9.3/../../../../arm-none-eabi/lib/armv7-m\libm.a(lib_a-s_copysign.o)
 .debug_frame   0x00001ff8       0x20 c:/program files (x86)/cypress/psoc creator/4.0/psoc creator/import/gnu/arm/4.9.3/bin/../lib/gcc/arm-none-eabi/4.9.3/../../../../arm-none-eabi/lib/armv7-m\libg_nano.a(lib_a-errno.o)
 .debug_frame   0x00002018       0x28 c:/program files (x86)/cypress/psoc creator/4.0/psoc creator/import/gnu/arm/4.9.3/bin/../lib/gcc/arm-none-eabi/4.9.3/../../../../arm-none-eabi/lib/armv7-m\libg_nano.a(lib_a-exit.o)
 .debug_frame   0x00002040       0x2c c:/program files (x86)/cypress/psoc creator/4.0/psoc creator/import/gnu/arm/4.9.3/bin/../lib/gcc/arm-none-eabi/4.9.3/../../../../arm-none-eabi/lib/armv7-m\libg_nano.a(lib_a-init.o)
 .debug_frame   0x0000206c       0x28 c:/program files (x86)/cypress/psoc creator/4.0/psoc creator/import/gnu/arm/4.9.3/bin/../lib/gcc/arm-none-eabi/4.9.3/../../../../arm-none-eabi/lib/armv7-m\libg_nano.a(lib_a-memcpy.o)
 .debug_frame   0x00002094       0x20 c:/program files (x86)/cypress/psoc creator/4.0/psoc creator/import/gnu/arm/4.9.3/bin/../lib/gcc/arm-none-eabi/4.9.3/../../../../arm-none-eabi/lib/armv7-m\libg_nano.a(lib_a-memset.o)

.debug_str      0x00000000     0x2f03
 *(.debug_str)
 .debug_str     0x00000000      0x2ec .\CortexM3\ARM_GCC_493\Debug\main.o
                                0x339 (size before relaxing)
 .debug_str     0x000002ec       0x75 .\CortexM3\ARM_GCC_493\Debug\cymetadata.o
                                0x1e0 (size before relaxing)
 .debug_str     0x00000361      0x17a .\CortexM3\ARM_GCC_493\Debug\Cm3Start.o
                                0x304 (size before relaxing)
 .debug_str     0x000004db      0x154 .\CortexM3\ARM_GCC_493\Debug\Practica4Parte2.a(cyfitter_cfg.o)
                                0x2f9 (size before relaxing)
 .debug_str     0x0000062f      0x132 .\CortexM3\ARM_GCC_493\Debug\Practica4Parte2.a(Clock_1.o)
                                0x2e4 (size before relaxing)
 .debug_str     0x00000761      0x445 .\CortexM3\ARM_GCC_493\Debug\Practica4Parte2.a(USBUART.o)
                                0x647 (size before relaxing)
 .debug_str     0x00000ba6      0x4cc .\CortexM3\ARM_GCC_493\Debug\Practica4Parte2.a(USBUART_cdc.o)
                                0x7bb (size before relaxing)
 .debug_str     0x00001072      0x291 .\CortexM3\ARM_GCC_493\Debug\Practica4Parte2.a(USBUART_drv.o)
                                0x632 (size before relaxing)
 .debug_str     0x00001303       0x80 .\CortexM3\ARM_GCC_493\Debug\Practica4Parte2.a(USBUART_episr.o)
                                0x2c9 (size before relaxing)
 .debug_str     0x00001383       0xe0 .\CortexM3\ARM_GCC_493\Debug\Practica4Parte2.a(USBUART_pm.o)
                                0x2e1 (size before relaxing)
 .debug_str     0x00001463      0x270 .\CortexM3\ARM_GCC_493\Debug\Practica4Parte2.a(USBUART_std.o)
                                0x7a1 (size before relaxing)
 .debug_str     0x000016d3       0x25 .\CortexM3\ARM_GCC_493\Debug\Practica4Parte2.a(USBUART_vnd.o)
                                0x1d7 (size before relaxing)
 .debug_str     0x000016f8       0xa4 .\CortexM3\ARM_GCC_493\Debug\Practica4Parte2.a(USBUART_Dp.o)
                                0x237 (size before relaxing)
 .debug_str     0x0000179c      0x348 .\CortexM3\ARM_GCC_493\Debug\Practica4Parte2.a(CyDmac.o)
                                0x534 (size before relaxing)
 .debug_str     0x00001ae4      0x7b3 .\CortexM3\ARM_GCC_493\Debug\Practica4Parte2.a(CyLib.o)
                                0xa31 (size before relaxing)
 .debug_str     0x00002297      0x359 .\CortexM3\ARM_GCC_493\Debug\Practica4Parte2.a(cyPm.o)
                                0x711 (size before relaxing)
 .debug_str     0x000025f0      0x245 .\CortexM3\ARM_GCC_493\Debug\Practica4Parte2.a(generadorOnda.o)
                                0x472 (size before relaxing)
 .debug_str     0x00002835      0x1a3 .\CortexM3\ARM_GCC_493\Debug\Practica4Parte2.a(pantallaLCD.o)
                                0x3b5 (size before relaxing)
 .debug_str     0x000029d8       0xb5 .\CortexM3\ARM_GCC_493\Debug\Practica4Parte2.a(generadorOnda_Wave1_DMA_dma.o)
                                0x2a7 (size before relaxing)
 .debug_str     0x00002a8d       0x7a .\CortexM3\ARM_GCC_493\Debug\Practica4Parte2.a(generadorOnda_Wave2_DMA_dma.o)
                                0x2a7 (size before relaxing)
 .debug_str     0x00002b07       0x8b .\CortexM3\ARM_GCC_493\Debug\Practica4Parte2.a(generadorOnda_VDAC8.o)
                                0x2a1 (size before relaxing)
 .debug_str     0x00002b92       0x25 .\CortexM3\ARM_GCC_493\Debug\Practica4Parte2.a(USBUART_cls.o)
                                0x296 (size before relaxing)
 .debug_str     0x00002bb7      0x104 .\CortexM3\ARM_GCC_493\Debug\Practica4Parte2.a(USBUART_descr.o)
                                0x343 (size before relaxing)
 .debug_str     0x00002cbb      0x19c .\CortexM3\ARM_GCC_493\Debug\Practica4Parte2.a(CyFlash.o)
                                0x38b (size before relaxing)
 .debug_str     0x00002e57       0xac .\CortexM3\ARM_GCC_493\Debug\Practica4Parte2.a(CySpc.o)
                                0x314 (size before relaxing)

.debug_loc      0x00000000     0x405b
 *(.debug_loc)
 .debug_loc     0x00000000      0x144 .\CortexM3\ARM_GCC_493\Debug\Cm3Start.o
 .debug_loc     0x00000144      0x1d7 .\CortexM3\ARM_GCC_493\Debug\Practica4Parte2.a(cyfitter_cfg.o)
 .debug_loc     0x0000031b      0x12c .\CortexM3\ARM_GCC_493\Debug\Practica4Parte2.a(Clock_1.o)
 .debug_loc     0x00000447      0x3e1 .\CortexM3\ARM_GCC_493\Debug\Practica4Parte2.a(USBUART.o)
 .debug_loc     0x00000828      0x56b .\CortexM3\ARM_GCC_493\Debug\Practica4Parte2.a(USBUART_cdc.o)
 .debug_loc     0x00000d93      0x171 .\CortexM3\ARM_GCC_493\Debug\Practica4Parte2.a(USBUART_drv.o)
 .debug_loc     0x00000f04       0x26 .\CortexM3\ARM_GCC_493\Debug\Practica4Parte2.a(USBUART_pm.o)
 .debug_loc     0x00000f2a      0x93f .\CortexM3\ARM_GCC_493\Debug\Practica4Parte2.a(USBUART_std.o)
 .debug_loc     0x00001869       0x84 .\CortexM3\ARM_GCC_493\Debug\Practica4Parte2.a(USBUART_Dp.o)
 .debug_loc     0x000018ed      0xb83 .\CortexM3\ARM_GCC_493\Debug\Practica4Parte2.a(CyDmac.o)
 .debug_loc     0x00002470      0xa11 .\CortexM3\ARM_GCC_493\Debug\Practica4Parte2.a(CyLib.o)
 .debug_loc     0x00002e81      0x1e4 .\CortexM3\ARM_GCC_493\Debug\Practica4Parte2.a(cyPm.o)
 .debug_loc     0x00003065      0x11b .\CortexM3\ARM_GCC_493\Debug\Practica4Parte2.a(generadorOnda.o)
 .debug_loc     0x00003180      0x3c6 .\CortexM3\ARM_GCC_493\Debug\Practica4Parte2.a(pantallaLCD.o)
 .debug_loc     0x00003546       0x84 .\CortexM3\ARM_GCC_493\Debug\Practica4Parte2.a(generadorOnda_Wave1_DMA_dma.o)
 .debug_loc     0x000035ca       0x84 .\CortexM3\ARM_GCC_493\Debug\Practica4Parte2.a(generadorOnda_Wave2_DMA_dma.o)
 .debug_loc     0x0000364e       0x79 .\CortexM3\ARM_GCC_493\Debug\Practica4Parte2.a(generadorOnda_VDAC8.o)
 .debug_loc     0x000036c7       0x47 .\CortexM3\ARM_GCC_493\Debug\Practica4Parte2.a(USBUART_cls.o)
 .debug_loc     0x0000370e      0x300 .\CortexM3\ARM_GCC_493\Debug\Practica4Parte2.a(CyFlash.o)
 .debug_loc     0x00003a0e      0x64d .\CortexM3\ARM_GCC_493\Debug\Practica4Parte2.a(CySpc.o)

.debug_macinfo
 *(.debug_macinfo)

.debug_ranges   0x00000000      0xa40
 *(.debug_ranges)
 .debug_ranges  0x00000000       0x10 .\CortexM3\ARM_GCC_493\Debug\main.o
 .debug_ranges  0x00000010       0x38 .\CortexM3\ARM_GCC_493\Debug\Cm3Start.o
 .debug_ranges  0x00000048       0x48 .\CortexM3\ARM_GCC_493\Debug\Practica4Parte2.a(cyfitter_cfg.o)
 .debug_ranges  0x00000090       0x60 .\CortexM3\ARM_GCC_493\Debug\Practica4Parte2.a(Clock_1.o)
 .debug_ranges  0x000000f0       0xd0 .\CortexM3\ARM_GCC_493\Debug\Practica4Parte2.a(USBUART.o)
 .debug_ranges  0x000001c0       0xd8 .\CortexM3\ARM_GCC_493\Debug\Practica4Parte2.a(USBUART_cdc.o)
 .debug_ranges  0x00000298       0x88 .\CortexM3\ARM_GCC_493\Debug\Practica4Parte2.a(USBUART_drv.o)
 .debug_ranges  0x00000320       0x30 .\CortexM3\ARM_GCC_493\Debug\Practica4Parte2.a(USBUART_episr.o)
 .debug_ranges  0x00000350       0x30 .\CortexM3\ARM_GCC_493\Debug\Practica4Parte2.a(USBUART_pm.o)
 .debug_ranges  0x00000380       0x70 .\CortexM3\ARM_GCC_493\Debug\Practica4Parte2.a(USBUART_std.o)
 .debug_ranges  0x000003f0       0x10 .\CortexM3\ARM_GCC_493\Debug\Practica4Parte2.a(USBUART_vnd.o)
 .debug_ranges  0x00000400       0x38 .\CortexM3\ARM_GCC_493\Debug\Practica4Parte2.a(USBUART_Dp.o)
 .debug_ranges  0x00000438       0xc8 .\CortexM3\ARM_GCC_493\Debug\Practica4Parte2.a(CyDmac.o)
 .debug_ranges  0x00000500      0x290 .\CortexM3\ARM_GCC_493\Debug\Practica4Parte2.a(CyLib.o)
 .debug_ranges  0x00000790       0x88 .\CortexM3\ARM_GCC_493\Debug\Practica4Parte2.a(cyPm.o)
 .debug_ranges  0x00000818       0x40 .\CortexM3\ARM_GCC_493\Debug\Practica4Parte2.a(generadorOnda.o)
 .debug_ranges  0x00000858       0x88 .\CortexM3\ARM_GCC_493\Debug\Practica4Parte2.a(pantallaLCD.o)
 .debug_ranges  0x000008e0       0x18 .\CortexM3\ARM_GCC_493\Debug\Practica4Parte2.a(generadorOnda_Wave1_DMA_dma.o)
 .debug_ranges  0x000008f8       0x18 .\CortexM3\ARM_GCC_493\Debug\Practica4Parte2.a(generadorOnda_Wave2_DMA_dma.o)
 .debug_ranges  0x00000910       0x48 .\CortexM3\ARM_GCC_493\Debug\Practica4Parte2.a(generadorOnda_VDAC8.o)
 .debug_ranges  0x00000958       0x10 .\CortexM3\ARM_GCC_493\Debug\Practica4Parte2.a(USBUART_cls.o)
 .debug_ranges  0x00000968       0x70 .\CortexM3\ARM_GCC_493\Debug\Practica4Parte2.a(CyFlash.o)
 .debug_ranges  0x000009d8       0x68 .\CortexM3\ARM_GCC_493\Debug\Practica4Parte2.a(CySpc.o)

.comment        0x00000000       0x70
 .comment       0x00000000       0x70 .\CortexM3\ARM_GCC_493\Debug\main.o
                                 0x71 (size before relaxing)
 .comment       0x00000000       0x71 .\CortexM3\ARM_GCC_493\Debug\cymetadata.o
 .comment       0x00000000       0x71 .\CortexM3\ARM_GCC_493\Debug\Cm3Start.o
 .comment       0x00000000       0x71 .\CortexM3\ARM_GCC_493\Debug\Practica4Parte2.a(cyfitter_cfg.o)
 .comment       0x00000000       0x71 .\CortexM3\ARM_GCC_493\Debug\Practica4Parte2.a(Clock_1.o)
 .comment       0x00000000       0x71 .\CortexM3\ARM_GCC_493\Debug\Practica4Parte2.a(USBUART.o)
 .comment       0x00000000       0x71 .\CortexM3\ARM_GCC_493\Debug\Practica4Parte2.a(USBUART_cdc.o)
 .comment       0x00000000       0x71 .\CortexM3\ARM_GCC_493\Debug\Practica4Parte2.a(USBUART_drv.o)
 .comment       0x00000000       0x71 .\CortexM3\ARM_GCC_493\Debug\Practica4Parte2.a(USBUART_episr.o)
 .comment       0x00000000       0x71 .\CortexM3\ARM_GCC_493\Debug\Practica4Parte2.a(USBUART_pm.o)
 .comment       0x00000000       0x71 .\CortexM3\ARM_GCC_493\Debug\Practica4Parte2.a(USBUART_std.o)
 .comment       0x00000000       0x71 .\CortexM3\ARM_GCC_493\Debug\Practica4Parte2.a(USBUART_vnd.o)
 .comment       0x00000000       0x71 .\CortexM3\ARM_GCC_493\Debug\Practica4Parte2.a(USBUART_Dp.o)
 .comment       0x00000000       0x71 .\CortexM3\ARM_GCC_493\Debug\Practica4Parte2.a(CyDmac.o)
 .comment       0x00000000       0x71 .\CortexM3\ARM_GCC_493\Debug\Practica4Parte2.a(CyLib.o)
 .comment       0x00000000       0x71 .\CortexM3\ARM_GCC_493\Debug\Practica4Parte2.a(cyPm.o)
 .comment       0x00000000       0x71 .\CortexM3\ARM_GCC_493\Debug\Practica4Parte2.a(generadorOnda.o)
 .comment       0x00000000       0x71 .\CortexM3\ARM_GCC_493\Debug\Practica4Parte2.a(pantallaLCD.o)
 .comment       0x00000000       0x71 .\CortexM3\ARM_GCC_493\Debug\Practica4Parte2.a(generadorOnda_Wave1_DMA_dma.o)
 .comment       0x00000000       0x71 .\CortexM3\ARM_GCC_493\Debug\Practica4Parte2.a(generadorOnda_Wave2_DMA_dma.o)
 .comment       0x00000000       0x71 .\CortexM3\ARM_GCC_493\Debug\Practica4Parte2.a(generadorOnda_VDAC8.o)
 .comment       0x00000000       0x71 .\CortexM3\ARM_GCC_493\Debug\Practica4Parte2.a(USBUART_cls.o)
 .comment       0x00000000       0x71 .\CortexM3\ARM_GCC_493\Debug\Practica4Parte2.a(USBUART_descr.o)
 .comment       0x00000000       0x71 .\CortexM3\ARM_GCC_493\Debug\Practica4Parte2.a(CyFlash.o)
 .comment       0x00000000       0x71 .\CortexM3\ARM_GCC_493\Debug\Practica4Parte2.a(CySpc.o)

.debug_weaknames
 *(.debug_weaknames)

.debug_funcnames
 *(.debug_funcnames)

.debug_typenames
 *(.debug_typenames)

.debug_varnames
 *(.debug_varnames)

.note.gnu.arm.ident
 *(.note.gnu.arm.ident)

.ARM.attributes
                0x00000000       0x29
 *(.ARM.attributes)
 .ARM.attributes
                0x00000000       0x1d c:/program files (x86)/cypress/psoc creator/4.0/psoc creator/import/gnu/arm/4.9.3/bin/../lib/gcc/arm-none-eabi/4.9.3/armv7-m/crti.o
 .ARM.attributes
                0x0000001d       0x2d c:/program files (x86)/cypress/psoc creator/4.0/psoc creator/import/gnu/arm/4.9.3/bin/../lib/gcc/arm-none-eabi/4.9.3/armv7-m/crtbegin.o
 .ARM.attributes
                0x0000004a       0x1b c:/program files (x86)/cypress/psoc creator/4.0/psoc creator/import/gnu/arm/4.9.3/bin/../lib/gcc/arm-none-eabi/4.9.3/../../../../arm-none-eabi/lib/armv7-m/crt0.o
 .ARM.attributes
                0x00000065       0x33 .\CortexM3\ARM_GCC_493\Debug\main.o
 .ARM.attributes
                0x00000098       0x33 .\CortexM3\ARM_GCC_493\Debug\cymetadata.o
 .ARM.attributes
                0x000000cb       0x33 .\CortexM3\ARM_GCC_493\Debug\Cm3Start.o
 .ARM.attributes
                0x000000fe       0x33 .\CortexM3\ARM_GCC_493\Debug\Practica4Parte2.a(cyfitter_cfg.o)
 .ARM.attributes
                0x00000131       0x33 .\CortexM3\ARM_GCC_493\Debug\Practica4Parte2.a(Clock_1.o)
 .ARM.attributes
                0x00000164       0x33 .\CortexM3\ARM_GCC_493\Debug\Practica4Parte2.a(USBUART.o)
 .ARM.attributes
                0x00000197       0x33 .\CortexM3\ARM_GCC_493\Debug\Practica4Parte2.a(USBUART_cdc.o)
 .ARM.attributes
                0x000001ca       0x33 .\CortexM3\ARM_GCC_493\Debug\Practica4Parte2.a(USBUART_drv.o)
 .ARM.attributes
                0x000001fd       0x33 .\CortexM3\ARM_GCC_493\Debug\Practica4Parte2.a(USBUART_episr.o)
 .ARM.attributes
                0x00000230       0x33 .\CortexM3\ARM_GCC_493\Debug\Practica4Parte2.a(USBUART_pm.o)
 .ARM.attributes
                0x00000263       0x33 .\CortexM3\ARM_GCC_493\Debug\Practica4Parte2.a(USBUART_std.o)
 .ARM.attributes
                0x00000296       0x33 .\CortexM3\ARM_GCC_493\Debug\Practica4Parte2.a(USBUART_vnd.o)
 .ARM.attributes
                0x000002c9       0x33 .\CortexM3\ARM_GCC_493\Debug\Practica4Parte2.a(USBUART_Dp.o)
 .ARM.attributes
                0x000002fc       0x33 .\CortexM3\ARM_GCC_493\Debug\Practica4Parte2.a(CyDmac.o)
 .ARM.attributes
                0x0000032f       0x33 .\CortexM3\ARM_GCC_493\Debug\Practica4Parte2.a(CyLib.o)
 .ARM.attributes
                0x00000362       0x33 .\CortexM3\ARM_GCC_493\Debug\Practica4Parte2.a(cyPm.o)
 .ARM.attributes
                0x00000395       0x33 .\CortexM3\ARM_GCC_493\Debug\Practica4Parte2.a(generadorOnda.o)
 .ARM.attributes
                0x000003c8       0x33 .\CortexM3\ARM_GCC_493\Debug\Practica4Parte2.a(pantallaLCD.o)
 .ARM.attributes
                0x000003fb       0x33 .\CortexM3\ARM_GCC_493\Debug\Practica4Parte2.a(generadorOnda_Wave1_DMA_dma.o)
 .ARM.attributes
                0x0000042e       0x33 .\CortexM3\ARM_GCC_493\Debug\Practica4Parte2.a(generadorOnda_Wave2_DMA_dma.o)
 .ARM.attributes
                0x00000461       0x33 .\CortexM3\ARM_GCC_493\Debug\Practica4Parte2.a(generadorOnda_VDAC8.o)
 .ARM.attributes
                0x00000494       0x21 .\CortexM3\ARM_GCC_493\Debug\Practica4Parte2.a(CyBootAsmGnu.o)
 .ARM.attributes
                0x000004b5       0x33 .\CortexM3\ARM_GCC_493\Debug\Practica4Parte2.a(USBUART_cls.o)
 .ARM.attributes
                0x000004e8       0x33 .\CortexM3\ARM_GCC_493\Debug\Practica4Parte2.a(USBUART_descr.o)
 .ARM.attributes
                0x0000051b       0x33 .\CortexM3\ARM_GCC_493\Debug\Practica4Parte2.a(CyFlash.o)
 .ARM.attributes
                0x0000054e       0x33 .\CortexM3\ARM_GCC_493\Debug\Practica4Parte2.a(CySpc.o)
 .ARM.attributes
                0x00000581       0x2d c:/program files (x86)/cypress/psoc creator/4.0/psoc creator/import/gnu/arm/4.9.3/bin/../lib/gcc/arm-none-eabi/4.9.3/../../../../arm-none-eabi/lib/armv7-m\libm.a(lib_a-s_sin.o)
 .ARM.attributes
                0x000005ae       0x2d c:/program files (x86)/cypress/psoc creator/4.0/psoc creator/import/gnu/arm/4.9.3/bin/../lib/gcc/arm-none-eabi/4.9.3/../../../../arm-none-eabi/lib/armv7-m\libm.a(lib_a-e_rem_pio2.o)
 .ARM.attributes
                0x000005db       0x2d c:/program files (x86)/cypress/psoc creator/4.0/psoc creator/import/gnu/arm/4.9.3/bin/../lib/gcc/arm-none-eabi/4.9.3/../../../../arm-none-eabi/lib/armv7-m\libm.a(lib_a-k_cos.o)
 .ARM.attributes
                0x00000608       0x2d c:/program files (x86)/cypress/psoc creator/4.0/psoc creator/import/gnu/arm/4.9.3/bin/../lib/gcc/arm-none-eabi/4.9.3/../../../../arm-none-eabi/lib/armv7-m\libm.a(lib_a-k_rem_pio2.o)
 .ARM.attributes
                0x00000635       0x2d c:/program files (x86)/cypress/psoc creator/4.0/psoc creator/import/gnu/arm/4.9.3/bin/../lib/gcc/arm-none-eabi/4.9.3/../../../../arm-none-eabi/lib/armv7-m\libm.a(lib_a-k_sin.o)
 .ARM.attributes
                0x00000662       0x2d c:/program files (x86)/cypress/psoc creator/4.0/psoc creator/import/gnu/arm/4.9.3/bin/../lib/gcc/arm-none-eabi/4.9.3/../../../../arm-none-eabi/lib/armv7-m\libm.a(lib_a-s_fabs.o)
 .ARM.attributes
                0x0000068f       0x2d c:/program files (x86)/cypress/psoc creator/4.0/psoc creator/import/gnu/arm/4.9.3/bin/../lib/gcc/arm-none-eabi/4.9.3/../../../../arm-none-eabi/lib/armv7-m\libm.a(lib_a-s_floor.o)
 .ARM.attributes
                0x000006bc       0x2d c:/program files (x86)/cypress/psoc creator/4.0/psoc creator/import/gnu/arm/4.9.3/bin/../lib/gcc/arm-none-eabi/4.9.3/../../../../arm-none-eabi/lib/armv7-m\libm.a(lib_a-s_scalbn.o)
 .ARM.attributes
                0x000006e9       0x2d c:/program files (x86)/cypress/psoc creator/4.0/psoc creator/import/gnu/arm/4.9.3/bin/../lib/gcc/arm-none-eabi/4.9.3/../../../../arm-none-eabi/lib/armv7-m\libm.a(lib_a-s_copysign.o)
 .ARM.attributes
                0x00000716       0x1d c:/program files (x86)/cypress/psoc creator/4.0/psoc creator/import/gnu/arm/4.9.3/bin/../lib/gcc/arm-none-eabi/4.9.3/armv7-m\libgcc.a(_arm_addsubdf3.o)
 .ARM.attributes
                0x00000733       0x1d c:/program files (x86)/cypress/psoc creator/4.0/psoc creator/import/gnu/arm/4.9.3/bin/../lib/gcc/arm-none-eabi/4.9.3/armv7-m\libgcc.a(_arm_muldivdf3.o)
 .ARM.attributes
                0x00000750       0x1d c:/program files (x86)/cypress/psoc creator/4.0/psoc creator/import/gnu/arm/4.9.3/bin/../lib/gcc/arm-none-eabi/4.9.3/armv7-m\libgcc.a(_arm_cmpdf2.o)
 .ARM.attributes
                0x0000076d       0x1d c:/program files (x86)/cypress/psoc creator/4.0/psoc creator/import/gnu/arm/4.9.3/bin/../lib/gcc/arm-none-eabi/4.9.3/armv7-m\libgcc.a(_arm_fixdfsi.o)
 .ARM.attributes
                0x0000078a       0x1d c:/program files (x86)/cypress/psoc creator/4.0/psoc creator/import/gnu/arm/4.9.3/bin/../lib/gcc/arm-none-eabi/4.9.3/armv7-m\libgcc.a(_arm_fixunsdfsi.o)
 .ARM.attributes
                0x000007a7       0x1d c:/program files (x86)/cypress/psoc creator/4.0/psoc creator/import/gnu/arm/4.9.3/bin/../lib/gcc/arm-none-eabi/4.9.3/armv7-m\libgcc.a(_arm_addsubsf3.o)
 .ARM.attributes
                0x000007c4       0x1d c:/program files (x86)/cypress/psoc creator/4.0/psoc creator/import/gnu/arm/4.9.3/bin/../lib/gcc/arm-none-eabi/4.9.3/armv7-m\libgcc.a(_arm_muldivsf3.o)
 .ARM.attributes
                0x000007e1       0x1d c:/program files (x86)/cypress/psoc creator/4.0/psoc creator/import/gnu/arm/4.9.3/bin/../lib/gcc/arm-none-eabi/4.9.3/armv7-m\libgcc.a(_arm_fixunssfsi.o)
 .ARM.attributes
                0x000007fe       0x2d c:/program files (x86)/cypress/psoc creator/4.0/psoc creator/import/gnu/arm/4.9.3/bin/../lib/gcc/arm-none-eabi/4.9.3/../../../../arm-none-eabi/lib/armv7-m\libg_nano.a(lib_a-errno.o)
 .ARM.attributes
                0x0000082b       0x2d c:/program files (x86)/cypress/psoc creator/4.0/psoc creator/import/gnu/arm/4.9.3/bin/../lib/gcc/arm-none-eabi/4.9.3/../../../../arm-none-eabi/lib/armv7-m\libg_nano.a(lib_a-exit.o)
 .ARM.attributes
                0x00000858       0x2d c:/program files (x86)/cypress/psoc creator/4.0/psoc creator/import/gnu/arm/4.9.3/bin/../lib/gcc/arm-none-eabi/4.9.3/../../../../arm-none-eabi/lib/armv7-m\libg_nano.a(lib_a-impure.o)
 .ARM.attributes
                0x00000885       0x2d c:/program files (x86)/cypress/psoc creator/4.0/psoc creator/import/gnu/arm/4.9.3/bin/../lib/gcc/arm-none-eabi/4.9.3/../../../../arm-none-eabi/lib/armv7-m\libg_nano.a(lib_a-init.o)
 .ARM.attributes
                0x000008b2       0x2d c:/program files (x86)/cypress/psoc creator/4.0/psoc creator/import/gnu/arm/4.9.3/bin/../lib/gcc/arm-none-eabi/4.9.3/../../../../arm-none-eabi/lib/armv7-m\libg_nano.a(lib_a-memcpy.o)
 .ARM.attributes
                0x000008df       0x2d c:/program files (x86)/cypress/psoc creator/4.0/psoc creator/import/gnu/arm/4.9.3/bin/../lib/gcc/arm-none-eabi/4.9.3/../../../../arm-none-eabi/lib/armv7-m\libg_nano.a(lib_a-memset.o)
 .ARM.attributes
                0x0000090c       0x2d c:/program files (x86)/cypress/psoc creator/4.0/psoc creator/import/gnu/arm/4.9.3/bin/../lib/gcc/arm-none-eabi/4.9.3/armv7-m/crtend.o
 .ARM.attributes
                0x00000939       0x1d c:/program files (x86)/cypress/psoc creator/4.0/psoc creator/import/gnu/arm/4.9.3/bin/../lib/gcc/arm-none-eabi/4.9.3/armv7-m/crtn.o

/DISCARD/
 *(.note.GNU-stack)
OUTPUT(.\CortexM3\ARM_GCC_493\Debug\Practica4Parte2.elf elf32-littlearm)
