Archive member included because of file (symbol)

.\CortexM3\ARM_GCC_493\Debug\Practica2Parte5.a(cyfitter_cfg.o)
                              .\CortexM3\ARM_GCC_493\Debug\Cm3Start.o (cyfitter_cfg)
.\CortexM3\ARM_GCC_493\Debug\Practica2Parte5.a(Control_Reg_NextStep.o)
                              .\CortexM3\ARM_GCC_493\Debug\main.o (Control_Reg_NextStep_Write)
.\CortexM3\ARM_GCC_493\Debug\Practica2Parte5.a(Control_Reg_Clock.o)
                              .\CortexM3\ARM_GCC_493\Debug\main.o (Control_Reg_Clock_Write)
.\CortexM3\ARM_GCC_493\Debug\Practica2Parte5.a(Status_Reg_CurrentStep.o)
                              .\CortexM3\ARM_GCC_493\Debug\main.o (Status_Reg_CurrentStep_Read)
.\CortexM3\ARM_GCC_493\Debug\Practica2Parte5.a(Status_Reg_LastStep.o)
                              .\CortexM3\ARM_GCC_493\Debug\main.o (Status_Reg_LastStep_Read)
.\CortexM3\ARM_GCC_493\Debug\Practica2Parte5.a(Status_Reg_Error.o)
                              .\CortexM3\ARM_GCC_493\Debug\main.o (Status_Reg_Error_Read)
.\CortexM3\ARM_GCC_493\Debug\Practica2Parte5.a(pantallaLCD.o)
                              .\CortexM3\ARM_GCC_493\Debug\main.o (pantallaLCD_PrintString)
.\CortexM3\ARM_GCC_493\Debug\Practica2Parte5.a(nex.o)
                              .\CortexM3\ARM_GCC_493\Debug\main.o (nex_Read)
.\CortexM3\ARM_GCC_493\Debug\Practica2Parte5.a(cross.o)
                              .\CortexM3\ARM_GCC_493\Debug\main.o (cross_Read)
.\CortexM3\ARM_GCC_493\Debug\Practica2Parte5.a(CyLib.o)
                              .\CortexM3\ARM_GCC_493\Debug\Cm3Start.o (CyHalt)
.\CortexM3\ARM_GCC_493\Debug\Practica2Parte5.a(cyPm.o)
                              .\CortexM3\ARM_GCC_493\Debug\Practica2Parte5.a(CyLib.o) (CyPmReadStatus)
.\CortexM3\ARM_GCC_493\Debug\Practica2Parte5.a(CyBootAsmGnu.o)
                              .\CortexM3\ARM_GCC_493\Debug\Practica2Parte5.a(cyfitter_cfg.o) (CyDelayCycles)
.\CortexM3\ARM_GCC_493\Debug\Practica2Parte5.a(CyFlash.o)
                              .\CortexM3\ARM_GCC_493\Debug\Practica2Parte5.a(cyPm.o) (CyFlash_SetWaitCycles)
.\CortexM3\ARM_GCC_493\Debug\Practica2Parte5.a(CySpc.o)
                              .\CortexM3\ARM_GCC_493\Debug\Practica2Parte5.a(CyFlash.o) (CySpcStart)
c:/program files (x86)/cypress/psoc creator/4.0/psoc creator/import/gnu/arm/4.9.3/bin/../lib/gcc/arm-none-eabi/4.9.3/../../../../arm-none-eabi/lib/armv7-m\libg_nano.a(lib_a-errno.o)
                              .\CortexM3\ARM_GCC_493\Debug\Cm3Start.o (__errno)
c:/program files (x86)/cypress/psoc creator/4.0/psoc creator/import/gnu/arm/4.9.3/bin/../lib/gcc/arm-none-eabi/4.9.3/../../../../arm-none-eabi/lib/armv7-m\libg_nano.a(lib_a-exit.o)
                              c:/program files (x86)/cypress/psoc creator/4.0/psoc creator/import/gnu/arm/4.9.3/bin/../lib/gcc/arm-none-eabi/4.9.3/../../../../arm-none-eabi/lib/armv7-m/crt0.o (exit)
c:/program files (x86)/cypress/psoc creator/4.0/psoc creator/import/gnu/arm/4.9.3/bin/../lib/gcc/arm-none-eabi/4.9.3/../../../../arm-none-eabi/lib/armv7-m\libg_nano.a(lib_a-impure.o)
                              c:/program files (x86)/cypress/psoc creator/4.0/psoc creator/import/gnu/arm/4.9.3/bin/../lib/gcc/arm-none-eabi/4.9.3/../../../../arm-none-eabi/lib/armv7-m\libg_nano.a(lib_a-exit.o) (_global_impure_ptr)
c:/program files (x86)/cypress/psoc creator/4.0/psoc creator/import/gnu/arm/4.9.3/bin/../lib/gcc/arm-none-eabi/4.9.3/../../../../arm-none-eabi/lib/armv7-m\libg_nano.a(lib_a-init.o)
                              c:/program files (x86)/cypress/psoc creator/4.0/psoc creator/import/gnu/arm/4.9.3/bin/../lib/gcc/arm-none-eabi/4.9.3/../../../../arm-none-eabi/lib/armv7-m/crt0.o (__libc_init_array)
c:/program files (x86)/cypress/psoc creator/4.0/psoc creator/import/gnu/arm/4.9.3/bin/../lib/gcc/arm-none-eabi/4.9.3/../../../../arm-none-eabi/lib/armv7-m\libg_nano.a(lib_a-memcpy.o)
                              .\CortexM3\ARM_GCC_493\Debug\Practica2Parte5.a(cyfitter_cfg.o) (memcpy)
c:/program files (x86)/cypress/psoc creator/4.0/psoc creator/import/gnu/arm/4.9.3/bin/../lib/gcc/arm-none-eabi/4.9.3/../../../../arm-none-eabi/lib/armv7-m\libg_nano.a(lib_a-memset.o)
                              c:/program files (x86)/cypress/psoc creator/4.0/psoc creator/import/gnu/arm/4.9.3/bin/../lib/gcc/arm-none-eabi/4.9.3/../../../../arm-none-eabi/lib/armv7-m/crt0.o (memset)

Allocating common symbols
Common symbol       size              file

dieTemperature      0x2               .\CortexM3\ARM_GCC_493\Debug\Practica2Parte5.a(CyFlash.o)

Discarded input sections

 .text          0x00000000        0x0 c:/program files (x86)/cypress/psoc creator/4.0/psoc creator/import/gnu/arm/4.9.3/bin/../lib/gcc/arm-none-eabi/4.9.3/armv7-m/crti.o
 .data          0x00000000        0x0 c:/program files (x86)/cypress/psoc creator/4.0/psoc creator/import/gnu/arm/4.9.3/bin/../lib/gcc/arm-none-eabi/4.9.3/armv7-m/crti.o
 .bss           0x00000000        0x0 c:/program files (x86)/cypress/psoc creator/4.0/psoc creator/import/gnu/arm/4.9.3/bin/../lib/gcc/arm-none-eabi/4.9.3/armv7-m/crti.o
 .data          0x00000000        0x4 c:/program files (x86)/cypress/psoc creator/4.0/psoc creator/import/gnu/arm/4.9.3/bin/../lib/gcc/arm-none-eabi/4.9.3/armv7-m/crtbegin.o
 .text          0x00000000       0x74 c:/program files (x86)/cypress/psoc creator/4.0/psoc creator/import/gnu/arm/4.9.3/bin/../lib/gcc/arm-none-eabi/4.9.3/../../../../arm-none-eabi/lib/armv7-m/crt0.o
 .data          0x00000000        0x0 c:/program files (x86)/cypress/psoc creator/4.0/psoc creator/import/gnu/arm/4.9.3/bin/../lib/gcc/arm-none-eabi/4.9.3/../../../../arm-none-eabi/lib/armv7-m/crt0.o
 .bss           0x00000000        0x0 c:/program files (x86)/cypress/psoc creator/4.0/psoc creator/import/gnu/arm/4.9.3/bin/../lib/gcc/arm-none-eabi/4.9.3/../../../../arm-none-eabi/lib/armv7-m/crt0.o
 .ARM.extab     0x00000000        0x0 c:/program files (x86)/cypress/psoc creator/4.0/psoc creator/import/gnu/arm/4.9.3/bin/../lib/gcc/arm-none-eabi/4.9.3/../../../../arm-none-eabi/lib/armv7-m/crt0.o
 .ARM.exidx     0x00000000        0x8 c:/program files (x86)/cypress/psoc creator/4.0/psoc creator/import/gnu/arm/4.9.3/bin/../lib/gcc/arm-none-eabi/4.9.3/../../../../arm-none-eabi/lib/armv7-m/crt0.o
 .text          0x00000000        0x0 .\CortexM3\ARM_GCC_493\Debug\main.o
 .data          0x00000000        0x0 .\CortexM3\ARM_GCC_493\Debug\main.o
 .bss           0x00000000        0x0 .\CortexM3\ARM_GCC_493\Debug\main.o
 .text          0x00000000        0x0 .\CortexM3\ARM_GCC_493\Debug\cymetadata.o
 .data          0x00000000        0x0 .\CortexM3\ARM_GCC_493\Debug\cymetadata.o
 .bss           0x00000000        0x0 .\CortexM3\ARM_GCC_493\Debug\cymetadata.o
 .text          0x00000000        0x0 .\CortexM3\ARM_GCC_493\Debug\Cm3Start.o
 .data          0x00000000        0x4 .\CortexM3\ARM_GCC_493\Debug\Cm3Start.o
 .bss           0x00000000        0x0 .\CortexM3\ARM_GCC_493\Debug\Cm3Start.o
 .text._exit    0x00000000        0xc .\CortexM3\ARM_GCC_493\Debug\Cm3Start.o
 .text._sbrk    0x00000000       0x30 .\CortexM3\ARM_GCC_493\Debug\Cm3Start.o
 .text          0x00000000        0x0 .\CortexM3\ARM_GCC_493\Debug\Practica2Parte5.a(cyfitter_cfg.o)
 .data          0x00000000        0x0 .\CortexM3\ARM_GCC_493\Debug\Practica2Parte5.a(cyfitter_cfg.o)
 .bss           0x00000000        0x0 .\CortexM3\ARM_GCC_493\Debug\Practica2Parte5.a(cyfitter_cfg.o)
 .text.SetAnalogRoutingPumps
                0x00000000       0x10 .\CortexM3\ARM_GCC_493\Debug\Practica2Parte5.a(cyfitter_cfg.o)
 .text          0x00000000        0x0 .\CortexM3\ARM_GCC_493\Debug\Practica2Parte5.a(Control_Reg_NextStep.o)
 .data          0x00000000        0x0 .\CortexM3\ARM_GCC_493\Debug\Practica2Parte5.a(Control_Reg_NextStep.o)
 .bss           0x00000000        0x0 .\CortexM3\ARM_GCC_493\Debug\Practica2Parte5.a(Control_Reg_NextStep.o)
 .text.Control_Reg_NextStep_Read
                0x00000000        0xc .\CortexM3\ARM_GCC_493\Debug\Practica2Parte5.a(Control_Reg_NextStep.o)
 .text          0x00000000        0x0 .\CortexM3\ARM_GCC_493\Debug\Practica2Parte5.a(Control_Reg_Clock.o)
 .data          0x00000000        0x0 .\CortexM3\ARM_GCC_493\Debug\Practica2Parte5.a(Control_Reg_Clock.o)
 .bss           0x00000000        0x0 .\CortexM3\ARM_GCC_493\Debug\Practica2Parte5.a(Control_Reg_Clock.o)
 .text.Control_Reg_Clock_Read
                0x00000000        0xc .\CortexM3\ARM_GCC_493\Debug\Practica2Parte5.a(Control_Reg_Clock.o)
 .text          0x00000000        0x0 .\CortexM3\ARM_GCC_493\Debug\Practica2Parte5.a(Status_Reg_CurrentStep.o)
 .data          0x00000000        0x0 .\CortexM3\ARM_GCC_493\Debug\Practica2Parte5.a(Status_Reg_CurrentStep.o)
 .bss           0x00000000        0x0 .\CortexM3\ARM_GCC_493\Debug\Practica2Parte5.a(Status_Reg_CurrentStep.o)
 .text.Status_Reg_CurrentStep_InterruptEnable
                0x00000000       0x1c .\CortexM3\ARM_GCC_493\Debug\Practica2Parte5.a(Status_Reg_CurrentStep.o)
 .text.Status_Reg_CurrentStep_InterruptDisable
                0x00000000       0x1c .\CortexM3\ARM_GCC_493\Debug\Practica2Parte5.a(Status_Reg_CurrentStep.o)
 .text.Status_Reg_CurrentStep_WriteMask
                0x00000000       0x10 .\CortexM3\ARM_GCC_493\Debug\Practica2Parte5.a(Status_Reg_CurrentStep.o)
 .text.Status_Reg_CurrentStep_ReadMask
                0x00000000        0xc .\CortexM3\ARM_GCC_493\Debug\Practica2Parte5.a(Status_Reg_CurrentStep.o)
 .text          0x00000000        0x0 .\CortexM3\ARM_GCC_493\Debug\Practica2Parte5.a(Status_Reg_LastStep.o)
 .data          0x00000000        0x0 .\CortexM3\ARM_GCC_493\Debug\Practica2Parte5.a(Status_Reg_LastStep.o)
 .bss           0x00000000        0x0 .\CortexM3\ARM_GCC_493\Debug\Practica2Parte5.a(Status_Reg_LastStep.o)
 .text.Status_Reg_LastStep_InterruptEnable
                0x00000000       0x1c .\CortexM3\ARM_GCC_493\Debug\Practica2Parte5.a(Status_Reg_LastStep.o)
 .text.Status_Reg_LastStep_InterruptDisable
                0x00000000       0x1c .\CortexM3\ARM_GCC_493\Debug\Practica2Parte5.a(Status_Reg_LastStep.o)
 .text.Status_Reg_LastStep_WriteMask
                0x00000000       0x10 .\CortexM3\ARM_GCC_493\Debug\Practica2Parte5.a(Status_Reg_LastStep.o)
 .text.Status_Reg_LastStep_ReadMask
                0x00000000        0xc .\CortexM3\ARM_GCC_493\Debug\Practica2Parte5.a(Status_Reg_LastStep.o)
 .text          0x00000000        0x0 .\CortexM3\ARM_GCC_493\Debug\Practica2Parte5.a(Status_Reg_Error.o)
 .data          0x00000000        0x0 .\CortexM3\ARM_GCC_493\Debug\Practica2Parte5.a(Status_Reg_Error.o)
 .bss           0x00000000        0x0 .\CortexM3\ARM_GCC_493\Debug\Practica2Parte5.a(Status_Reg_Error.o)
 .text.Status_Reg_Error_InterruptEnable
                0x00000000       0x1c .\CortexM3\ARM_GCC_493\Debug\Practica2Parte5.a(Status_Reg_Error.o)
 .text.Status_Reg_Error_InterruptDisable
                0x00000000       0x1c .\CortexM3\ARM_GCC_493\Debug\Practica2Parte5.a(Status_Reg_Error.o)
 .text.Status_Reg_Error_WriteMask
                0x00000000       0x10 .\CortexM3\ARM_GCC_493\Debug\Practica2Parte5.a(Status_Reg_Error.o)
 .text.Status_Reg_Error_ReadMask
                0x00000000        0xc .\CortexM3\ARM_GCC_493\Debug\Practica2Parte5.a(Status_Reg_Error.o)
 .text          0x00000000        0x0 .\CortexM3\ARM_GCC_493\Debug\Practica2Parte5.a(pantallaLCD.o)
 .data          0x00000000        0x0 .\CortexM3\ARM_GCC_493\Debug\Practica2Parte5.a(pantallaLCD.o)
 .text.pantallaLCD_PutChar
                0x00000000        0x8 .\CortexM3\ARM_GCC_493\Debug\Practica2Parte5.a(pantallaLCD.o)
 .text.pantallaLCD_Stop
                0x00000000       0x14 .\CortexM3\ARM_GCC_493\Debug\Practica2Parte5.a(pantallaLCD.o)
 .text.pantallaLCD_PrintInt8
                0x00000000       0x20 .\CortexM3\ARM_GCC_493\Debug\Practica2Parte5.a(pantallaLCD.o)
 .text.pantallaLCD_PrintInt16
                0x00000000       0x14 .\CortexM3\ARM_GCC_493\Debug\Practica2Parte5.a(pantallaLCD.o)
 .text.pantallaLCD_PrintInt32
                0x00000000       0x1c .\CortexM3\ARM_GCC_493\Debug\Practica2Parte5.a(pantallaLCD.o)
 .rodata        0x00000000       0x10 .\CortexM3\ARM_GCC_493\Debug\Practica2Parte5.a(pantallaLCD.o)
 .text          0x00000000        0x0 .\CortexM3\ARM_GCC_493\Debug\Practica2Parte5.a(nex.o)
 .data          0x00000000        0x0 .\CortexM3\ARM_GCC_493\Debug\Practica2Parte5.a(nex.o)
 .bss           0x00000000        0x0 .\CortexM3\ARM_GCC_493\Debug\Practica2Parte5.a(nex.o)
 .text.nex_Write
                0x00000000       0x18 .\CortexM3\ARM_GCC_493\Debug\Practica2Parte5.a(nex.o)
 .text.nex_SetDriveMode
                0x00000000       0x18 .\CortexM3\ARM_GCC_493\Debug\Practica2Parte5.a(nex.o)
 .text.nex_ReadDataReg
                0x00000000        0xc .\CortexM3\ARM_GCC_493\Debug\Practica2Parte5.a(nex.o)
 .text          0x00000000        0x0 .\CortexM3\ARM_GCC_493\Debug\Practica2Parte5.a(cross.o)
 .data          0x00000000        0x0 .\CortexM3\ARM_GCC_493\Debug\Practica2Parte5.a(cross.o)
 .bss           0x00000000        0x0 .\CortexM3\ARM_GCC_493\Debug\Practica2Parte5.a(cross.o)
 .text.cross_Write
                0x00000000       0x18 .\CortexM3\ARM_GCC_493\Debug\Practica2Parte5.a(cross.o)
 .text.cross_SetDriveMode
                0x00000000       0x18 .\CortexM3\ARM_GCC_493\Debug\Practica2Parte5.a(cross.o)
 .text.cross_ReadDataReg
                0x00000000        0xc .\CortexM3\ARM_GCC_493\Debug\Practica2Parte5.a(cross.o)
 .text          0x00000000        0x0 .\CortexM3\ARM_GCC_493\Debug\Practica2Parte5.a(CyLib.o)
 .bss           0x00000000       0x1c .\CortexM3\ARM_GCC_493\Debug\Practica2Parte5.a(CyLib.o)
 .text.CyUSB_PowerOnCheck
                0x00000000       0x48 .\CortexM3\ARM_GCC_493\Debug\Practica2Parte5.a(CyLib.o)
 .text.CyBusClk_Internal_SetDivider
                0x00000000       0x48 .\CortexM3\ARM_GCC_493\Debug\Practica2Parte5.a(CyLib.o)
 .text.CyPLL_OUT_Stop
                0x00000000       0x10 .\CortexM3\ARM_GCC_493\Debug\Practica2Parte5.a(CyLib.o)
 .text.CyIMO_Stop
                0x00000000       0x1c .\CortexM3\ARM_GCC_493\Debug\Practica2Parte5.a(CyLib.o)
 .text.CyIMO_EnableDoubler
                0x00000000       0x10 .\CortexM3\ARM_GCC_493\Debug\Practica2Parte5.a(CyLib.o)
 .text.CyIMO_DisableDoubler
                0x00000000       0x10 .\CortexM3\ARM_GCC_493\Debug\Practica2Parte5.a(CyLib.o)
 .text.CyMasterClk_SetSource
                0x00000000       0x18 .\CortexM3\ARM_GCC_493\Debug\Practica2Parte5.a(CyLib.o)
 .text.CyMasterClk_SetDivider
                0x00000000        0xc .\CortexM3\ARM_GCC_493\Debug\Practica2Parte5.a(CyLib.o)
 .text.CyBusClk_SetDivider
                0x00000000       0x70 .\CortexM3\ARM_GCC_493\Debug\Practica2Parte5.a(CyLib.o)
 .text.CyUsbClk_SetSource
                0x00000000       0x18 .\CortexM3\ARM_GCC_493\Debug\Practica2Parte5.a(CyLib.o)
 .text.CyILO_Start1K
                0x00000000       0x10 .\CortexM3\ARM_GCC_493\Debug\Practica2Parte5.a(CyLib.o)
 .text.CyILO_Stop1K
                0x00000000       0x10 .\CortexM3\ARM_GCC_493\Debug\Practica2Parte5.a(CyLib.o)
 .text.CyILO_Start100K
                0x00000000       0x10 .\CortexM3\ARM_GCC_493\Debug\Practica2Parte5.a(CyLib.o)
 .text.CyILO_Stop100K
                0x00000000       0x10 .\CortexM3\ARM_GCC_493\Debug\Practica2Parte5.a(CyLib.o)
 .text.CyPLL_OUT_Start
                0x00000000       0x78 .\CortexM3\ARM_GCC_493\Debug\Practica2Parte5.a(CyLib.o)
 .text.CyIMO_Start
                0x00000000       0x60 .\CortexM3\ARM_GCC_493\Debug\Practica2Parte5.a(CyLib.o)
 .text.CyILO_Enable33K
                0x00000000       0x10 .\CortexM3\ARM_GCC_493\Debug\Practica2Parte5.a(CyLib.o)
 .text.CyILO_Disable33K
                0x00000000       0x10 .\CortexM3\ARM_GCC_493\Debug\Practica2Parte5.a(CyLib.o)
 .text.CyILO_SetSource
                0x00000000       0x18 .\CortexM3\ARM_GCC_493\Debug\Practica2Parte5.a(CyLib.o)
 .text.CyILO_SetPowerMode
                0x00000000       0x24 .\CortexM3\ARM_GCC_493\Debug\Practica2Parte5.a(CyLib.o)
 .text.CyXTAL_32KHZ_Stop
                0x00000000       0x30 .\CortexM3\ARM_GCC_493\Debug\Practica2Parte5.a(CyLib.o)
 .text.CyXTAL_32KHZ_ReadStatus
                0x00000000       0x10 .\CortexM3\ARM_GCC_493\Debug\Practica2Parte5.a(CyLib.o)
 .text.CyXTAL_Start
                0x00000000       0xac .\CortexM3\ARM_GCC_493\Debug\Practica2Parte5.a(CyLib.o)
 .text.CyXTAL_Stop
                0x00000000       0x10 .\CortexM3\ARM_GCC_493\Debug\Practica2Parte5.a(CyLib.o)
 .text.CyXTAL_EnableErrStatus
                0x00000000       0x10 .\CortexM3\ARM_GCC_493\Debug\Practica2Parte5.a(CyLib.o)
 .text.CyXTAL_DisableErrStatus
                0x00000000       0x10 .\CortexM3\ARM_GCC_493\Debug\Practica2Parte5.a(CyLib.o)
 .text.CyXTAL_ReadStatus
                0x00000000       0x18 .\CortexM3\ARM_GCC_493\Debug\Practica2Parte5.a(CyLib.o)
 .text.CyXTAL_EnableFaultRecovery
                0x00000000       0x10 .\CortexM3\ARM_GCC_493\Debug\Practica2Parte5.a(CyLib.o)
 .text.CyXTAL_DisableFaultRecovery
                0x00000000       0x10 .\CortexM3\ARM_GCC_493\Debug\Practica2Parte5.a(CyLib.o)
 .text.CyXTAL_SetStartup
                0x00000000       0x18 .\CortexM3\ARM_GCC_493\Debug\Practica2Parte5.a(CyLib.o)
 .text.CyXTAL_SetFbVoltage
                0x00000000       0x18 .\CortexM3\ARM_GCC_493\Debug\Practica2Parte5.a(CyLib.o)
 .text.CyXTAL_SetWdVoltage
                0x00000000       0x18 .\CortexM3\ARM_GCC_493\Debug\Practica2Parte5.a(CyLib.o)
 .text.CyHalt   0x00000000        0x4 .\CortexM3\ARM_GCC_493\Debug\Practica2Parte5.a(CyLib.o)
 .text.CyPLL_OUT_SetPQ
                0x00000000       0x60 .\CortexM3\ARM_GCC_493\Debug\Practica2Parte5.a(CyLib.o)
 .text.CyPLL_OUT_SetSource
                0x00000000       0x34 .\CortexM3\ARM_GCC_493\Debug\Practica2Parte5.a(CyLib.o)
 .text.CyIMO_SetTrimValue
                0x00000000       0xcc .\CortexM3\ARM_GCC_493\Debug\Practica2Parte5.a(CyLib.o)
 .text.CyIMO_SetFreq
                0x00000000       0xf4 .\CortexM3\ARM_GCC_493\Debug\Practica2Parte5.a(CyLib.o)
 .text.CyIMO_SetSource
                0x00000000       0x58 .\CortexM3\ARM_GCC_493\Debug\Practica2Parte5.a(CyLib.o)
 .text.CySoftwareReset
                0x00000000       0x10 .\CortexM3\ARM_GCC_493\Debug\Practica2Parte5.a(CyLib.o)
 .text.CyXTAL_32KHZ_SetPowerMode
                0x00000000       0x84 .\CortexM3\ARM_GCC_493\Debug\Practica2Parte5.a(CyLib.o)
 .text.CyXTAL_32KHZ_Start
                0x00000000       0x70 .\CortexM3\ARM_GCC_493\Debug\Practica2Parte5.a(CyLib.o)
 .text.CyDelayFreq
                0x00000000       0x4c .\CortexM3\ARM_GCC_493\Debug\Practica2Parte5.a(CyLib.o)
 .text.CyWdtStart
                0x00000000       0x40 .\CortexM3\ARM_GCC_493\Debug\Practica2Parte5.a(CyLib.o)
 .text.CyWdtClear
                0x00000000        0xc .\CortexM3\ARM_GCC_493\Debug\Practica2Parte5.a(CyLib.o)
 .text.CyVdStickyStatus
                0x00000000       0x2c .\CortexM3\ARM_GCC_493\Debug\Practica2Parte5.a(CyLib.o)
 .text.CyVdLvDigitEnable
                0x00000000       0x84 .\CortexM3\ARM_GCC_493\Debug\Practica2Parte5.a(CyLib.o)
 .text.CyVdLvAnalogEnable
                0x00000000       0x80 .\CortexM3\ARM_GCC_493\Debug\Practica2Parte5.a(CyLib.o)
 .text.CyVdLvDigitDisable
                0x00000000       0x30 .\CortexM3\ARM_GCC_493\Debug\Practica2Parte5.a(CyLib.o)
 .text.CyVdLvAnalogDisable
                0x00000000       0x28 .\CortexM3\ARM_GCC_493\Debug\Practica2Parte5.a(CyLib.o)
 .text.CyVdHvAnalogEnable
                0x00000000       0x54 .\CortexM3\ARM_GCC_493\Debug\Practica2Parte5.a(CyLib.o)
 .text.CyVdHvAnalogDisable
                0x00000000       0x20 .\CortexM3\ARM_GCC_493\Debug\Practica2Parte5.a(CyLib.o)
 .text.CyVdRealTimeStatus
                0x00000000       0x1c .\CortexM3\ARM_GCC_493\Debug\Practica2Parte5.a(CyLib.o)
 .text.CyDisableInts
                0x00000000       0x1c .\CortexM3\ARM_GCC_493\Debug\Practica2Parte5.a(CyLib.o)
 .text.CyEnableInts
                0x00000000       0x18 .\CortexM3\ARM_GCC_493\Debug\Practica2Parte5.a(CyLib.o)
 .text.CyFlushCache
                0x00000000       0x44 .\CortexM3\ARM_GCC_493\Debug\Practica2Parte5.a(CyLib.o)
 .text.CyIntSetSysVector
                0x00000000       0x28 .\CortexM3\ARM_GCC_493\Debug\Practica2Parte5.a(CyLib.o)
 .text.CyIntGetSysVector
                0x00000000       0x20 .\CortexM3\ARM_GCC_493\Debug\Practica2Parte5.a(CyLib.o)
 .text.CyIntSetVector
                0x00000000       0x28 .\CortexM3\ARM_GCC_493\Debug\Practica2Parte5.a(CyLib.o)
 .text.CyIntGetVector
                0x00000000       0x24 .\CortexM3\ARM_GCC_493\Debug\Practica2Parte5.a(CyLib.o)
 .text.CyIntSetPriority
                0x00000000       0x30 .\CortexM3\ARM_GCC_493\Debug\Practica2Parte5.a(CyLib.o)
 .text.CyIntGetPriority
                0x00000000       0x20 .\CortexM3\ARM_GCC_493\Debug\Practica2Parte5.a(CyLib.o)
 .text.CyIntGetState
                0x00000000       0x24 .\CortexM3\ARM_GCC_493\Debug\Practica2Parte5.a(CyLib.o)
 .text.CySysTickStop
                0x00000000       0x10 .\CortexM3\ARM_GCC_493\Debug\Practica2Parte5.a(CyLib.o)
 .text.CySysTickEnableInterrupt
                0x00000000       0x10 .\CortexM3\ARM_GCC_493\Debug\Practica2Parte5.a(CyLib.o)
 .text.CySysTickEnable
                0x00000000       0x18 .\CortexM3\ARM_GCC_493\Debug\Practica2Parte5.a(CyLib.o)
 .text.CySysTickDisableInterrupt
                0x00000000       0x10 .\CortexM3\ARM_GCC_493\Debug\Practica2Parte5.a(CyLib.o)
 .text.CySysTickSetReload
                0x00000000       0x10 .\CortexM3\ARM_GCC_493\Debug\Practica2Parte5.a(CyLib.o)
 .text.CySysTickGetReload
                0x00000000       0x10 .\CortexM3\ARM_GCC_493\Debug\Practica2Parte5.a(CyLib.o)
 .text.CySysTickGetValue
                0x00000000       0x10 .\CortexM3\ARM_GCC_493\Debug\Practica2Parte5.a(CyLib.o)
 .text.CySysTickSetClockSource
                0x00000000       0x20 .\CortexM3\ARM_GCC_493\Debug\Practica2Parte5.a(CyLib.o)
 .text.CySysTickGetClockSource
                0x00000000       0x10 .\CortexM3\ARM_GCC_493\Debug\Practica2Parte5.a(CyLib.o)
 .text.CySysTickGetCountFlag
                0x00000000       0x10 .\CortexM3\ARM_GCC_493\Debug\Practica2Parte5.a(CyLib.o)
 .text.CySysTickServiceCallbacks
                0x00000000       0x28 .\CortexM3\ARM_GCC_493\Debug\Practica2Parte5.a(CyLib.o)
 .text.CySysTickClear
                0x00000000        0xc .\CortexM3\ARM_GCC_493\Debug\Practica2Parte5.a(CyLib.o)
 .text.CySysTickInit
                0x00000000       0x58 .\CortexM3\ARM_GCC_493\Debug\Practica2Parte5.a(CyLib.o)
 .text.CySysTickStart
                0x00000000       0x1c .\CortexM3\ARM_GCC_493\Debug\Practica2Parte5.a(CyLib.o)
 .text.CySysTickSetCallback
                0x00000000       0x10 .\CortexM3\ARM_GCC_493\Debug\Practica2Parte5.a(CyLib.o)
 .text.CySysTickGetCallback
                0x00000000       0x10 .\CortexM3\ARM_GCC_493\Debug\Practica2Parte5.a(CyLib.o)
 .text.CyGetUniqueId
                0x00000000       0x70 .\CortexM3\ARM_GCC_493\Debug\Practica2Parte5.a(CyLib.o)
 .text          0x00000000        0x0 .\CortexM3\ARM_GCC_493\Debug\Practica2Parte5.a(cyPm.o)
 .data          0x00000000        0x0 .\CortexM3\ARM_GCC_493\Debug\Practica2Parte5.a(cyPm.o)
 .bss           0x00000000       0x44 .\CortexM3\ARM_GCC_493\Debug\Practica2Parte5.a(cyPm.o)
 .text.CyPmHibSlpSaveSet
                0x00000000      0x1dc .\CortexM3\ARM_GCC_493\Debug\Practica2Parte5.a(cyPm.o)
 .text.CyPmHibSlpRestore
                0x00000000       0xd4 .\CortexM3\ARM_GCC_493\Debug\Practica2Parte5.a(cyPm.o)
 .text.CyPmHviLviSaveDisable
                0x00000000       0xa0 .\CortexM3\ARM_GCC_493\Debug\Practica2Parte5.a(cyPm.o)
 .text.CyPmHibSaveSet
                0x00000000       0x8c .\CortexM3\ARM_GCC_493\Debug\Practica2Parte5.a(cyPm.o)
 .text.CyPmHviLviRestore
                0x00000000       0x48 .\CortexM3\ARM_GCC_493\Debug\Practica2Parte5.a(cyPm.o)
 .text.CyPmHibRestore
                0x00000000       0x58 .\CortexM3\ARM_GCC_493\Debug\Practica2Parte5.a(cyPm.o)
 .text.CyPmSaveClocks
                0x00000000      0x218 .\CortexM3\ARM_GCC_493\Debug\Practica2Parte5.a(cyPm.o)
 .text.CyPmRestoreClocks
                0x00000000      0x24c .\CortexM3\ARM_GCC_493\Debug\Practica2Parte5.a(cyPm.o)
 .text.CyPmAltAct
                0x00000000       0x6c .\CortexM3\ARM_GCC_493\Debug\Practica2Parte5.a(cyPm.o)
 .text.CyPmSleep
                0x00000000       0xf4 .\CortexM3\ARM_GCC_493\Debug\Practica2Parte5.a(cyPm.o)
 .text.CyPmHibernateEx
                0x00000000       0xf4 .\CortexM3\ARM_GCC_493\Debug\Practica2Parte5.a(cyPm.o)
 .text.CyPmHibernate
                0x00000000        0xc .\CortexM3\ARM_GCC_493\Debug\Practica2Parte5.a(cyPm.o)
 .text.CyPmReadStatus
                0x00000000       0x30 .\CortexM3\ARM_GCC_493\Debug\Practica2Parte5.a(cyPm.o)
 .text.CyPmCtwSetInterval
                0x00000000       0x5c .\CortexM3\ARM_GCC_493\Debug\Practica2Parte5.a(cyPm.o)
 .text.CyPmOppsSet
                0x00000000       0x2c .\CortexM3\ARM_GCC_493\Debug\Practica2Parte5.a(cyPm.o)
 .text.CyPmFtwSetInterval
                0x00000000       0x5c .\CortexM3\ARM_GCC_493\Debug\Practica2Parte5.a(cyPm.o)
 .rodata        0x00000000       0x10 .\CortexM3\ARM_GCC_493\Debug\Practica2Parte5.a(cyPm.o)
 .data          0x00000000        0x0 .\CortexM3\ARM_GCC_493\Debug\Practica2Parte5.a(CyBootAsmGnu.o)
 .bss           0x00000000        0x0 .\CortexM3\ARM_GCC_493\Debug\Practica2Parte5.a(CyBootAsmGnu.o)
 .text          0x00000000        0x0 .\CortexM3\ARM_GCC_493\Debug\Practica2Parte5.a(CyFlash.o)
 .data          0x00000000        0x0 .\CortexM3\ARM_GCC_493\Debug\Practica2Parte5.a(CyFlash.o)
 .bss           0x00000000        0x4 .\CortexM3\ARM_GCC_493\Debug\Practica2Parte5.a(CyFlash.o)
 .text.CyFlashGetSpcAlgorithm
                0x00000000       0x4c .\CortexM3\ARM_GCC_493\Debug\Practica2Parte5.a(CyFlash.o)
 .text.CySetTempInt
                0x00000000       0x60 .\CortexM3\ARM_GCC_493\Debug\Practica2Parte5.a(CyFlash.o)
 .text.CyFlash_Start
                0x00000000       0x54 .\CortexM3\ARM_GCC_493\Debug\Practica2Parte5.a(CyFlash.o)
 .text.CyFlash_Stop
                0x00000000       0x24 .\CortexM3\ARM_GCC_493\Debug\Practica2Parte5.a(CyFlash.o)
 .text.CySetTemp
                0x00000000       0x14 .\CortexM3\ARM_GCC_493\Debug\Practica2Parte5.a(CyFlash.o)
 .text.CySetFlashEEBuffer
                0x00000000       0x28 .\CortexM3\ARM_GCC_493\Debug\Practica2Parte5.a(CyFlash.o)
 .text.CyWriteRowFull
                0x00000000       0xf8 .\CortexM3\ARM_GCC_493\Debug\Practica2Parte5.a(CyFlash.o)
 .text.CyWriteRowData
                0x00000000       0x14 .\CortexM3\ARM_GCC_493\Debug\Practica2Parte5.a(CyFlash.o)
 .text.CyFlash_SetWaitCycles
                0x00000000       0x7c .\CortexM3\ARM_GCC_493\Debug\Practica2Parte5.a(CyFlash.o)
 .text.CyEEPROM_Start
                0x00000000       0x54 .\CortexM3\ARM_GCC_493\Debug\Practica2Parte5.a(CyFlash.o)
 .text.CyEEPROM_Stop
                0x00000000       0x24 .\CortexM3\ARM_GCC_493\Debug\Practica2Parte5.a(CyFlash.o)
 .text.CyEEPROM_ReadReserve
                0x00000000       0x1c .\CortexM3\ARM_GCC_493\Debug\Practica2Parte5.a(CyFlash.o)
 .text.CyEEPROM_ReadRelease
                0x00000000       0x10 .\CortexM3\ARM_GCC_493\Debug\Practica2Parte5.a(CyFlash.o)
 COMMON         0x00000000        0x2 .\CortexM3\ARM_GCC_493\Debug\Practica2Parte5.a(CyFlash.o)
 .text          0x00000000        0x0 .\CortexM3\ARM_GCC_493\Debug\Practica2Parte5.a(CySpc.o)
 .data          0x00000000        0x0 .\CortexM3\ARM_GCC_493\Debug\Practica2Parte5.a(CySpc.o)
 .bss           0x00000000        0x8 .\CortexM3\ARM_GCC_493\Debug\Practica2Parte5.a(CySpc.o)
 .text.CySpcStart
                0x00000000       0x24 .\CortexM3\ARM_GCC_493\Debug\Practica2Parte5.a(CySpc.o)
 .text.CySpcStop
                0x00000000       0x24 .\CortexM3\ARM_GCC_493\Debug\Practica2Parte5.a(CySpc.o)
 .text.CySpcReadData
                0x00000000       0x34 .\CortexM3\ARM_GCC_493\Debug\Practica2Parte5.a(CySpc.o)
 .text.CySpcLoadMultiByte
                0x00000000       0x78 .\CortexM3\ARM_GCC_493\Debug\Practica2Parte5.a(CySpc.o)
 .text.CySpcLoadRow
                0x00000000       0x54 .\CortexM3\ARM_GCC_493\Debug\Practica2Parte5.a(CySpc.o)
 .text.CySpcLoadRowFull
                0x00000000       0x80 .\CortexM3\ARM_GCC_493\Debug\Practica2Parte5.a(CySpc.o)
 .text.CySpcWriteRow
                0x00000000       0x4c .\CortexM3\ARM_GCC_493\Debug\Practica2Parte5.a(CySpc.o)
 .text.CySpcEraseSector
                0x00000000       0x3c .\CortexM3\ARM_GCC_493\Debug\Practica2Parte5.a(CySpc.o)
 .text.CySpcGetTemp
                0x00000000       0x3c .\CortexM3\ARM_GCC_493\Debug\Practica2Parte5.a(CySpc.o)
 .text.CySpcLock
                0x00000000       0x4c .\CortexM3\ARM_GCC_493\Debug\Practica2Parte5.a(CySpc.o)
 .text.CySpcUnlock
                0x00000000       0x38 .\CortexM3\ARM_GCC_493\Debug\Practica2Parte5.a(CySpc.o)
 .text.CySpcGetAlgorithm
                0x00000000       0x28 .\CortexM3\ARM_GCC_493\Debug\Practica2Parte5.a(CySpc.o)
 .text          0x00000000        0x0 c:/program files (x86)/cypress/psoc creator/4.0/psoc creator/import/gnu/arm/4.9.3/bin/../lib/gcc/arm-none-eabi/4.9.3/../../../../arm-none-eabi/lib/armv7-m\libg_nano.a(lib_a-errno.o)
 .data          0x00000000        0x0 c:/program files (x86)/cypress/psoc creator/4.0/psoc creator/import/gnu/arm/4.9.3/bin/../lib/gcc/arm-none-eabi/4.9.3/../../../../arm-none-eabi/lib/armv7-m\libg_nano.a(lib_a-errno.o)
 .bss           0x00000000        0x0 c:/program files (x86)/cypress/psoc creator/4.0/psoc creator/import/gnu/arm/4.9.3/bin/../lib/gcc/arm-none-eabi/4.9.3/../../../../arm-none-eabi/lib/armv7-m\libg_nano.a(lib_a-errno.o)
 .text          0x00000000        0x0 c:/program files (x86)/cypress/psoc creator/4.0/psoc creator/import/gnu/arm/4.9.3/bin/../lib/gcc/arm-none-eabi/4.9.3/../../../../arm-none-eabi/lib/armv7-m\libg_nano.a(lib_a-exit.o)
 .data          0x00000000        0x0 c:/program files (x86)/cypress/psoc creator/4.0/psoc creator/import/gnu/arm/4.9.3/bin/../lib/gcc/arm-none-eabi/4.9.3/../../../../arm-none-eabi/lib/armv7-m\libg_nano.a(lib_a-exit.o)
 .bss           0x00000000        0x0 c:/program files (x86)/cypress/psoc creator/4.0/psoc creator/import/gnu/arm/4.9.3/bin/../lib/gcc/arm-none-eabi/4.9.3/../../../../arm-none-eabi/lib/armv7-m\libg_nano.a(lib_a-exit.o)
 .text.exit     0x00000000       0x28 c:/program files (x86)/cypress/psoc creator/4.0/psoc creator/import/gnu/arm/4.9.3/bin/../lib/gcc/arm-none-eabi/4.9.3/../../../../arm-none-eabi/lib/armv7-m\libg_nano.a(lib_a-exit.o)
 .text          0x00000000        0x0 c:/program files (x86)/cypress/psoc creator/4.0/psoc creator/import/gnu/arm/4.9.3/bin/../lib/gcc/arm-none-eabi/4.9.3/../../../../arm-none-eabi/lib/armv7-m\libg_nano.a(lib_a-impure.o)
 .data          0x00000000        0x0 c:/program files (x86)/cypress/psoc creator/4.0/psoc creator/import/gnu/arm/4.9.3/bin/../lib/gcc/arm-none-eabi/4.9.3/../../../../arm-none-eabi/lib/armv7-m\libg_nano.a(lib_a-impure.o)
 .bss           0x00000000        0x0 c:/program files (x86)/cypress/psoc creator/4.0/psoc creator/import/gnu/arm/4.9.3/bin/../lib/gcc/arm-none-eabi/4.9.3/../../../../arm-none-eabi/lib/armv7-m\libg_nano.a(lib_a-impure.o)
 .rodata._global_impure_ptr
                0x00000000        0x4 c:/program files (x86)/cypress/psoc creator/4.0/psoc creator/import/gnu/arm/4.9.3/bin/../lib/gcc/arm-none-eabi/4.9.3/../../../../arm-none-eabi/lib/armv7-m\libg_nano.a(lib_a-impure.o)
 .text          0x00000000        0x0 c:/program files (x86)/cypress/psoc creator/4.0/psoc creator/import/gnu/arm/4.9.3/bin/../lib/gcc/arm-none-eabi/4.9.3/../../../../arm-none-eabi/lib/armv7-m\libg_nano.a(lib_a-init.o)
 .data          0x00000000        0x0 c:/program files (x86)/cypress/psoc creator/4.0/psoc creator/import/gnu/arm/4.9.3/bin/../lib/gcc/arm-none-eabi/4.9.3/../../../../arm-none-eabi/lib/armv7-m\libg_nano.a(lib_a-init.o)
 .bss           0x00000000        0x0 c:/program files (x86)/cypress/psoc creator/4.0/psoc creator/import/gnu/arm/4.9.3/bin/../lib/gcc/arm-none-eabi/4.9.3/../../../../arm-none-eabi/lib/armv7-m\libg_nano.a(lib_a-init.o)
 .text          0x00000000        0x0 c:/program files (x86)/cypress/psoc creator/4.0/psoc creator/import/gnu/arm/4.9.3/bin/../lib/gcc/arm-none-eabi/4.9.3/../../../../arm-none-eabi/lib/armv7-m\libg_nano.a(lib_a-memcpy.o)
 .data          0x00000000        0x0 c:/program files (x86)/cypress/psoc creator/4.0/psoc creator/import/gnu/arm/4.9.3/bin/../lib/gcc/arm-none-eabi/4.9.3/../../../../arm-none-eabi/lib/armv7-m\libg_nano.a(lib_a-memcpy.o)
 .bss           0x00000000        0x0 c:/program files (x86)/cypress/psoc creator/4.0/psoc creator/import/gnu/arm/4.9.3/bin/../lib/gcc/arm-none-eabi/4.9.3/../../../../arm-none-eabi/lib/armv7-m\libg_nano.a(lib_a-memcpy.o)
 .text          0x00000000        0x0 c:/program files (x86)/cypress/psoc creator/4.0/psoc creator/import/gnu/arm/4.9.3/bin/../lib/gcc/arm-none-eabi/4.9.3/../../../../arm-none-eabi/lib/armv7-m\libg_nano.a(lib_a-memset.o)
 .data          0x00000000        0x0 c:/program files (x86)/cypress/psoc creator/4.0/psoc creator/import/gnu/arm/4.9.3/bin/../lib/gcc/arm-none-eabi/4.9.3/../../../../arm-none-eabi/lib/armv7-m\libg_nano.a(lib_a-memset.o)
 .bss           0x00000000        0x0 c:/program files (x86)/cypress/psoc creator/4.0/psoc creator/import/gnu/arm/4.9.3/bin/../lib/gcc/arm-none-eabi/4.9.3/../../../../arm-none-eabi/lib/armv7-m\libg_nano.a(lib_a-memset.o)
 .text          0x00000000        0x0 c:/program files (x86)/cypress/psoc creator/4.0/psoc creator/import/gnu/arm/4.9.3/bin/../lib/gcc/arm-none-eabi/4.9.3/armv7-m/crtend.o
 .data          0x00000000        0x0 c:/program files (x86)/cypress/psoc creator/4.0/psoc creator/import/gnu/arm/4.9.3/bin/../lib/gcc/arm-none-eabi/4.9.3/armv7-m/crtend.o
 .bss           0x00000000        0x0 c:/program files (x86)/cypress/psoc creator/4.0/psoc creator/import/gnu/arm/4.9.3/bin/../lib/gcc/arm-none-eabi/4.9.3/armv7-m/crtend.o
 .text          0x00000000        0x0 c:/program files (x86)/cypress/psoc creator/4.0/psoc creator/import/gnu/arm/4.9.3/bin/../lib/gcc/arm-none-eabi/4.9.3/armv7-m/crtn.o
 .data          0x00000000        0x0 c:/program files (x86)/cypress/psoc creator/4.0/psoc creator/import/gnu/arm/4.9.3/bin/../lib/gcc/arm-none-eabi/4.9.3/armv7-m/crtn.o
 .bss           0x00000000        0x0 c:/program files (x86)/cypress/psoc creator/4.0/psoc creator/import/gnu/arm/4.9.3/bin/../lib/gcc/arm-none-eabi/4.9.3/armv7-m/crtn.o

Memory Configuration

Name             Origin             Length             Attributes
rom              0x00000000         0x00040000         xr
ram              0x1fff8000         0x00010000         xrw
*default*        0x00000000         0xffffffff

Linker script and memory map

LOAD c:/program files (x86)/cypress/psoc creator/4.0/psoc creator/import/gnu/arm/4.9.3/bin/../lib/gcc/arm-none-eabi/4.9.3/armv7-m/crti.o
LOAD c:/program files (x86)/cypress/psoc creator/4.0/psoc creator/import/gnu/arm/4.9.3/bin/../lib/gcc/arm-none-eabi/4.9.3/armv7-m/crtbegin.o
LOAD c:/program files (x86)/cypress/psoc creator/4.0/psoc creator/import/gnu/arm/4.9.3/bin/../lib/gcc/arm-none-eabi/4.9.3/../../../../arm-none-eabi/lib/armv7-m/crt0.o
START GROUP
LOAD .\CortexM3\ARM_GCC_493\Debug\main.o
LOAD .\CortexM3\ARM_GCC_493\Debug\cymetadata.o
LOAD .\CortexM3\ARM_GCC_493\Debug\Cm3Start.o
LOAD .\CortexM3\ARM_GCC_493\Debug\Practica2Parte5.a
LOAD C:\Program Files (x86)\Cypress\PSoC Creator\4.0\PSoC Creator\psoc\content\cycomponentlibrary\CyComponentLibrary.cylib\CortexM3\ARM_GCC_493\Debug\CyComponentLibrary.a
END GROUP
START GROUP
LOAD c:/program files (x86)/cypress/psoc creator/4.0/psoc creator/import/gnu/arm/4.9.3/bin/../lib/gcc/arm-none-eabi/4.9.3/armv7-m\libgcc.a
LOAD c:/program files (x86)/cypress/psoc creator/4.0/psoc creator/import/gnu/arm/4.9.3/bin/../lib/gcc/arm-none-eabi/4.9.3/../../../../arm-none-eabi/lib/armv7-m\libg_nano.a
LOAD c:/program files (x86)/cypress/psoc creator/4.0/psoc creator/import/gnu/arm/4.9.3/bin/../lib/gcc/arm-none-eabi/4.9.3/../../../../arm-none-eabi/lib/armv7-m\libc_nano.a
END GROUP
START GROUP
LOAD c:/program files (x86)/cypress/psoc creator/4.0/psoc creator/import/gnu/arm/4.9.3/bin/../lib/gcc/arm-none-eabi/4.9.3/armv7-m\libgcc.a
LOAD c:/program files (x86)/cypress/psoc creator/4.0/psoc creator/import/gnu/arm/4.9.3/bin/../lib/gcc/arm-none-eabi/4.9.3/../../../../arm-none-eabi/lib/armv7-m\libc_nano.a
END GROUP
LOAD c:/program files (x86)/cypress/psoc creator/4.0/psoc creator/import/gnu/arm/4.9.3/bin/../lib/gcc/arm-none-eabi/4.9.3/armv7-m/crtend.o
LOAD c:/program files (x86)/cypress/psoc creator/4.0/psoc creator/import/gnu/arm/4.9.3/bin/../lib/gcc/arm-none-eabi/4.9.3/armv7-m/crtn.o
START GROUP
LOAD c:/program files (x86)/cypress/psoc creator/4.0/psoc creator/import/gnu/arm/4.9.3/bin/../lib/gcc/arm-none-eabi/4.9.3/armv7-m\libgcc.a
LOAD c:/program files (x86)/cypress/psoc creator/4.0/psoc creator/import/gnu/arm/4.9.3/bin/../lib/gcc/arm-none-eabi/4.9.3/../../../../arm-none-eabi/lib/armv7-m\libc.a
LOAD c:/program files (x86)/cypress/psoc creator/4.0/psoc creator/import/gnu/arm/4.9.3/bin/../lib/gcc/arm-none-eabi/4.9.3/../../../../arm-none-eabi/lib/armv7-m\libnosys.a
END GROUP
                0x00000000                CY_APPL_ORIGIN = 0x0
                0x00000100                CY_FLASH_ROW_SIZE = 0x100
                0x00000020                CY_ECC_ROW_SIZE = 0x20
                0x00000000                CY_EE_IN_BTLDR = 0x0
                0x00000000                CY_APPL_LOADABLE = 0x0
                0x00000800                CY_EE_SIZE = 0x800
                0x00000001                CY_APPL_NUM = 0x1
                0x00000001                CY_APPL_MAX = 0x1
                0x00000040                CY_METADATA_SIZE = 0x40
                0x00000000                CY_APPL_LOADABLE = 0x0
                0x00000000                CY_CHECKSUM_EXCLUDE_SIZE = ALIGN (0x0, CY_FLASH_ROW_SIZE)
                0x1fff81a0                PROVIDE (__cy_heap_start, _end)
                0x00000001                PROVIDE (__cy_region_num, ((__cy_regions_end - __cy_regions) / 0x10))
                0x20008000                PROVIDE (__cy_stack, (ORIGIN (ram) + 0x10000))
                0x20007800                PROVIDE (__cy_heap_end, (__cy_stack - 0x800))

.cybootloader   0x00000000        0x0
 *(.cybootloader)
                0x00000000                appl1_start = CY_APPL_ORIGIN?CY_APPL_ORIGIN:ALIGN (CY_FLASH_ROW_SIZE)
                0x0001ff00                appl2_start = (appl1_start + ALIGN ((((0x40000 - appl1_start) - (0x2 * CY_FLASH_ROW_SIZE)) / 0x2), CY_FLASH_ROW_SIZE))
                0x00000000                appl_start = (CY_APPL_NUM == 0x1)?appl1_start:appl2_start
                0x00000000                ecc_offset = ((appl_start / CY_FLASH_ROW_SIZE) * CY_ECC_ROW_SIZE)
                0x00000000                ee_offset = (CY_APPL_LOADABLE && ! (CY_EE_IN_BTLDR))?((CY_EE_SIZE / CY_APPL_MAX) * (CY_APPL_NUM - 0x1)):0x0
                0x00000800                ee_size = (CY_APPL_LOADABLE && ! (CY_EE_IN_BTLDR))?(CY_EE_SIZE / CY_APPL_MAX):CY_EE_SIZE
                0x00000000                PROVIDE (CY_ECC_OFFSET, ecc_offset)

.text           0x00000000      0x99e
 CREATE_OBJECT_SYMBOLS
                0x00000000                PROVIDE (__cy_interrupt_vector, RomVectors)
 *(.romvectors)
 .romvectors    0x00000000       0x10 .\CortexM3\ARM_GCC_493\Debug\Cm3Start.o
                0x00000000                RomVectors
                0x00000001                ASSERT ((. != __cy_interrupt_vector), No interrupt vector)
                0x00000001                ASSERT (CY_APPL_ORIGIN?(SIZEOF (.cybootloader) <= CY_APPL_ORIGIN):0x1, Wrong image location)
                0x00000010                PROVIDE (__cy_reset, Reset)
 *(.text.Reset)
 .text.Reset    0x00000010       0x18 .\CortexM3\ARM_GCC_493\Debug\Cm3Start.o
                0x00000010                Reset
                0x00000001                ASSERT ((. != __cy_reset), No reset code)
 *(.dma_init)
                0x00000001                ASSERT ((((appl_start + .) <= 0x10000) || 0x1), DMA Init must be within the first 64k of flash)
 *(.text .text.* .gnu.linkonce.t.*)
 .text          0x00000028       0x5c c:/program files (x86)/cypress/psoc creator/4.0/psoc creator/import/gnu/arm/4.9.3/bin/../lib/gcc/arm-none-eabi/4.9.3/armv7-m/crtbegin.o
 .text.main     0x00000084      0x24c .\CortexM3\ARM_GCC_493\Debug\main.o
                0x00000084                main
 .text.IntDefaultHandler
                0x000002d0       0x10 .\CortexM3\ARM_GCC_493\Debug\Cm3Start.o
                0x000002d0                IntDefaultHandler
 .text.Start_c  0x000002e0       0x4c .\CortexM3\ARM_GCC_493\Debug\Cm3Start.o
                0x000002e0                Start_c
 .text.initialize_psoc
                0x0000032c       0x74 .\CortexM3\ARM_GCC_493\Debug\Cm3Start.o
                0x0000032c                initialize_psoc
 .text.CyClockStartupError
                0x000003a0        0x4 .\CortexM3\ARM_GCC_493\Debug\Practica2Parte5.a(cyfitter_cfg.o)
 .text.cfg_write_bytes32
                0x000003a4       0x34 .\CortexM3\ARM_GCC_493\Debug\Practica2Parte5.a(cyfitter_cfg.o)
 .text.AnalogSetDefault
                0x000003d8       0x28 .\CortexM3\ARM_GCC_493\Debug\Practica2Parte5.a(cyfitter_cfg.o)
 .text.CYMEMZERO
                0x00000400        0xc .\CortexM3\ARM_GCC_493\Debug\Practica2Parte5.a(cyfitter_cfg.o)
 .text.ClockSetup
                0x0000040c       0x9c .\CortexM3\ARM_GCC_493\Debug\Practica2Parte5.a(cyfitter_cfg.o)
 .text.CYCONFIGCPY
                0x000004a8        0x8 .\CortexM3\ARM_GCC_493\Debug\Practica2Parte5.a(cyfitter_cfg.o)
 .text.cyfitter_cfg
                0x000004b0       0xdc .\CortexM3\ARM_GCC_493\Debug\Practica2Parte5.a(cyfitter_cfg.o)
                0x000004b0                cyfitter_cfg
 .text.Control_Reg_NextStep_Write
                0x0000058c        0xc .\CortexM3\ARM_GCC_493\Debug\Practica2Parte5.a(Control_Reg_NextStep.o)
                0x0000058c                Control_Reg_NextStep_Write
 .text.Control_Reg_Clock_Write
                0x00000598        0xc .\CortexM3\ARM_GCC_493\Debug\Practica2Parte5.a(Control_Reg_Clock.o)
                0x00000598                Control_Reg_Clock_Write
 .text.Status_Reg_CurrentStep_Read
                0x000005a4        0xc .\CortexM3\ARM_GCC_493\Debug\Practica2Parte5.a(Status_Reg_CurrentStep.o)
                0x000005a4                Status_Reg_CurrentStep_Read
 .text.Status_Reg_LastStep_Read
                0x000005b0        0xc .\CortexM3\ARM_GCC_493\Debug\Practica2Parte5.a(Status_Reg_LastStep.o)
                0x000005b0                Status_Reg_LastStep_Read
 .text.Status_Reg_Error_Read
                0x000005bc        0xc .\CortexM3\ARM_GCC_493\Debug\Practica2Parte5.a(Status_Reg_Error.o)
                0x000005bc                Status_Reg_Error_Read
 .text.pantallaLCD_WrCntrlNib
                0x000005c8       0x34 .\CortexM3\ARM_GCC_493\Debug\Practica2Parte5.a(pantallaLCD.o)
 .text.pantallaLCD_WrDatNib
                0x000005fc       0x44 .\CortexM3\ARM_GCC_493\Debug\Practica2Parte5.a(pantallaLCD.o)
 .text.pantallaLCD_IsReady
                0x00000640       0xe4 .\CortexM3\ARM_GCC_493\Debug\Practica2Parte5.a(pantallaLCD.o)
                0x00000640                pantallaLCD_IsReady
 .text.pantallaLCD_WriteData
                0x00000724       0x18 .\CortexM3\ARM_GCC_493\Debug\Practica2Parte5.a(pantallaLCD.o)
                0x00000724                pantallaLCD_WriteData
 .text.pantallaLCD_PrintString
                0x0000073c       0x1c .\CortexM3\ARM_GCC_493\Debug\Practica2Parte5.a(pantallaLCD.o)
                0x0000073c                pantallaLCD_PrintString
 .text.pantallaLCD_WriteControl
                0x00000758       0x18 .\CortexM3\ARM_GCC_493\Debug\Practica2Parte5.a(pantallaLCD.o)
                0x00000758                pantallaLCD_WriteControl
 .text.pantallaLCD_Init
                0x00000770       0x6c .\CortexM3\ARM_GCC_493\Debug\Practica2Parte5.a(pantallaLCD.o)
                0x00000770                pantallaLCD_Init
 .text.pantallaLCD_Enable
                0x000007dc       0x14 .\CortexM3\ARM_GCC_493\Debug\Practica2Parte5.a(pantallaLCD.o)
                0x000007dc                pantallaLCD_Enable
 .text.pantallaLCD_Start
                0x000007f0       0x1c .\CortexM3\ARM_GCC_493\Debug\Practica2Parte5.a(pantallaLCD.o)
                0x000007f0                pantallaLCD_Start
 .text.pantallaLCD_Position
                0x0000080c       0x3c .\CortexM3\ARM_GCC_493\Debug\Practica2Parte5.a(pantallaLCD.o)
                0x0000080c                pantallaLCD_Position
 .text.pantallaLCD_PrintU32Number
                0x00000848       0x60 .\CortexM3\ARM_GCC_493\Debug\Practica2Parte5.a(pantallaLCD.o)
                0x00000848                pantallaLCD_PrintU32Number
 .text.nex_Read
                0x000008a8        0xc .\CortexM3\ARM_GCC_493\Debug\Practica2Parte5.a(nex.o)
                0x000008a8                nex_Read
 .text.cross_Read
                0x000008b4        0xc .\CortexM3\ARM_GCC_493\Debug\Practica2Parte5.a(cross.o)
                0x000008b4                cross_Read
 .text.CyDelay  0x000008c0       0x2c .\CortexM3\ARM_GCC_493\Debug\Practica2Parte5.a(CyLib.o)
                0x000008c0                CyDelay
 .text.CyDelayUs
                0x000008ec       0x14 .\CortexM3\ARM_GCC_493\Debug\Practica2Parte5.a(CyLib.o)
                0x000008ec                CyDelayUs
 .text          0x00000900       0x20 .\CortexM3\ARM_GCC_493\Debug\Practica2Parte5.a(CyBootAsmGnu.o)
                0x00000900                CyDelayCycles
                0x00000910                CyEnterCriticalSection
                0x00000918                CyExitCriticalSection
 .text.__errno  0x00000920        0xc c:/program files (x86)/cypress/psoc creator/4.0/psoc creator/import/gnu/arm/4.9.3/bin/../lib/gcc/arm-none-eabi/4.9.3/../../../../arm-none-eabi/lib/armv7-m\libg_nano.a(lib_a-errno.o)
                0x00000920                __errno
 .text.__libc_init_array
                0x0000092c       0x4c c:/program files (x86)/cypress/psoc creator/4.0/psoc creator/import/gnu/arm/4.9.3/bin/../lib/gcc/arm-none-eabi/4.9.3/../../../../arm-none-eabi/lib/armv7-m\libg_nano.a(lib_a-init.o)
                0x0000092c                __libc_init_array
 .text.memcpy   0x00000978       0x16 c:/program files (x86)/cypress/psoc creator/4.0/psoc creator/import/gnu/arm/4.9.3/bin/../lib/gcc/arm-none-eabi/4.9.3/../../../../arm-none-eabi/lib/armv7-m\libg_nano.a(lib_a-memcpy.o)
                0x00000978                memcpy
 .text.memset   0x0000098e       0x10 c:/program files (x86)/cypress/psoc creator/4.0/psoc creator/import/gnu/arm/4.9.3/bin/../lib/gcc/arm-none-eabi/4.9.3/../../../../arm-none-eabi/lib/armv7-m\libg_nano.a(lib_a-memset.o)
                0x0000098e                memset
 *(.plt)
 *(.gnu.warning)
 *(.glue_7t)
 .glue_7t       0x00000000        0x0 linker stubs
 *(.glue_7)
 .glue_7        0x00000000        0x0 linker stubs
 *(.vfp11_veneer)
 .vfp11_veneer  0x00000000        0x0 linker stubs
 *(.bootloader)
 *(.ARM.extab* .gnu.linkonce.armextab.*)
 *(.gcc_except_table)

.v4_bx          0x000009a0        0x0
 .v4_bx         0x00000000        0x0 linker stubs

.iplt           0x000009a0        0x0
 .iplt          0x00000000        0x0 c:/program files (x86)/cypress/psoc creator/4.0/psoc creator/import/gnu/arm/4.9.3/bin/../lib/gcc/arm-none-eabi/4.9.3/armv7-m/crtbegin.o

.eh_frame_hdr
 *(.eh_frame_hdr)

.eh_frame       0x000009a0        0x4
 *(.eh_frame)
 .eh_frame      0x000009a0        0x0 c:/program files (x86)/cypress/psoc creator/4.0/psoc creator/import/gnu/arm/4.9.3/bin/../lib/gcc/arm-none-eabi/4.9.3/armv7-m/crtbegin.o
 .eh_frame      0x000009a0        0x4 c:/program files (x86)/cypress/psoc creator/4.0/psoc creator/import/gnu/arm/4.9.3/bin/../lib/gcc/arm-none-eabi/4.9.3/armv7-m/crtend.o
                0x000009a4                PROVIDE (__exidx_start, .)

.ARM.exidx
 *(.ARM.exidx* .gnu.linkonce.armexidx.*)
                0x000009a4                __exidx_end = .

.rodata         0x000009a4       0xe4
 *(.rodata .rodata.* .gnu.linkonce.r.*)
 .rodata.str1.4
                0x000009a4       0x70 .\CortexM3\ARM_GCC_493\Debug\main.o
 .rodata        0x00000a14       0x38 .\CortexM3\ARM_GCC_493\Debug\Practica2Parte5.a(cyfitter_cfg.o)
 .rodata.str1.1
                0x00000a4c        0x2 c:/program files (x86)/cypress/psoc creator/4.0/psoc creator/import/gnu/arm/4.9.3/bin/../lib/gcc/arm-none-eabi/4.9.3/../../../../arm-none-eabi/lib/armv7-m\libg_nano.a(lib_a-impure.o)
                0x00000a50                . = ALIGN (0x4)
 *fill*         0x00000a4e        0x2 
 *(.init)
 .init          0x00000a50        0x4 c:/program files (x86)/cypress/psoc creator/4.0/psoc creator/import/gnu/arm/4.9.3/bin/../lib/gcc/arm-none-eabi/4.9.3/armv7-m/crti.o
                0x00000a50                _init
 .init          0x00000a54        0x8 c:/program files (x86)/cypress/psoc creator/4.0/psoc creator/import/gnu/arm/4.9.3/bin/../lib/gcc/arm-none-eabi/4.9.3/armv7-m/crtn.o
                0x00000a5c                . = ALIGN (0x4)
                0x00000a5c                __preinit_array_start = .
 *(.preinit_array)
                0x00000a5c                __preinit_array_end = .
                0x00000a5c                . = ALIGN (0x4)
                0x00000a5c                __init_array_start = .
 *(SORT(.init_array.*))
 *(.init_array)
 .init_array    0x00000a5c        0x4 c:/program files (x86)/cypress/psoc creator/4.0/psoc creator/import/gnu/arm/4.9.3/bin/../lib/gcc/arm-none-eabi/4.9.3/armv7-m/crtbegin.o
 .init_array    0x00000a60        0x4 .\CortexM3\ARM_GCC_493\Debug\Cm3Start.o
                0x00000a64                __init_array_end = .
                0x00000a64                . = ALIGN (0x4)
 *(.fini)
 .fini          0x00000a64        0x4 c:/program files (x86)/cypress/psoc creator/4.0/psoc creator/import/gnu/arm/4.9.3/bin/../lib/gcc/arm-none-eabi/4.9.3/armv7-m/crti.o
                0x00000a64                _fini
 .fini          0x00000a68        0x8 c:/program files (x86)/cypress/psoc creator/4.0/psoc creator/import/gnu/arm/4.9.3/bin/../lib/gcc/arm-none-eabi/4.9.3/armv7-m/crtn.o
                0x00000a70                . = ALIGN (0x4)
                0x00000a70                __fini_array_start = .
 *(.fini_array)
 .fini_array    0x00000a70        0x4 c:/program files (x86)/cypress/psoc creator/4.0/psoc creator/import/gnu/arm/4.9.3/bin/../lib/gcc/arm-none-eabi/4.9.3/armv7-m/crtbegin.o
 *(SORT(.fini_array.*))
                0x00000a74                __fini_array_end = .
                0x00000a74                . = ALIGN (0x4)
 *crtbegin.o(.ctors)
 *(EXCLUDE_FILE(*crtend.o) .ctors)
 *(SORT(.ctors.*))
 *crtend.o(.ctors)
                0x00000a74                . = ALIGN (0x4)
 *crtbegin.o(.dtors)
 *(EXCLUDE_FILE(*crtend.o) .dtors)
 *(SORT(.dtors.*))
 *crtend.o(.dtors)
                0x00000a74                . = ALIGN (0x4)
                0x00000a74                __cy_regions = .
                0x00000a74        0x4 LONG 0xa88 __cy_region_init_ram
                0x00000a78        0x4 LONG 0x1fff8108 __cy_region_start_data
                0x00000a7c        0x4 LONG 0x78 __cy_region_init_size_ram
                0x00000a80        0x4 LONG 0x20 __cy_region_zero_size_ram
                0x00000a84                __cy_regions_end = .
                0x00000a88                . = ALIGN (0x8)
 *fill*         0x00000a84        0x4 
                0x00000a88                _etext = .

.cy_checksum_exclude
                0x00000a88        0x0
 *(.cy_checksum_exclude)

.ramvectors     0x1fff8000      0x100
                0x1fff8000                __cy_region_start_ram = .
 *(.ramvectors)
 .ramvectors    0x1fff8000      0x100 .\CortexM3\ARM_GCC_493\Debug\Cm3Start.o
                0x1fff8000                CyRamVectors

.noinit         0x1fff8100        0x5
 *(.noinit)
 .noinit        0x1fff8100        0x4 .\CortexM3\ARM_GCC_493\Debug\Cm3Start.o
 .noinit        0x1fff8104        0x1 .\CortexM3\ARM_GCC_493\Debug\Practica2Parte5.a(CyLib.o)
                0x1fff8104                CyResetStatus

.data           0x1fff8108       0x78 load address 0x00000a88
                0x1fff8108                __cy_region_start_data = .
 *(.jcr)
 .jcr           0x1fff8108        0x0 c:/program files (x86)/cypress/psoc creator/4.0/psoc creator/import/gnu/arm/4.9.3/bin/../lib/gcc/arm-none-eabi/4.9.3/armv7-m/crtbegin.o
 .jcr           0x1fff8108        0x4 c:/program files (x86)/cypress/psoc creator/4.0/psoc creator/import/gnu/arm/4.9.3/bin/../lib/gcc/arm-none-eabi/4.9.3/armv7-m/crtend.o
 *(.got.plt)
 *(.got)
 *(.shdata)
 *(.data .data.* .gnu.linkonce.d.*)
 .data          0x1fff810c       0x10 .\CortexM3\ARM_GCC_493\Debug\Practica2Parte5.a(CyLib.o)
                0x1fff810c                cydelay_32k_ms
                0x1fff8110                cydelay_freq_khz
                0x1fff8114                cydelay_freq_mhz
                0x1fff8118                cydelay_freq_hz
 .data.impure_data
                0x1fff811c       0x60 c:/program files (x86)/cypress/psoc creator/4.0/psoc creator/import/gnu/arm/4.9.3/bin/../lib/gcc/arm-none-eabi/4.9.3/../../../../arm-none-eabi/lib/armv7-m\libg_nano.a(lib_a-impure.o)
 .data._impure_ptr
                0x1fff817c        0x4 c:/program files (x86)/cypress/psoc creator/4.0/psoc creator/import/gnu/arm/4.9.3/bin/../lib/gcc/arm-none-eabi/4.9.3/../../../../arm-none-eabi/lib/armv7-m\libg_nano.a(lib_a-impure.o)
                0x1fff817c                _impure_ptr
                0x1fff8180                . = ALIGN (0x8)
 *(.ram)
                0x1fff8180                _edata = .

.igot.plt       0x1fff8180        0x0 load address 0x00000b00
 .igot.plt      0x00000000        0x0 c:/program files (x86)/cypress/psoc creator/4.0/psoc creator/import/gnu/arm/4.9.3/bin/../lib/gcc/arm-none-eabi/4.9.3/armv7-m/crtbegin.o

.bss            0x1fff8180       0x20 load address 0x00000b00
                0x1fff8180                PROVIDE (__bss_start__, .)
 *(.shbss)
 *(.bss .bss.* .gnu.linkonce.b.*)
 .bss           0x1fff8180       0x1c c:/program files (x86)/cypress/psoc creator/4.0/psoc creator/import/gnu/arm/4.9.3/bin/../lib/gcc/arm-none-eabi/4.9.3/armv7-m/crtbegin.o
 .bss           0x1fff819c        0x2 .\CortexM3\ARM_GCC_493\Debug\Practica2Parte5.a(pantallaLCD.o)
                0x1fff819c                pantallaLCD_enableState
                0x1fff819d                pantallaLCD_initVar
 *(COMMON)
                0x1fff81a0                . = ALIGN (0x8)
 *fill*         0x1fff819e        0x2 
 *(.ram.b)
                0x1fff81a0                _end = .
                0x1fff81a0                __end = .
                0x1fff81a0                PROVIDE (end, .)
                0x1fff81a0                PROVIDE (__bss_end__, .)
                0x00000a88                __cy_region_init_ram = LOADADDR (.data)
                0x00000078                __cy_region_init_size_ram = (_edata - ADDR (.data))
                0x00000020                __cy_region_zero_size_ram = (_end - _edata)

.heap           0x1fff81a0       0x80 load address 0x00000b00
                0x1fff81a0                . = _end
                0x1fff8220                . = (. + 0x80)
 *fill*         0x1fff81a0       0x80 
                0x1fff8220                __cy_heap_limit = .

.stack          0x20007800      0x800
                0x20007800                __cy_stack_limit = .
                0x20008000                . = (. + 0x800)
 *fill*         0x20007800      0x800 
                0x00000001                ASSERT ((__cy_stack_limit >= __cy_heap_limit), region RAM overflowed with stack)
                0x00000000                cy_checksum_exclude_size = (CY_APPL_LOADABLE == 0x1)?SIZEOF (.cy_checksum_exclude):0x0
                0x00000001                ASSERT ((cy_checksum_exclude_size <= CY_CHECKSUM_EXCLUDE_SIZE), CY_BOOT: Section .cy_checksum_exclude size exceedes specified limit.)

.cyloadermeta
 *(.cyloadermeta)

.cyloadablemeta
 *(.cyloadablemeta)

.cyconfigecc    0x80000000       0xe0
 *(.cyconfigecc)
 .cyconfigecc   0x80000000       0xe0 .\CortexM3\ARM_GCC_493\Debug\cymetadata.o
                0x80000000                cy_meta_configecc

.cycustnvl      0x90000000        0x4
 *(.cycustnvl)
 .cycustnvl     0x90000000        0x4 .\CortexM3\ARM_GCC_493\Debug\cymetadata.o
                0x90000000                cy_meta_custnvl

.cywolatch      0x90100000        0x4
 *(.cywolatch)
 .cywolatch     0x90100000        0x4 .\CortexM3\ARM_GCC_493\Debug\cymetadata.o
                0x90100000                cy_meta_wonvl

.cyeeprom       0x90200000        0x0
 *(.cyeeprom)
                0x00000001                ASSERT ((. <= ((0x90200000 + ee_offset) + ee_size)), .cyeeprom data will not fit in EEPROM)

.cyflashprotect
                0x90400000      0x100
 *(.cyflashprotect)
 .cyflashprotect
                0x90400000      0x100 .\CortexM3\ARM_GCC_493\Debug\cymetadata.o
                0x90400000                cy_meta_flashprotect

.cymeta         0x90500000        0xc
 *(.cymeta)
 .cymeta        0x90500000        0xc .\CortexM3\ARM_GCC_493\Debug\cymetadata.o
                0x90500000                cy_metadata

.rel.dyn        0x00000b00        0x0 load address 0x9050000c
 .rel.iplt      0x00000000        0x0 c:/program files (x86)/cypress/psoc creator/4.0/psoc creator/import/gnu/arm/4.9.3/bin/../lib/gcc/arm-none-eabi/4.9.3/armv7-m/crtbegin.o

.stab
 *(.stab)

.stabstr
 *(.stabstr)

.debug
 *(.debug)

.line
 *(.line)

.debug_srcinfo
 *(.debug_srcinfo)

.debug_sfnames
 *(.debug_sfnames)

.debug_aranges  0x00000000      0x740
 *(.debug_aranges)
 .debug_aranges
                0x00000000       0x20 .\CortexM3\ARM_GCC_493\Debug\main.o
 .debug_aranges
                0x00000020       0x18 .\CortexM3\ARM_GCC_493\Debug\cymetadata.o
 .debug_aranges
                0x00000038       0x48 .\CortexM3\ARM_GCC_493\Debug\Cm3Start.o
 .debug_aranges
                0x00000080       0x58 .\CortexM3\ARM_GCC_493\Debug\Practica2Parte5.a(cyfitter_cfg.o)
 .debug_aranges
                0x000000d8       0x28 .\CortexM3\ARM_GCC_493\Debug\Practica2Parte5.a(Control_Reg_NextStep.o)
 .debug_aranges
                0x00000100       0x28 .\CortexM3\ARM_GCC_493\Debug\Practica2Parte5.a(Control_Reg_Clock.o)
 .debug_aranges
                0x00000128       0x40 .\CortexM3\ARM_GCC_493\Debug\Practica2Parte5.a(Status_Reg_CurrentStep.o)
 .debug_aranges
                0x00000168       0x40 .\CortexM3\ARM_GCC_493\Debug\Practica2Parte5.a(Status_Reg_LastStep.o)
 .debug_aranges
                0x000001a8       0x40 .\CortexM3\ARM_GCC_493\Debug\Practica2Parte5.a(Status_Reg_Error.o)
 .debug_aranges
                0x000001e8       0x98 .\CortexM3\ARM_GCC_493\Debug\Practica2Parte5.a(pantallaLCD.o)
 .debug_aranges
                0x00000280       0x38 .\CortexM3\ARM_GCC_493\Debug\Practica2Parte5.a(nex.o)
 .debug_aranges
                0x000002b8       0x38 .\CortexM3\ARM_GCC_493\Debug\Practica2Parte5.a(cross.o)
 .debug_aranges
                0x000002f0      0x2a0 .\CortexM3\ARM_GCC_493\Debug\Practica2Parte5.a(CyLib.o)
 .debug_aranges
                0x00000590       0x98 .\CortexM3\ARM_GCC_493\Debug\Practica2Parte5.a(cyPm.o)
 .debug_aranges
                0x00000628       0x20 .\CortexM3\ARM_GCC_493\Debug\Practica2Parte5.a(CyBootAsmGnu.o)
 .debug_aranges
                0x00000648       0x80 .\CortexM3\ARM_GCC_493\Debug\Practica2Parte5.a(CyFlash.o)
 .debug_aranges
                0x000006c8       0x78 .\CortexM3\ARM_GCC_493\Debug\Practica2Parte5.a(CySpc.o)

.debug_pubnames
 *(.debug_pubnames)

.debug_info     0x00000000     0x47b6
 *(.debug_info .gnu.linkonce.wi.*)
 .debug_info    0x00000000      0x555 .\CortexM3\ARM_GCC_493\Debug\main.o
 .debug_info    0x00000555      0x13a .\CortexM3\ARM_GCC_493\Debug\cymetadata.o
 .debug_info    0x0000068f      0x3b3 .\CortexM3\ARM_GCC_493\Debug\Cm3Start.o
 .debug_info    0x00000a42      0x4ae .\CortexM3\ARM_GCC_493\Debug\Practica2Parte5.a(cyfitter_cfg.o)
 .debug_info    0x00000ef0       0xd6 .\CortexM3\ARM_GCC_493\Debug\Practica2Parte5.a(Control_Reg_NextStep.o)
 .debug_info    0x00000fc6       0xd6 .\CortexM3\ARM_GCC_493\Debug\Practica2Parte5.a(Control_Reg_Clock.o)
 .debug_info    0x0000109c      0x17a .\CortexM3\ARM_GCC_493\Debug\Practica2Parte5.a(Status_Reg_CurrentStep.o)
 .debug_info    0x00001216      0x17a .\CortexM3\ARM_GCC_493\Debug\Practica2Parte5.a(Status_Reg_LastStep.o)
 .debug_info    0x00001390      0x17a .\CortexM3\ARM_GCC_493\Debug\Practica2Parte5.a(Status_Reg_Error.o)
 .debug_info    0x0000150a      0x716 .\CortexM3\ARM_GCC_493\Debug\Practica2Parte5.a(pantallaLCD.o)
 .debug_info    0x00001c20      0x121 .\CortexM3\ARM_GCC_493\Debug\Practica2Parte5.a(nex.o)
 .debug_info    0x00001d41      0x121 .\CortexM3\ARM_GCC_493\Debug\Practica2Parte5.a(cross.o)
 .debug_info    0x00001e62     0x1385 .\CortexM3\ARM_GCC_493\Debug\Practica2Parte5.a(CyLib.o)
 .debug_info    0x000031e7      0xa57 .\CortexM3\ARM_GCC_493\Debug\Practica2Parte5.a(cyPm.o)
 .debug_info    0x00003c3e       0x86 .\CortexM3\ARM_GCC_493\Debug\Practica2Parte5.a(CyBootAsmGnu.o)
 .debug_info    0x00003cc4      0x608 .\CortexM3\ARM_GCC_493\Debug\Practica2Parte5.a(CyFlash.o)
 .debug_info    0x000042cc      0x4ea .\CortexM3\ARM_GCC_493\Debug\Practica2Parte5.a(CySpc.o)

.debug_abbrev   0x00000000     0x13c4
 *(.debug_abbrev)
 .debug_abbrev  0x00000000      0x143 .\CortexM3\ARM_GCC_493\Debug\main.o
 .debug_abbrev  0x00000143       0x5d .\CortexM3\ARM_GCC_493\Debug\cymetadata.o
 .debug_abbrev  0x000001a0      0x1f7 .\CortexM3\ARM_GCC_493\Debug\Cm3Start.o
 .debug_abbrev  0x00000397      0x203 .\CortexM3\ARM_GCC_493\Debug\Practica2Parte5.a(cyfitter_cfg.o)
 .debug_abbrev  0x0000059a       0x81 .\CortexM3\ARM_GCC_493\Debug\Practica2Parte5.a(Control_Reg_NextStep.o)
 .debug_abbrev  0x0000061b       0x81 .\CortexM3\ARM_GCC_493\Debug\Practica2Parte5.a(Control_Reg_Clock.o)
 .debug_abbrev  0x0000069c       0xc6 .\CortexM3\ARM_GCC_493\Debug\Practica2Parte5.a(Status_Reg_CurrentStep.o)
 .debug_abbrev  0x00000762       0xc6 .\CortexM3\ARM_GCC_493\Debug\Practica2Parte5.a(Status_Reg_LastStep.o)
 .debug_abbrev  0x00000828       0xc6 .\CortexM3\ARM_GCC_493\Debug\Practica2Parte5.a(Status_Reg_Error.o)
 .debug_abbrev  0x000008ee      0x171 .\CortexM3\ARM_GCC_493\Debug\Practica2Parte5.a(pantallaLCD.o)
 .debug_abbrev  0x00000a5f       0x90 .\CortexM3\ARM_GCC_493\Debug\Practica2Parte5.a(nex.o)
 .debug_abbrev  0x00000aef       0x90 .\CortexM3\ARM_GCC_493\Debug\Practica2Parte5.a(cross.o)
 .debug_abbrev  0x00000b7f      0x296 .\CortexM3\ARM_GCC_493\Debug\Practica2Parte5.a(CyLib.o)
 .debug_abbrev  0x00000e15      0x1ed .\CortexM3\ARM_GCC_493\Debug\Practica2Parte5.a(cyPm.o)
 .debug_abbrev  0x00001002       0x14 .\CortexM3\ARM_GCC_493\Debug\Practica2Parte5.a(CyBootAsmGnu.o)
 .debug_abbrev  0x00001016      0x1ed .\CortexM3\ARM_GCC_493\Debug\Practica2Parte5.a(CyFlash.o)
 .debug_abbrev  0x00001203      0x1c1 .\CortexM3\ARM_GCC_493\Debug\Practica2Parte5.a(CySpc.o)

.debug_line     0x00000000     0x1d1a
 *(.debug_line)
 .debug_line    0x00000000      0x264 .\CortexM3\ARM_GCC_493\Debug\main.o
 .debug_line    0x00000264       0x51 .\CortexM3\ARM_GCC_493\Debug\cymetadata.o
 .debug_line    0x000002b5      0x24f .\CortexM3\ARM_GCC_493\Debug\Cm3Start.o
 .debug_line    0x00000504      0x1d8 .\CortexM3\ARM_GCC_493\Debug\Practica2Parte5.a(cyfitter_cfg.o)
 .debug_line    0x000006dc       0x7c .\CortexM3\ARM_GCC_493\Debug\Practica2Parte5.a(Control_Reg_NextStep.o)
 .debug_line    0x00000758       0x79 .\CortexM3\ARM_GCC_493\Debug\Practica2Parte5.a(Control_Reg_Clock.o)
 .debug_line    0x000007d1       0xc2 .\CortexM3\ARM_GCC_493\Debug\Practica2Parte5.a(Status_Reg_CurrentStep.o)
 .debug_line    0x00000893       0xbf .\CortexM3\ARM_GCC_493\Debug\Practica2Parte5.a(Status_Reg_LastStep.o)
 .debug_line    0x00000952       0xbc .\CortexM3\ARM_GCC_493\Debug\Practica2Parte5.a(Status_Reg_Error.o)
 .debug_line    0x00000a0e      0x1e4 .\CortexM3\ARM_GCC_493\Debug\Practica2Parte5.a(pantallaLCD.o)
 .debug_line    0x00000bf2       0x90 .\CortexM3\ARM_GCC_493\Debug\Practica2Parte5.a(nex.o)
 .debug_line    0x00000c82       0x92 .\CortexM3\ARM_GCC_493\Debug\Practica2Parte5.a(cross.o)
 .debug_line    0x00000d14      0x816 .\CortexM3\ARM_GCC_493\Debug\Practica2Parte5.a(CyLib.o)
 .debug_line    0x0000152a      0x364 .\CortexM3\ARM_GCC_493\Debug\Practica2Parte5.a(cyPm.o)
 .debug_line    0x0000188e       0x66 .\CortexM3\ARM_GCC_493\Debug\Practica2Parte5.a(CyBootAsmGnu.o)
 .debug_line    0x000018f4      0x1ea .\CortexM3\ARM_GCC_493\Debug\Practica2Parte5.a(CyFlash.o)
 .debug_line    0x00001ade      0x23c .\CortexM3\ARM_GCC_493\Debug\Practica2Parte5.a(CySpc.o)

.debug_frame    0x00000000     0x12e0
 *(.debug_frame)
 .debug_frame   0x00000000       0x38 .\CortexM3\ARM_GCC_493\Debug\main.o
 .debug_frame   0x00000038       0xb8 .\CortexM3\ARM_GCC_493\Debug\Cm3Start.o
 .debug_frame   0x000000f0       0xe4 .\CortexM3\ARM_GCC_493\Debug\Practica2Parte5.a(cyfitter_cfg.o)
 .debug_frame   0x000001d4       0x30 .\CortexM3\ARM_GCC_493\Debug\Practica2Parte5.a(Control_Reg_NextStep.o)
 .debug_frame   0x00000204       0x30 .\CortexM3\ARM_GCC_493\Debug\Practica2Parte5.a(Control_Reg_Clock.o)
 .debug_frame   0x00000234       0x78 .\CortexM3\ARM_GCC_493\Debug\Practica2Parte5.a(Status_Reg_CurrentStep.o)
 .debug_frame   0x000002ac       0x78 .\CortexM3\ARM_GCC_493\Debug\Practica2Parte5.a(Status_Reg_LastStep.o)
 .debug_frame   0x00000324       0x78 .\CortexM3\ARM_GCC_493\Debug\Practica2Parte5.a(Status_Reg_Error.o)
 .debug_frame   0x0000039c      0x1e4 .\CortexM3\ARM_GCC_493\Debug\Practica2Parte5.a(pantallaLCD.o)
 .debug_frame   0x00000580       0x50 .\CortexM3\ARM_GCC_493\Debug\Practica2Parte5.a(nex.o)
 .debug_frame   0x000005d0       0x50 .\CortexM3\ARM_GCC_493\Debug\Practica2Parte5.a(cross.o)
 .debug_frame   0x00000620      0x738 .\CortexM3\ARM_GCC_493\Debug\Practica2Parte5.a(CyLib.o)
 .debug_frame   0x00000d58      0x1f8 .\CortexM3\ARM_GCC_493\Debug\Practica2Parte5.a(cyPm.o)
 .debug_frame   0x00000f50      0x174 .\CortexM3\ARM_GCC_493\Debug\Practica2Parte5.a(CyFlash.o)
 .debug_frame   0x000010c4      0x160 .\CortexM3\ARM_GCC_493\Debug\Practica2Parte5.a(CySpc.o)
 .debug_frame   0x00001224       0x20 c:/program files (x86)/cypress/psoc creator/4.0/psoc creator/import/gnu/arm/4.9.3/bin/../lib/gcc/arm-none-eabi/4.9.3/../../../../arm-none-eabi/lib/armv7-m\libg_nano.a(lib_a-errno.o)
 .debug_frame   0x00001244       0x28 c:/program files (x86)/cypress/psoc creator/4.0/psoc creator/import/gnu/arm/4.9.3/bin/../lib/gcc/arm-none-eabi/4.9.3/../../../../arm-none-eabi/lib/armv7-m\libg_nano.a(lib_a-exit.o)
 .debug_frame   0x0000126c       0x2c c:/program files (x86)/cypress/psoc creator/4.0/psoc creator/import/gnu/arm/4.9.3/bin/../lib/gcc/arm-none-eabi/4.9.3/../../../../arm-none-eabi/lib/armv7-m\libg_nano.a(lib_a-init.o)
 .debug_frame   0x00001298       0x28 c:/program files (x86)/cypress/psoc creator/4.0/psoc creator/import/gnu/arm/4.9.3/bin/../lib/gcc/arm-none-eabi/4.9.3/../../../../arm-none-eabi/lib/armv7-m\libg_nano.a(lib_a-memcpy.o)
 .debug_frame   0x000012c0       0x20 c:/program files (x86)/cypress/psoc creator/4.0/psoc creator/import/gnu/arm/4.9.3/bin/../lib/gcc/arm-none-eabi/4.9.3/../../../../arm-none-eabi/lib/armv7-m\libg_nano.a(lib_a-memset.o)

.debug_str      0x00000000     0x1874
 *(.debug_str)
 .debug_str     0x00000000      0x284 .\CortexM3\ARM_GCC_493\Debug\main.o
                                0x2cc (size before relaxing)
 .debug_str     0x00000284       0x75 .\CortexM3\ARM_GCC_493\Debug\cymetadata.o
                                0x1e0 (size before relaxing)
 .debug_str     0x000002f9      0x163 .\CortexM3\ARM_GCC_493\Debug\Cm3Start.o
                                0x2f4 (size before relaxing)
 .debug_str     0x0000045c      0x154 .\CortexM3\ARM_GCC_493\Debug\Practica2Parte5.a(cyfitter_cfg.o)
                                0x2f9 (size before relaxing)
 .debug_str     0x000005b0       0x50 .\CortexM3\ARM_GCC_493\Debug\Practica2Parte5.a(Control_Reg_NextStep.o)
                                0x1d2 (size before relaxing)
 .debug_str     0x00000600       0x42 .\CortexM3\ARM_GCC_493\Debug\Practica2Parte5.a(Control_Reg_Clock.o)
                                0x1c9 (size before relaxing)
 .debug_str     0x00000642      0x101 .\CortexM3\ARM_GCC_493\Debug\Practica2Parte5.a(Status_Reg_CurrentStep.o)
                                0x28d (size before relaxing)
 .debug_str     0x00000743       0xb1 .\CortexM3\ARM_GCC_493\Debug\Practica2Parte5.a(Status_Reg_LastStep.o)
                                0x27b (size before relaxing)
 .debug_str     0x000007f4       0xa2 .\CortexM3\ARM_GCC_493\Debug\Practica2Parte5.a(Status_Reg_Error.o)
                                0x269 (size before relaxing)
 .debug_str     0x00000896      0x1a8 .\CortexM3\ARM_GCC_493\Debug\Practica2Parte5.a(pantallaLCD.o)
                                0x3b5 (size before relaxing)
 .debug_str     0x00000a3e       0x58 .\CortexM3\ARM_GCC_493\Debug\Practica2Parte5.a(nex.o)
                                0x1ce (size before relaxing)
 .debug_str     0x00000a96       0x50 .\CortexM3\ARM_GCC_493\Debug\Practica2Parte5.a(cross.o)
                                0x1d8 (size before relaxing)
 .debug_str     0x00000ae6      0x7ed .\CortexM3\ARM_GCC_493\Debug\Practica2Parte5.a(CyLib.o)
                                0xa31 (size before relaxing)
 .debug_str     0x000012d3      0x359 .\CortexM3\ARM_GCC_493\Debug\Practica2Parte5.a(cyPm.o)
                                0x711 (size before relaxing)
 .debug_str     0x0000162c      0x19c .\CortexM3\ARM_GCC_493\Debug\Practica2Parte5.a(CyFlash.o)
                                0x38b (size before relaxing)
 .debug_str     0x000017c8       0xac .\CortexM3\ARM_GCC_493\Debug\Practica2Parte5.a(CySpc.o)
                                0x314 (size before relaxing)

.debug_loc      0x00000000     0x1e34
 *(.debug_loc)
 .debug_loc     0x00000000       0x9b .\CortexM3\ARM_GCC_493\Debug\main.o
 .debug_loc     0x0000009b      0x144 .\CortexM3\ARM_GCC_493\Debug\Cm3Start.o
 .debug_loc     0x000001df      0x1d7 .\CortexM3\ARM_GCC_493\Debug\Practica2Parte5.a(cyfitter_cfg.o)
 .debug_loc     0x000003b6       0x44 .\CortexM3\ARM_GCC_493\Debug\Practica2Parte5.a(Status_Reg_CurrentStep.o)
 .debug_loc     0x000003fa       0x44 .\CortexM3\ARM_GCC_493\Debug\Practica2Parte5.a(Status_Reg_LastStep.o)
 .debug_loc     0x0000043e       0x44 .\CortexM3\ARM_GCC_493\Debug\Practica2Parte5.a(Status_Reg_Error.o)
 .debug_loc     0x00000482      0x3c6 .\CortexM3\ARM_GCC_493\Debug\Practica2Parte5.a(pantallaLCD.o)
 .debug_loc     0x00000848       0x55 .\CortexM3\ARM_GCC_493\Debug\Practica2Parte5.a(nex.o)
 .debug_loc     0x0000089d       0x55 .\CortexM3\ARM_GCC_493\Debug\Practica2Parte5.a(cross.o)
 .debug_loc     0x000008f2      0xa11 .\CortexM3\ARM_GCC_493\Debug\Practica2Parte5.a(CyLib.o)
 .debug_loc     0x00001303      0x1e4 .\CortexM3\ARM_GCC_493\Debug\Practica2Parte5.a(cyPm.o)
 .debug_loc     0x000014e7      0x300 .\CortexM3\ARM_GCC_493\Debug\Practica2Parte5.a(CyFlash.o)
 .debug_loc     0x000017e7      0x64d .\CortexM3\ARM_GCC_493\Debug\Practica2Parte5.a(CySpc.o)

.debug_macinfo
 *(.debug_macinfo)

.debug_ranges   0x00000000      0x618
 *(.debug_ranges)
 .debug_ranges  0x00000000       0x10 .\CortexM3\ARM_GCC_493\Debug\main.o
 .debug_ranges  0x00000010       0x38 .\CortexM3\ARM_GCC_493\Debug\Cm3Start.o
 .debug_ranges  0x00000048       0x48 .\CortexM3\ARM_GCC_493\Debug\Practica2Parte5.a(cyfitter_cfg.o)
 .debug_ranges  0x00000090       0x18 .\CortexM3\ARM_GCC_493\Debug\Practica2Parte5.a(Control_Reg_NextStep.o)
 .debug_ranges  0x000000a8       0x18 .\CortexM3\ARM_GCC_493\Debug\Practica2Parte5.a(Control_Reg_Clock.o)
 .debug_ranges  0x000000c0       0x30 .\CortexM3\ARM_GCC_493\Debug\Practica2Parte5.a(Status_Reg_CurrentStep.o)
 .debug_ranges  0x000000f0       0x30 .\CortexM3\ARM_GCC_493\Debug\Practica2Parte5.a(Status_Reg_LastStep.o)
 .debug_ranges  0x00000120       0x30 .\CortexM3\ARM_GCC_493\Debug\Practica2Parte5.a(Status_Reg_Error.o)
 .debug_ranges  0x00000150       0x88 .\CortexM3\ARM_GCC_493\Debug\Practica2Parte5.a(pantallaLCD.o)
 .debug_ranges  0x000001d8       0x28 .\CortexM3\ARM_GCC_493\Debug\Practica2Parte5.a(nex.o)
 .debug_ranges  0x00000200       0x28 .\CortexM3\ARM_GCC_493\Debug\Practica2Parte5.a(cross.o)
 .debug_ranges  0x00000228      0x290 .\CortexM3\ARM_GCC_493\Debug\Practica2Parte5.a(CyLib.o)
 .debug_ranges  0x000004b8       0x88 .\CortexM3\ARM_GCC_493\Debug\Practica2Parte5.a(cyPm.o)
 .debug_ranges  0x00000540       0x70 .\CortexM3\ARM_GCC_493\Debug\Practica2Parte5.a(CyFlash.o)
 .debug_ranges  0x000005b0       0x68 .\CortexM3\ARM_GCC_493\Debug\Practica2Parte5.a(CySpc.o)

.comment        0x00000000       0x70
 .comment       0x00000000       0x70 .\CortexM3\ARM_GCC_493\Debug\main.o
                                 0x71 (size before relaxing)
 .comment       0x00000000       0x71 .\CortexM3\ARM_GCC_493\Debug\cymetadata.o
 .comment       0x00000000       0x71 .\CortexM3\ARM_GCC_493\Debug\Cm3Start.o
 .comment       0x00000000       0x71 .\CortexM3\ARM_GCC_493\Debug\Practica2Parte5.a(cyfitter_cfg.o)
 .comment       0x00000000       0x71 .\CortexM3\ARM_GCC_493\Debug\Practica2Parte5.a(Control_Reg_NextStep.o)
 .comment       0x00000000       0x71 .\CortexM3\ARM_GCC_493\Debug\Practica2Parte5.a(Control_Reg_Clock.o)
 .comment       0x00000000       0x71 .\CortexM3\ARM_GCC_493\Debug\Practica2Parte5.a(Status_Reg_CurrentStep.o)
 .comment       0x00000000       0x71 .\CortexM3\ARM_GCC_493\Debug\Practica2Parte5.a(Status_Reg_LastStep.o)
 .comment       0x00000000       0x71 .\CortexM3\ARM_GCC_493\Debug\Practica2Parte5.a(Status_Reg_Error.o)
 .comment       0x00000000       0x71 .\CortexM3\ARM_GCC_493\Debug\Practica2Parte5.a(pantallaLCD.o)
 .comment       0x00000000       0x71 .\CortexM3\ARM_GCC_493\Debug\Practica2Parte5.a(nex.o)
 .comment       0x00000000       0x71 .\CortexM3\ARM_GCC_493\Debug\Practica2Parte5.a(cross.o)
 .comment       0x00000000       0x71 .\CortexM3\ARM_GCC_493\Debug\Practica2Parte5.a(CyLib.o)
 .comment       0x00000000       0x71 .\CortexM3\ARM_GCC_493\Debug\Practica2Parte5.a(cyPm.o)
 .comment       0x00000000       0x71 .\CortexM3\ARM_GCC_493\Debug\Practica2Parte5.a(CyFlash.o)
 .comment       0x00000000       0x71 .\CortexM3\ARM_GCC_493\Debug\Practica2Parte5.a(CySpc.o)

.debug_weaknames
 *(.debug_weaknames)

.debug_funcnames
 *(.debug_funcnames)

.debug_typenames
 *(.debug_typenames)

.debug_varnames
 *(.debug_varnames)

.note.gnu.arm.ident
 *(.note.gnu.arm.ident)

.ARM.attributes
                0x00000000       0x29
 *(.ARM.attributes)
 .ARM.attributes
                0x00000000       0x1d c:/program files (x86)/cypress/psoc creator/4.0/psoc creator/import/gnu/arm/4.9.3/bin/../lib/gcc/arm-none-eabi/4.9.3/armv7-m/crti.o
 .ARM.attributes
                0x0000001d       0x2d c:/program files (x86)/cypress/psoc creator/4.0/psoc creator/import/gnu/arm/4.9.3/bin/../lib/gcc/arm-none-eabi/4.9.3/armv7-m/crtbegin.o
 .ARM.attributes
                0x0000004a       0x1b c:/program files (x86)/cypress/psoc creator/4.0/psoc creator/import/gnu/arm/4.9.3/bin/../lib/gcc/arm-none-eabi/4.9.3/../../../../arm-none-eabi/lib/armv7-m/crt0.o
 .ARM.attributes
                0x00000065       0x33 .\CortexM3\ARM_GCC_493\Debug\main.o
 .ARM.attributes
                0x00000098       0x33 .\CortexM3\ARM_GCC_493\Debug\cymetadata.o
 .ARM.attributes
                0x000000cb       0x33 .\CortexM3\ARM_GCC_493\Debug\Cm3Start.o
 .ARM.attributes
                0x000000fe       0x33 .\CortexM3\ARM_GCC_493\Debug\Practica2Parte5.a(cyfitter_cfg.o)
 .ARM.attributes
                0x00000131       0x33 .\CortexM3\ARM_GCC_493\Debug\Practica2Parte5.a(Control_Reg_NextStep.o)
 .ARM.attributes
                0x00000164       0x33 .\CortexM3\ARM_GCC_493\Debug\Practica2Parte5.a(Control_Reg_Clock.o)
 .ARM.attributes
                0x00000197       0x33 .\CortexM3\ARM_GCC_493\Debug\Practica2Parte5.a(Status_Reg_CurrentStep.o)
 .ARM.attributes
                0x000001ca       0x33 .\CortexM3\ARM_GCC_493\Debug\Practica2Parte5.a(Status_Reg_LastStep.o)
 .ARM.attributes
                0x000001fd       0x33 .\CortexM3\ARM_GCC_493\Debug\Practica2Parte5.a(Status_Reg_Error.o)
 .ARM.attributes
                0x00000230       0x33 .\CortexM3\ARM_GCC_493\Debug\Practica2Parte5.a(pantallaLCD.o)
 .ARM.attributes
                0x00000263       0x33 .\CortexM3\ARM_GCC_493\Debug\Practica2Parte5.a(nex.o)
 .ARM.attributes
                0x00000296       0x33 .\CortexM3\ARM_GCC_493\Debug\Practica2Parte5.a(cross.o)
 .ARM.attributes
                0x000002c9       0x33 .\CortexM3\ARM_GCC_493\Debug\Practica2Parte5.a(CyLib.o)
 .ARM.attributes
                0x000002fc       0x33 .\CortexM3\ARM_GCC_493\Debug\Practica2Parte5.a(cyPm.o)
 .ARM.attributes
                0x0000032f       0x21 .\CortexM3\ARM_GCC_493\Debug\Practica2Parte5.a(CyBootAsmGnu.o)
 .ARM.attributes
                0x00000350       0x33 .\CortexM3\ARM_GCC_493\Debug\Practica2Parte5.a(CyFlash.o)
 .ARM.attributes
                0x00000383       0x33 .\CortexM3\ARM_GCC_493\Debug\Practica2Parte5.a(CySpc.o)
 .ARM.attributes
                0x000003b6       0x2d c:/program files (x86)/cypress/psoc creator/4.0/psoc creator/import/gnu/arm/4.9.3/bin/../lib/gcc/arm-none-eabi/4.9.3/../../../../arm-none-eabi/lib/armv7-m\libg_nano.a(lib_a-errno.o)
 .ARM.attributes
                0x000003e3       0x2d c:/program files (x86)/cypress/psoc creator/4.0/psoc creator/import/gnu/arm/4.9.3/bin/../lib/gcc/arm-none-eabi/4.9.3/../../../../arm-none-eabi/lib/armv7-m\libg_nano.a(lib_a-exit.o)
 .ARM.attributes
                0x00000410       0x2d c:/program files (x86)/cypress/psoc creator/4.0/psoc creator/import/gnu/arm/4.9.3/bin/../lib/gcc/arm-none-eabi/4.9.3/../../../../arm-none-eabi/lib/armv7-m\libg_nano.a(lib_a-impure.o)
 .ARM.attributes
                0x0000043d       0x2d c:/program files (x86)/cypress/psoc creator/4.0/psoc creator/import/gnu/arm/4.9.3/bin/../lib/gcc/arm-none-eabi/4.9.3/../../../../arm-none-eabi/lib/armv7-m\libg_nano.a(lib_a-init.o)
 .ARM.attributes
                0x0000046a       0x2d c:/program files (x86)/cypress/psoc creator/4.0/psoc creator/import/gnu/arm/4.9.3/bin/../lib/gcc/arm-none-eabi/4.9.3/../../../../arm-none-eabi/lib/armv7-m\libg_nano.a(lib_a-memcpy.o)
 .ARM.attributes
                0x00000497       0x2d c:/program files (x86)/cypress/psoc creator/4.0/psoc creator/import/gnu/arm/4.9.3/bin/../lib/gcc/arm-none-eabi/4.9.3/../../../../arm-none-eabi/lib/armv7-m\libg_nano.a(lib_a-memset.o)
 .ARM.attributes
                0x000004c4       0x2d c:/program files (x86)/cypress/psoc creator/4.0/psoc creator/import/gnu/arm/4.9.3/bin/../lib/gcc/arm-none-eabi/4.9.3/armv7-m/crtend.o
 .ARM.attributes
                0x000004f1       0x1d c:/program files (x86)/cypress/psoc creator/4.0/psoc creator/import/gnu/arm/4.9.3/bin/../lib/gcc/arm-none-eabi/4.9.3/armv7-m/crtn.o

/DISCARD/
 *(.note.GNU-stack)
OUTPUT(.\CortexM3\ARM_GCC_493\Debug\Practica2Parte5.elf elf32-littlearm)
