Archive member included because of file (symbol)

.\CortexM3\ARM_GCC_493\Debug\Practica2Parte4.a(cyfitter_cfg.o)
                              .\CortexM3\ARM_GCC_493\Debug\Cm3Start.o (cyfitter_cfg)
.\CortexM3\ARM_GCC_493\Debug\Practica2Parte4.a(registro.o)
                              .\CortexM3\ARM_GCC_493\Debug\main.o (registro_Write)
.\CortexM3\ARM_GCC_493\Debug\Practica2Parte4.a(inc.o)
                              .\CortexM3\ARM_GCC_493\Debug\main.o (inc_Read)
.\CortexM3\ARM_GCC_493\Debug\Practica2Parte4.a(dec.o)
                              .\CortexM3\ARM_GCC_493\Debug\main.o (dec_Read)
.\CortexM3\ARM_GCC_493\Debug\Practica2Parte4.a(siguiente.o)
                              .\CortexM3\ARM_GCC_493\Debug\main.o (siguiente_Read)
.\CortexM3\ARM_GCC_493\Debug\Practica2Parte4.a(registro2.o)
                              .\CortexM3\ARM_GCC_493\Debug\main.o (registro2_Read)
.\CortexM3\ARM_GCC_493\Debug\Practica2Parte4.a(pantallaLCD.o)
                              .\CortexM3\ARM_GCC_493\Debug\main.o (pantallaLCD_PrintString)
.\CortexM3\ARM_GCC_493\Debug\Practica2Parte4.a(CyLib.o)
                              .\CortexM3\ARM_GCC_493\Debug\Cm3Start.o (CyHalt)
.\CortexM3\ARM_GCC_493\Debug\Practica2Parte4.a(cyPm.o)
                              .\CortexM3\ARM_GCC_493\Debug\Practica2Parte4.a(CyLib.o) (CyPmReadStatus)
.\CortexM3\ARM_GCC_493\Debug\Practica2Parte4.a(CyBootAsmGnu.o)
                              .\CortexM3\ARM_GCC_493\Debug\Practica2Parte4.a(cyfitter_cfg.o) (CyDelayCycles)
.\CortexM3\ARM_GCC_493\Debug\Practica2Parte4.a(CyFlash.o)
                              .\CortexM3\ARM_GCC_493\Debug\Practica2Parte4.a(cyPm.o) (CyFlash_SetWaitCycles)
.\CortexM3\ARM_GCC_493\Debug\Practica2Parte4.a(CySpc.o)
                              .\CortexM3\ARM_GCC_493\Debug\Practica2Parte4.a(CyFlash.o) (CySpcStart)
c:/program files (x86)/cypress/psoc creator/4.0/psoc creator/import/gnu/arm/4.9.3/bin/../lib/gcc/arm-none-eabi/4.9.3/../../../../arm-none-eabi/lib/armv7-m\libg_nano.a(lib_a-errno.o)
                              .\CortexM3\ARM_GCC_493\Debug\Cm3Start.o (__errno)
c:/program files (x86)/cypress/psoc creator/4.0/psoc creator/import/gnu/arm/4.9.3/bin/../lib/gcc/arm-none-eabi/4.9.3/../../../../arm-none-eabi/lib/armv7-m\libg_nano.a(lib_a-exit.o)
                              c:/program files (x86)/cypress/psoc creator/4.0/psoc creator/import/gnu/arm/4.9.3/bin/../lib/gcc/arm-none-eabi/4.9.3/../../../../arm-none-eabi/lib/armv7-m/crt0.o (exit)
c:/program files (x86)/cypress/psoc creator/4.0/psoc creator/import/gnu/arm/4.9.3/bin/../lib/gcc/arm-none-eabi/4.9.3/../../../../arm-none-eabi/lib/armv7-m\libg_nano.a(lib_a-impure.o)
                              c:/program files (x86)/cypress/psoc creator/4.0/psoc creator/import/gnu/arm/4.9.3/bin/../lib/gcc/arm-none-eabi/4.9.3/../../../../arm-none-eabi/lib/armv7-m\libg_nano.a(lib_a-exit.o) (_global_impure_ptr)
c:/program files (x86)/cypress/psoc creator/4.0/psoc creator/import/gnu/arm/4.9.3/bin/../lib/gcc/arm-none-eabi/4.9.3/../../../../arm-none-eabi/lib/armv7-m\libg_nano.a(lib_a-init.o)
                              c:/program files (x86)/cypress/psoc creator/4.0/psoc creator/import/gnu/arm/4.9.3/bin/../lib/gcc/arm-none-eabi/4.9.3/../../../../arm-none-eabi/lib/armv7-m/crt0.o (__libc_init_array)
c:/program files (x86)/cypress/psoc creator/4.0/psoc creator/import/gnu/arm/4.9.3/bin/../lib/gcc/arm-none-eabi/4.9.3/../../../../arm-none-eabi/lib/armv7-m\libg_nano.a(lib_a-memcpy.o)
                              .\CortexM3\ARM_GCC_493\Debug\Practica2Parte4.a(cyfitter_cfg.o) (memcpy)
c:/program files (x86)/cypress/psoc creator/4.0/psoc creator/import/gnu/arm/4.9.3/bin/../lib/gcc/arm-none-eabi/4.9.3/../../../../arm-none-eabi/lib/armv7-m\libg_nano.a(lib_a-memset.o)
                              c:/program files (x86)/cypress/psoc creator/4.0/psoc creator/import/gnu/arm/4.9.3/bin/../lib/gcc/arm-none-eabi/4.9.3/../../../../arm-none-eabi/lib/armv7-m/crt0.o (memset)

Allocating common symbols
Common symbol       size              file

dieTemperature      0x2               .\CortexM3\ARM_GCC_493\Debug\Practica2Parte4.a(CyFlash.o)

Discarded input sections

 .text          0x00000000        0x0 c:/program files (x86)/cypress/psoc creator/4.0/psoc creator/import/gnu/arm/4.9.3/bin/../lib/gcc/arm-none-eabi/4.9.3/armv7-m/crti.o
 .data          0x00000000        0x0 c:/program files (x86)/cypress/psoc creator/4.0/psoc creator/import/gnu/arm/4.9.3/bin/../lib/gcc/arm-none-eabi/4.9.3/armv7-m/crti.o
 .bss           0x00000000        0x0 c:/program files (x86)/cypress/psoc creator/4.0/psoc creator/import/gnu/arm/4.9.3/bin/../lib/gcc/arm-none-eabi/4.9.3/armv7-m/crti.o
 .data          0x00000000        0x4 c:/program files (x86)/cypress/psoc creator/4.0/psoc creator/import/gnu/arm/4.9.3/bin/../lib/gcc/arm-none-eabi/4.9.3/armv7-m/crtbegin.o
 .text          0x00000000       0x74 c:/program files (x86)/cypress/psoc creator/4.0/psoc creator/import/gnu/arm/4.9.3/bin/../lib/gcc/arm-none-eabi/4.9.3/../../../../arm-none-eabi/lib/armv7-m/crt0.o
 .data          0x00000000        0x0 c:/program files (x86)/cypress/psoc creator/4.0/psoc creator/import/gnu/arm/4.9.3/bin/../lib/gcc/arm-none-eabi/4.9.3/../../../../arm-none-eabi/lib/armv7-m/crt0.o
 .bss           0x00000000        0x0 c:/program files (x86)/cypress/psoc creator/4.0/psoc creator/import/gnu/arm/4.9.3/bin/../lib/gcc/arm-none-eabi/4.9.3/../../../../arm-none-eabi/lib/armv7-m/crt0.o
 .ARM.extab     0x00000000        0x0 c:/program files (x86)/cypress/psoc creator/4.0/psoc creator/import/gnu/arm/4.9.3/bin/../lib/gcc/arm-none-eabi/4.9.3/../../../../arm-none-eabi/lib/armv7-m/crt0.o
 .ARM.exidx     0x00000000        0x8 c:/program files (x86)/cypress/psoc creator/4.0/psoc creator/import/gnu/arm/4.9.3/bin/../lib/gcc/arm-none-eabi/4.9.3/../../../../arm-none-eabi/lib/armv7-m/crt0.o
 .text          0x00000000        0x0 .\CortexM3\ARM_GCC_493\Debug\main.o
 .data          0x00000000        0x0 .\CortexM3\ARM_GCC_493\Debug\main.o
 .bss           0x00000000        0x0 .\CortexM3\ARM_GCC_493\Debug\main.o
 .text          0x00000000        0x0 .\CortexM3\ARM_GCC_493\Debug\cymetadata.o
 .data          0x00000000        0x0 .\CortexM3\ARM_GCC_493\Debug\cymetadata.o
 .bss           0x00000000        0x0 .\CortexM3\ARM_GCC_493\Debug\cymetadata.o
 .text          0x00000000        0x0 .\CortexM3\ARM_GCC_493\Debug\Cm3Start.o
 .data          0x00000000        0x4 .\CortexM3\ARM_GCC_493\Debug\Cm3Start.o
 .bss           0x00000000        0x0 .\CortexM3\ARM_GCC_493\Debug\Cm3Start.o
 .text._exit    0x00000000        0xc .\CortexM3\ARM_GCC_493\Debug\Cm3Start.o
 .text._sbrk    0x00000000       0x30 .\CortexM3\ARM_GCC_493\Debug\Cm3Start.o
 .text          0x00000000        0x0 .\CortexM3\ARM_GCC_493\Debug\Practica2Parte4.a(cyfitter_cfg.o)
 .data          0x00000000        0x0 .\CortexM3\ARM_GCC_493\Debug\Practica2Parte4.a(cyfitter_cfg.o)
 .bss           0x00000000        0x0 .\CortexM3\ARM_GCC_493\Debug\Practica2Parte4.a(cyfitter_cfg.o)
 .text.SetAnalogRoutingPumps
                0x00000000       0x10 .\CortexM3\ARM_GCC_493\Debug\Practica2Parte4.a(cyfitter_cfg.o)
 .text          0x00000000        0x0 .\CortexM3\ARM_GCC_493\Debug\Practica2Parte4.a(registro.o)
 .data          0x00000000        0x0 .\CortexM3\ARM_GCC_493\Debug\Practica2Parte4.a(registro.o)
 .bss           0x00000000        0x0 .\CortexM3\ARM_GCC_493\Debug\Practica2Parte4.a(registro.o)
 .text.registro_Read
                0x00000000        0xc .\CortexM3\ARM_GCC_493\Debug\Practica2Parte4.a(registro.o)
 .text          0x00000000        0x0 .\CortexM3\ARM_GCC_493\Debug\Practica2Parte4.a(inc.o)
 .data          0x00000000        0x0 .\CortexM3\ARM_GCC_493\Debug\Practica2Parte4.a(inc.o)
 .bss           0x00000000        0x0 .\CortexM3\ARM_GCC_493\Debug\Practica2Parte4.a(inc.o)
 .text.inc_Write
                0x00000000       0x18 .\CortexM3\ARM_GCC_493\Debug\Practica2Parte4.a(inc.o)
 .text.inc_SetDriveMode
                0x00000000       0x18 .\CortexM3\ARM_GCC_493\Debug\Practica2Parte4.a(inc.o)
 .text.inc_ReadDataReg
                0x00000000        0xc .\CortexM3\ARM_GCC_493\Debug\Practica2Parte4.a(inc.o)
 .text          0x00000000        0x0 .\CortexM3\ARM_GCC_493\Debug\Practica2Parte4.a(dec.o)
 .data          0x00000000        0x0 .\CortexM3\ARM_GCC_493\Debug\Practica2Parte4.a(dec.o)
 .bss           0x00000000        0x0 .\CortexM3\ARM_GCC_493\Debug\Practica2Parte4.a(dec.o)
 .text.dec_Write
                0x00000000       0x18 .\CortexM3\ARM_GCC_493\Debug\Practica2Parte4.a(dec.o)
 .text.dec_SetDriveMode
                0x00000000       0x18 .\CortexM3\ARM_GCC_493\Debug\Practica2Parte4.a(dec.o)
 .text.dec_ReadDataReg
                0x00000000        0xc .\CortexM3\ARM_GCC_493\Debug\Practica2Parte4.a(dec.o)
 .text          0x00000000        0x0 .\CortexM3\ARM_GCC_493\Debug\Practica2Parte4.a(siguiente.o)
 .data          0x00000000        0x0 .\CortexM3\ARM_GCC_493\Debug\Practica2Parte4.a(siguiente.o)
 .bss           0x00000000        0x0 .\CortexM3\ARM_GCC_493\Debug\Practica2Parte4.a(siguiente.o)
 .text.siguiente_Write
                0x00000000       0x18 .\CortexM3\ARM_GCC_493\Debug\Practica2Parte4.a(siguiente.o)
 .text.siguiente_SetDriveMode
                0x00000000       0x18 .\CortexM3\ARM_GCC_493\Debug\Practica2Parte4.a(siguiente.o)
 .text.siguiente_ReadDataReg
                0x00000000       0x10 .\CortexM3\ARM_GCC_493\Debug\Practica2Parte4.a(siguiente.o)
 .text          0x00000000        0x0 .\CortexM3\ARM_GCC_493\Debug\Practica2Parte4.a(registro2.o)
 .data          0x00000000        0x0 .\CortexM3\ARM_GCC_493\Debug\Practica2Parte4.a(registro2.o)
 .bss           0x00000000        0x0 .\CortexM3\ARM_GCC_493\Debug\Practica2Parte4.a(registro2.o)
 .text.registro2_InterruptEnable
                0x00000000       0x1c .\CortexM3\ARM_GCC_493\Debug\Practica2Parte4.a(registro2.o)
 .text.registro2_InterruptDisable
                0x00000000       0x1c .\CortexM3\ARM_GCC_493\Debug\Practica2Parte4.a(registro2.o)
 .text.registro2_WriteMask
                0x00000000       0x10 .\CortexM3\ARM_GCC_493\Debug\Practica2Parte4.a(registro2.o)
 .text.registro2_ReadMask
                0x00000000        0xc .\CortexM3\ARM_GCC_493\Debug\Practica2Parte4.a(registro2.o)
 .text          0x00000000        0x0 .\CortexM3\ARM_GCC_493\Debug\Practica2Parte4.a(pantallaLCD.o)
 .data          0x00000000        0x0 .\CortexM3\ARM_GCC_493\Debug\Practica2Parte4.a(pantallaLCD.o)
 .text.pantallaLCD_PutChar
                0x00000000        0x8 .\CortexM3\ARM_GCC_493\Debug\Practica2Parte4.a(pantallaLCD.o)
 .text.pantallaLCD_Stop
                0x00000000       0x14 .\CortexM3\ARM_GCC_493\Debug\Practica2Parte4.a(pantallaLCD.o)
 .text.pantallaLCD_PrintInt8
                0x00000000       0x20 .\CortexM3\ARM_GCC_493\Debug\Practica2Parte4.a(pantallaLCD.o)
 .text.pantallaLCD_PrintInt16
                0x00000000       0x14 .\CortexM3\ARM_GCC_493\Debug\Practica2Parte4.a(pantallaLCD.o)
 .text.pantallaLCD_PrintInt32
                0x00000000       0x1c .\CortexM3\ARM_GCC_493\Debug\Practica2Parte4.a(pantallaLCD.o)
 .rodata        0x00000000       0x10 .\CortexM3\ARM_GCC_493\Debug\Practica2Parte4.a(pantallaLCD.o)
 .text          0x00000000        0x0 .\CortexM3\ARM_GCC_493\Debug\Practica2Parte4.a(CyLib.o)
 .bss           0x00000000       0x1c .\CortexM3\ARM_GCC_493\Debug\Practica2Parte4.a(CyLib.o)
 .text.CyUSB_PowerOnCheck
                0x00000000       0x48 .\CortexM3\ARM_GCC_493\Debug\Practica2Parte4.a(CyLib.o)
 .text.CyBusClk_Internal_SetDivider
                0x00000000       0x48 .\CortexM3\ARM_GCC_493\Debug\Practica2Parte4.a(CyLib.o)
 .text.CyPLL_OUT_Stop
                0x00000000       0x10 .\CortexM3\ARM_GCC_493\Debug\Practica2Parte4.a(CyLib.o)
 .text.CyIMO_Stop
                0x00000000       0x1c .\CortexM3\ARM_GCC_493\Debug\Practica2Parte4.a(CyLib.o)
 .text.CyIMO_EnableDoubler
                0x00000000       0x10 .\CortexM3\ARM_GCC_493\Debug\Practica2Parte4.a(CyLib.o)
 .text.CyIMO_DisableDoubler
                0x00000000       0x10 .\CortexM3\ARM_GCC_493\Debug\Practica2Parte4.a(CyLib.o)
 .text.CyMasterClk_SetSource
                0x00000000       0x18 .\CortexM3\ARM_GCC_493\Debug\Practica2Parte4.a(CyLib.o)
 .text.CyMasterClk_SetDivider
                0x00000000        0xc .\CortexM3\ARM_GCC_493\Debug\Practica2Parte4.a(CyLib.o)
 .text.CyBusClk_SetDivider
                0x00000000       0x70 .\CortexM3\ARM_GCC_493\Debug\Practica2Parte4.a(CyLib.o)
 .text.CyUsbClk_SetSource
                0x00000000       0x18 .\CortexM3\ARM_GCC_493\Debug\Practica2Parte4.a(CyLib.o)
 .text.CyILO_Start1K
                0x00000000       0x10 .\CortexM3\ARM_GCC_493\Debug\Practica2Parte4.a(CyLib.o)
 .text.CyILO_Stop1K
                0x00000000       0x10 .\CortexM3\ARM_GCC_493\Debug\Practica2Parte4.a(CyLib.o)
 .text.CyILO_Start100K
                0x00000000       0x10 .\CortexM3\ARM_GCC_493\Debug\Practica2Parte4.a(CyLib.o)
 .text.CyILO_Stop100K
                0x00000000       0x10 .\CortexM3\ARM_GCC_493\Debug\Practica2Parte4.a(CyLib.o)
 .text.CyPLL_OUT_Start
                0x00000000       0x78 .\CortexM3\ARM_GCC_493\Debug\Practica2Parte4.a(CyLib.o)
 .text.CyIMO_Start
                0x00000000       0x60 .\CortexM3\ARM_GCC_493\Debug\Practica2Parte4.a(CyLib.o)
 .text.CyILO_Enable33K
                0x00000000       0x10 .\CortexM3\ARM_GCC_493\Debug\Practica2Parte4.a(CyLib.o)
 .text.CyILO_Disable33K
                0x00000000       0x10 .\CortexM3\ARM_GCC_493\Debug\Practica2Parte4.a(CyLib.o)
 .text.CyILO_SetSource
                0x00000000       0x18 .\CortexM3\ARM_GCC_493\Debug\Practica2Parte4.a(CyLib.o)
 .text.CyILO_SetPowerMode
                0x00000000       0x24 .\CortexM3\ARM_GCC_493\Debug\Practica2Parte4.a(CyLib.o)
 .text.CyXTAL_32KHZ_Stop
                0x00000000       0x30 .\CortexM3\ARM_GCC_493\Debug\Practica2Parte4.a(CyLib.o)
 .text.CyXTAL_32KHZ_ReadStatus
                0x00000000       0x10 .\CortexM3\ARM_GCC_493\Debug\Practica2Parte4.a(CyLib.o)
 .text.CyXTAL_Start
                0x00000000       0xac .\CortexM3\ARM_GCC_493\Debug\Practica2Parte4.a(CyLib.o)
 .text.CyXTAL_Stop
                0x00000000       0x10 .\CortexM3\ARM_GCC_493\Debug\Practica2Parte4.a(CyLib.o)
 .text.CyXTAL_EnableErrStatus
                0x00000000       0x10 .\CortexM3\ARM_GCC_493\Debug\Practica2Parte4.a(CyLib.o)
 .text.CyXTAL_DisableErrStatus
                0x00000000       0x10 .\CortexM3\ARM_GCC_493\Debug\Practica2Parte4.a(CyLib.o)
 .text.CyXTAL_ReadStatus
                0x00000000       0x18 .\CortexM3\ARM_GCC_493\Debug\Practica2Parte4.a(CyLib.o)
 .text.CyXTAL_EnableFaultRecovery
                0x00000000       0x10 .\CortexM3\ARM_GCC_493\Debug\Practica2Parte4.a(CyLib.o)
 .text.CyXTAL_DisableFaultRecovery
                0x00000000       0x10 .\CortexM3\ARM_GCC_493\Debug\Practica2Parte4.a(CyLib.o)
 .text.CyXTAL_SetStartup
                0x00000000       0x18 .\CortexM3\ARM_GCC_493\Debug\Practica2Parte4.a(CyLib.o)
 .text.CyXTAL_SetFbVoltage
                0x00000000       0x18 .\CortexM3\ARM_GCC_493\Debug\Practica2Parte4.a(CyLib.o)
 .text.CyXTAL_SetWdVoltage
                0x00000000       0x18 .\CortexM3\ARM_GCC_493\Debug\Practica2Parte4.a(CyLib.o)
 .text.CyHalt   0x00000000        0x4 .\CortexM3\ARM_GCC_493\Debug\Practica2Parte4.a(CyLib.o)
 .text.CyPLL_OUT_SetPQ
                0x00000000       0x60 .\CortexM3\ARM_GCC_493\Debug\Practica2Parte4.a(CyLib.o)
 .text.CyPLL_OUT_SetSource
                0x00000000       0x34 .\CortexM3\ARM_GCC_493\Debug\Practica2Parte4.a(CyLib.o)
 .text.CyIMO_SetTrimValue
                0x00000000       0xcc .\CortexM3\ARM_GCC_493\Debug\Practica2Parte4.a(CyLib.o)
 .text.CyIMO_SetFreq
                0x00000000       0xf4 .\CortexM3\ARM_GCC_493\Debug\Practica2Parte4.a(CyLib.o)
 .text.CyIMO_SetSource
                0x00000000       0x58 .\CortexM3\ARM_GCC_493\Debug\Practica2Parte4.a(CyLib.o)
 .text.CySoftwareReset
                0x00000000       0x10 .\CortexM3\ARM_GCC_493\Debug\Practica2Parte4.a(CyLib.o)
 .text.CyXTAL_32KHZ_SetPowerMode
                0x00000000       0x84 .\CortexM3\ARM_GCC_493\Debug\Practica2Parte4.a(CyLib.o)
 .text.CyXTAL_32KHZ_Start
                0x00000000       0x70 .\CortexM3\ARM_GCC_493\Debug\Practica2Parte4.a(CyLib.o)
 .text.CyDelayFreq
                0x00000000       0x4c .\CortexM3\ARM_GCC_493\Debug\Practica2Parte4.a(CyLib.o)
 .text.CyWdtStart
                0x00000000       0x40 .\CortexM3\ARM_GCC_493\Debug\Practica2Parte4.a(CyLib.o)
 .text.CyWdtClear
                0x00000000        0xc .\CortexM3\ARM_GCC_493\Debug\Practica2Parte4.a(CyLib.o)
 .text.CyVdStickyStatus
                0x00000000       0x2c .\CortexM3\ARM_GCC_493\Debug\Practica2Parte4.a(CyLib.o)
 .text.CyVdLvDigitEnable
                0x00000000       0x84 .\CortexM3\ARM_GCC_493\Debug\Practica2Parte4.a(CyLib.o)
 .text.CyVdLvAnalogEnable
                0x00000000       0x80 .\CortexM3\ARM_GCC_493\Debug\Practica2Parte4.a(CyLib.o)
 .text.CyVdLvDigitDisable
                0x00000000       0x30 .\CortexM3\ARM_GCC_493\Debug\Practica2Parte4.a(CyLib.o)
 .text.CyVdLvAnalogDisable
                0x00000000       0x28 .\CortexM3\ARM_GCC_493\Debug\Practica2Parte4.a(CyLib.o)
 .text.CyVdHvAnalogEnable
                0x00000000       0x54 .\CortexM3\ARM_GCC_493\Debug\Practica2Parte4.a(CyLib.o)
 .text.CyVdHvAnalogDisable
                0x00000000       0x20 .\CortexM3\ARM_GCC_493\Debug\Practica2Parte4.a(CyLib.o)
 .text.CyVdRealTimeStatus
                0x00000000       0x1c .\CortexM3\ARM_GCC_493\Debug\Practica2Parte4.a(CyLib.o)
 .text.CyDisableInts
                0x00000000       0x1c .\CortexM3\ARM_GCC_493\Debug\Practica2Parte4.a(CyLib.o)
 .text.CyEnableInts
                0x00000000       0x18 .\CortexM3\ARM_GCC_493\Debug\Practica2Parte4.a(CyLib.o)
 .text.CyFlushCache
                0x00000000       0x44 .\CortexM3\ARM_GCC_493\Debug\Practica2Parte4.a(CyLib.o)
 .text.CyIntSetSysVector
                0x00000000       0x28 .\CortexM3\ARM_GCC_493\Debug\Practica2Parte4.a(CyLib.o)
 .text.CyIntGetSysVector
                0x00000000       0x20 .\CortexM3\ARM_GCC_493\Debug\Practica2Parte4.a(CyLib.o)
 .text.CyIntSetVector
                0x00000000       0x28 .\CortexM3\ARM_GCC_493\Debug\Practica2Parte4.a(CyLib.o)
 .text.CyIntGetVector
                0x00000000       0x24 .\CortexM3\ARM_GCC_493\Debug\Practica2Parte4.a(CyLib.o)
 .text.CyIntSetPriority
                0x00000000       0x30 .\CortexM3\ARM_GCC_493\Debug\Practica2Parte4.a(CyLib.o)
 .text.CyIntGetPriority
                0x00000000       0x20 .\CortexM3\ARM_GCC_493\Debug\Practica2Parte4.a(CyLib.o)
 .text.CyIntGetState
                0x00000000       0x24 .\CortexM3\ARM_GCC_493\Debug\Practica2Parte4.a(CyLib.o)
 .text.CySysTickStop
                0x00000000       0x10 .\CortexM3\ARM_GCC_493\Debug\Practica2Parte4.a(CyLib.o)
 .text.CySysTickEnableInterrupt
                0x00000000       0x10 .\CortexM3\ARM_GCC_493\Debug\Practica2Parte4.a(CyLib.o)
 .text.CySysTickEnable
                0x00000000       0x18 .\CortexM3\ARM_GCC_493\Debug\Practica2Parte4.a(CyLib.o)
 .text.CySysTickDisableInterrupt
                0x00000000       0x10 .\CortexM3\ARM_GCC_493\Debug\Practica2Parte4.a(CyLib.o)
 .text.CySysTickSetReload
                0x00000000       0x10 .\CortexM3\ARM_GCC_493\Debug\Practica2Parte4.a(CyLib.o)
 .text.CySysTickGetReload
                0x00000000       0x10 .\CortexM3\ARM_GCC_493\Debug\Practica2Parte4.a(CyLib.o)
 .text.CySysTickGetValue
                0x00000000       0x10 .\CortexM3\ARM_GCC_493\Debug\Practica2Parte4.a(CyLib.o)
 .text.CySysTickSetClockSource
                0x00000000       0x20 .\CortexM3\ARM_GCC_493\Debug\Practica2Parte4.a(CyLib.o)
 .text.CySysTickGetClockSource
                0x00000000       0x10 .\CortexM3\ARM_GCC_493\Debug\Practica2Parte4.a(CyLib.o)
 .text.CySysTickGetCountFlag
                0x00000000       0x10 .\CortexM3\ARM_GCC_493\Debug\Practica2Parte4.a(CyLib.o)
 .text.CySysTickServiceCallbacks
                0x00000000       0x28 .\CortexM3\ARM_GCC_493\Debug\Practica2Parte4.a(CyLib.o)
 .text.CySysTickClear
                0x00000000        0xc .\CortexM3\ARM_GCC_493\Debug\Practica2Parte4.a(CyLib.o)
 .text.CySysTickInit
                0x00000000       0x58 .\CortexM3\ARM_GCC_493\Debug\Practica2Parte4.a(CyLib.o)
 .text.CySysTickStart
                0x00000000       0x1c .\CortexM3\ARM_GCC_493\Debug\Practica2Parte4.a(CyLib.o)
 .text.CySysTickSetCallback
                0x00000000       0x10 .\CortexM3\ARM_GCC_493\Debug\Practica2Parte4.a(CyLib.o)
 .text.CySysTickGetCallback
                0x00000000       0x10 .\CortexM3\ARM_GCC_493\Debug\Practica2Parte4.a(CyLib.o)
 .text.CyGetUniqueId
                0x00000000       0x70 .\CortexM3\ARM_GCC_493\Debug\Practica2Parte4.a(CyLib.o)
 .text          0x00000000        0x0 .\CortexM3\ARM_GCC_493\Debug\Practica2Parte4.a(cyPm.o)
 .data          0x00000000        0x0 .\CortexM3\ARM_GCC_493\Debug\Practica2Parte4.a(cyPm.o)
 .bss           0x00000000       0x44 .\CortexM3\ARM_GCC_493\Debug\Practica2Parte4.a(cyPm.o)
 .text.CyPmHibSlpSaveSet
                0x00000000      0x1dc .\CortexM3\ARM_GCC_493\Debug\Practica2Parte4.a(cyPm.o)
 .text.CyPmHibSlpRestore
                0x00000000       0xd4 .\CortexM3\ARM_GCC_493\Debug\Practica2Parte4.a(cyPm.o)
 .text.CyPmHviLviSaveDisable
                0x00000000       0xa0 .\CortexM3\ARM_GCC_493\Debug\Practica2Parte4.a(cyPm.o)
 .text.CyPmHibSaveSet
                0x00000000       0x8c .\CortexM3\ARM_GCC_493\Debug\Practica2Parte4.a(cyPm.o)
 .text.CyPmHviLviRestore
                0x00000000       0x48 .\CortexM3\ARM_GCC_493\Debug\Practica2Parte4.a(cyPm.o)
 .text.CyPmHibRestore
                0x00000000       0x58 .\CortexM3\ARM_GCC_493\Debug\Practica2Parte4.a(cyPm.o)
 .text.CyPmSaveClocks
                0x00000000      0x218 .\CortexM3\ARM_GCC_493\Debug\Practica2Parte4.a(cyPm.o)
 .text.CyPmRestoreClocks
                0x00000000      0x24c .\CortexM3\ARM_GCC_493\Debug\Practica2Parte4.a(cyPm.o)
 .text.CyPmAltAct
                0x00000000       0x6c .\CortexM3\ARM_GCC_493\Debug\Practica2Parte4.a(cyPm.o)
 .text.CyPmSleep
                0x00000000       0xf4 .\CortexM3\ARM_GCC_493\Debug\Practica2Parte4.a(cyPm.o)
 .text.CyPmHibernateEx
                0x00000000       0xf4 .\CortexM3\ARM_GCC_493\Debug\Practica2Parte4.a(cyPm.o)
 .text.CyPmHibernate
                0x00000000        0xc .\CortexM3\ARM_GCC_493\Debug\Practica2Parte4.a(cyPm.o)
 .text.CyPmReadStatus
                0x00000000       0x30 .\CortexM3\ARM_GCC_493\Debug\Practica2Parte4.a(cyPm.o)
 .text.CyPmCtwSetInterval
                0x00000000       0x5c .\CortexM3\ARM_GCC_493\Debug\Practica2Parte4.a(cyPm.o)
 .text.CyPmOppsSet
                0x00000000       0x2c .\CortexM3\ARM_GCC_493\Debug\Practica2Parte4.a(cyPm.o)
 .text.CyPmFtwSetInterval
                0x00000000       0x5c .\CortexM3\ARM_GCC_493\Debug\Practica2Parte4.a(cyPm.o)
 .rodata        0x00000000       0x10 .\CortexM3\ARM_GCC_493\Debug\Practica2Parte4.a(cyPm.o)
 .data          0x00000000        0x0 .\CortexM3\ARM_GCC_493\Debug\Practica2Parte4.a(CyBootAsmGnu.o)
 .bss           0x00000000        0x0 .\CortexM3\ARM_GCC_493\Debug\Practica2Parte4.a(CyBootAsmGnu.o)
 .text          0x00000000        0x0 .\CortexM3\ARM_GCC_493\Debug\Practica2Parte4.a(CyFlash.o)
 .data          0x00000000        0x0 .\CortexM3\ARM_GCC_493\Debug\Practica2Parte4.a(CyFlash.o)
 .bss           0x00000000        0x4 .\CortexM3\ARM_GCC_493\Debug\Practica2Parte4.a(CyFlash.o)
 .text.CyFlashGetSpcAlgorithm
                0x00000000       0x4c .\CortexM3\ARM_GCC_493\Debug\Practica2Parte4.a(CyFlash.o)
 .text.CySetTempInt
                0x00000000       0x60 .\CortexM3\ARM_GCC_493\Debug\Practica2Parte4.a(CyFlash.o)
 .text.CyFlash_Start
                0x00000000       0x54 .\CortexM3\ARM_GCC_493\Debug\Practica2Parte4.a(CyFlash.o)
 .text.CyFlash_Stop
                0x00000000       0x24 .\CortexM3\ARM_GCC_493\Debug\Practica2Parte4.a(CyFlash.o)
 .text.CySetTemp
                0x00000000       0x14 .\CortexM3\ARM_GCC_493\Debug\Practica2Parte4.a(CyFlash.o)
 .text.CySetFlashEEBuffer
                0x00000000       0x28 .\CortexM3\ARM_GCC_493\Debug\Practica2Parte4.a(CyFlash.o)
 .text.CyWriteRowFull
                0x00000000       0xf8 .\CortexM3\ARM_GCC_493\Debug\Practica2Parte4.a(CyFlash.o)
 .text.CyWriteRowData
                0x00000000       0x14 .\CortexM3\ARM_GCC_493\Debug\Practica2Parte4.a(CyFlash.o)
 .text.CyFlash_SetWaitCycles
                0x00000000       0x7c .\CortexM3\ARM_GCC_493\Debug\Practica2Parte4.a(CyFlash.o)
 .text.CyEEPROM_Start
                0x00000000       0x54 .\CortexM3\ARM_GCC_493\Debug\Practica2Parte4.a(CyFlash.o)
 .text.CyEEPROM_Stop
                0x00000000       0x24 .\CortexM3\ARM_GCC_493\Debug\Practica2Parte4.a(CyFlash.o)
 .text.CyEEPROM_ReadReserve
                0x00000000       0x1c .\CortexM3\ARM_GCC_493\Debug\Practica2Parte4.a(CyFlash.o)
 .text.CyEEPROM_ReadRelease
                0x00000000       0x10 .\CortexM3\ARM_GCC_493\Debug\Practica2Parte4.a(CyFlash.o)
 COMMON         0x00000000        0x2 .\CortexM3\ARM_GCC_493\Debug\Practica2Parte4.a(CyFlash.o)
 .text          0x00000000        0x0 .\CortexM3\ARM_GCC_493\Debug\Practica2Parte4.a(CySpc.o)
 .data          0x00000000        0x0 .\CortexM3\ARM_GCC_493\Debug\Practica2Parte4.a(CySpc.o)
 .bss           0x00000000        0x8 .\CortexM3\ARM_GCC_493\Debug\Practica2Parte4.a(CySpc.o)
 .text.CySpcStart
                0x00000000       0x24 .\CortexM3\ARM_GCC_493\Debug\Practica2Parte4.a(CySpc.o)
 .text.CySpcStop
                0x00000000       0x24 .\CortexM3\ARM_GCC_493\Debug\Practica2Parte4.a(CySpc.o)
 .text.CySpcReadData
                0x00000000       0x34 .\CortexM3\ARM_GCC_493\Debug\Practica2Parte4.a(CySpc.o)
 .text.CySpcLoadMultiByte
                0x00000000       0x78 .\CortexM3\ARM_GCC_493\Debug\Practica2Parte4.a(CySpc.o)
 .text.CySpcLoadRow
                0x00000000       0x54 .\CortexM3\ARM_GCC_493\Debug\Practica2Parte4.a(CySpc.o)
 .text.CySpcLoadRowFull
                0x00000000       0x80 .\CortexM3\ARM_GCC_493\Debug\Practica2Parte4.a(CySpc.o)
 .text.CySpcWriteRow
                0x00000000       0x4c .\CortexM3\ARM_GCC_493\Debug\Practica2Parte4.a(CySpc.o)
 .text.CySpcEraseSector
                0x00000000       0x3c .\CortexM3\ARM_GCC_493\Debug\Practica2Parte4.a(CySpc.o)
 .text.CySpcGetTemp
                0x00000000       0x3c .\CortexM3\ARM_GCC_493\Debug\Practica2Parte4.a(CySpc.o)
 .text.CySpcLock
                0x00000000       0x4c .\CortexM3\ARM_GCC_493\Debug\Practica2Parte4.a(CySpc.o)
 .text.CySpcUnlock
                0x00000000       0x38 .\CortexM3\ARM_GCC_493\Debug\Practica2Parte4.a(CySpc.o)
 .text.CySpcGetAlgorithm
                0x00000000       0x28 .\CortexM3\ARM_GCC_493\Debug\Practica2Parte4.a(CySpc.o)
 .text          0x00000000        0x0 c:/program files (x86)/cypress/psoc creator/4.0/psoc creator/import/gnu/arm/4.9.3/bin/../lib/gcc/arm-none-eabi/4.9.3/../../../../arm-none-eabi/lib/armv7-m\libg_nano.a(lib_a-errno.o)
 .data          0x00000000        0x0 c:/program files (x86)/cypress/psoc creator/4.0/psoc creator/import/gnu/arm/4.9.3/bin/../lib/gcc/arm-none-eabi/4.9.3/../../../../arm-none-eabi/lib/armv7-m\libg_nano.a(lib_a-errno.o)
 .bss           0x00000000        0x0 c:/program files (x86)/cypress/psoc creator/4.0/psoc creator/import/gnu/arm/4.9.3/bin/../lib/gcc/arm-none-eabi/4.9.3/../../../../arm-none-eabi/lib/armv7-m\libg_nano.a(lib_a-errno.o)
 .text          0x00000000        0x0 c:/program files (x86)/cypress/psoc creator/4.0/psoc creator/import/gnu/arm/4.9.3/bin/../lib/gcc/arm-none-eabi/4.9.3/../../../../arm-none-eabi/lib/armv7-m\libg_nano.a(lib_a-exit.o)
 .data          0x00000000        0x0 c:/program files (x86)/cypress/psoc creator/4.0/psoc creator/import/gnu/arm/4.9.3/bin/../lib/gcc/arm-none-eabi/4.9.3/../../../../arm-none-eabi/lib/armv7-m\libg_nano.a(lib_a-exit.o)
 .bss           0x00000000        0x0 c:/program files (x86)/cypress/psoc creator/4.0/psoc creator/import/gnu/arm/4.9.3/bin/../lib/gcc/arm-none-eabi/4.9.3/../../../../arm-none-eabi/lib/armv7-m\libg_nano.a(lib_a-exit.o)
 .text.exit     0x00000000       0x28 c:/program files (x86)/cypress/psoc creator/4.0/psoc creator/import/gnu/arm/4.9.3/bin/../lib/gcc/arm-none-eabi/4.9.3/../../../../arm-none-eabi/lib/armv7-m\libg_nano.a(lib_a-exit.o)
 .text          0x00000000        0x0 c:/program files (x86)/cypress/psoc creator/4.0/psoc creator/import/gnu/arm/4.9.3/bin/../lib/gcc/arm-none-eabi/4.9.3/../../../../arm-none-eabi/lib/armv7-m\libg_nano.a(lib_a-impure.o)
 .data          0x00000000        0x0 c:/program files (x86)/cypress/psoc creator/4.0/psoc creator/import/gnu/arm/4.9.3/bin/../lib/gcc/arm-none-eabi/4.9.3/../../../../arm-none-eabi/lib/armv7-m\libg_nano.a(lib_a-impure.o)
 .bss           0x00000000        0x0 c:/program files (x86)/cypress/psoc creator/4.0/psoc creator/import/gnu/arm/4.9.3/bin/../lib/gcc/arm-none-eabi/4.9.3/../../../../arm-none-eabi/lib/armv7-m\libg_nano.a(lib_a-impure.o)
 .rodata._global_impure_ptr
                0x00000000        0x4 c:/program files (x86)/cypress/psoc creator/4.0/psoc creator/import/gnu/arm/4.9.3/bin/../lib/gcc/arm-none-eabi/4.9.3/../../../../arm-none-eabi/lib/armv7-m\libg_nano.a(lib_a-impure.o)
 .text          0x00000000        0x0 c:/program files (x86)/cypress/psoc creator/4.0/psoc creator/import/gnu/arm/4.9.3/bin/../lib/gcc/arm-none-eabi/4.9.3/../../../../arm-none-eabi/lib/armv7-m\libg_nano.a(lib_a-init.o)
 .data          0x00000000        0x0 c:/program files (x86)/cypress/psoc creator/4.0/psoc creator/import/gnu/arm/4.9.3/bin/../lib/gcc/arm-none-eabi/4.9.3/../../../../arm-none-eabi/lib/armv7-m\libg_nano.a(lib_a-init.o)
 .bss           0x00000000        0x0 c:/program files (x86)/cypress/psoc creator/4.0/psoc creator/import/gnu/arm/4.9.3/bin/../lib/gcc/arm-none-eabi/4.9.3/../../../../arm-none-eabi/lib/armv7-m\libg_nano.a(lib_a-init.o)
 .text          0x00000000        0x0 c:/program files (x86)/cypress/psoc creator/4.0/psoc creator/import/gnu/arm/4.9.3/bin/../lib/gcc/arm-none-eabi/4.9.3/../../../../arm-none-eabi/lib/armv7-m\libg_nano.a(lib_a-memcpy.o)
 .data          0x00000000        0x0 c:/program files (x86)/cypress/psoc creator/4.0/psoc creator/import/gnu/arm/4.9.3/bin/../lib/gcc/arm-none-eabi/4.9.3/../../../../arm-none-eabi/lib/armv7-m\libg_nano.a(lib_a-memcpy.o)
 .bss           0x00000000        0x0 c:/program files (x86)/cypress/psoc creator/4.0/psoc creator/import/gnu/arm/4.9.3/bin/../lib/gcc/arm-none-eabi/4.9.3/../../../../arm-none-eabi/lib/armv7-m\libg_nano.a(lib_a-memcpy.o)
 .text          0x00000000        0x0 c:/program files (x86)/cypress/psoc creator/4.0/psoc creator/import/gnu/arm/4.9.3/bin/../lib/gcc/arm-none-eabi/4.9.3/../../../../arm-none-eabi/lib/armv7-m\libg_nano.a(lib_a-memset.o)
 .data          0x00000000        0x0 c:/program files (x86)/cypress/psoc creator/4.0/psoc creator/import/gnu/arm/4.9.3/bin/../lib/gcc/arm-none-eabi/4.9.3/../../../../arm-none-eabi/lib/armv7-m\libg_nano.a(lib_a-memset.o)
 .bss           0x00000000        0x0 c:/program files (x86)/cypress/psoc creator/4.0/psoc creator/import/gnu/arm/4.9.3/bin/../lib/gcc/arm-none-eabi/4.9.3/../../../../arm-none-eabi/lib/armv7-m\libg_nano.a(lib_a-memset.o)
 .text          0x00000000        0x0 c:/program files (x86)/cypress/psoc creator/4.0/psoc creator/import/gnu/arm/4.9.3/bin/../lib/gcc/arm-none-eabi/4.9.3/armv7-m/crtend.o
 .data          0x00000000        0x0 c:/program files (x86)/cypress/psoc creator/4.0/psoc creator/import/gnu/arm/4.9.3/bin/../lib/gcc/arm-none-eabi/4.9.3/armv7-m/crtend.o
 .bss           0x00000000        0x0 c:/program files (x86)/cypress/psoc creator/4.0/psoc creator/import/gnu/arm/4.9.3/bin/../lib/gcc/arm-none-eabi/4.9.3/armv7-m/crtend.o
 .text          0x00000000        0x0 c:/program files (x86)/cypress/psoc creator/4.0/psoc creator/import/gnu/arm/4.9.3/bin/../lib/gcc/arm-none-eabi/4.9.3/armv7-m/crtn.o
 .data          0x00000000        0x0 c:/program files (x86)/cypress/psoc creator/4.0/psoc creator/import/gnu/arm/4.9.3/bin/../lib/gcc/arm-none-eabi/4.9.3/armv7-m/crtn.o
 .bss           0x00000000        0x0 c:/program files (x86)/cypress/psoc creator/4.0/psoc creator/import/gnu/arm/4.9.3/bin/../lib/gcc/arm-none-eabi/4.9.3/armv7-m/crtn.o

Memory Configuration

Name             Origin             Length             Attributes
rom              0x00000000         0x00040000         xr
ram              0x1fff8000         0x00010000         xrw
*default*        0x00000000         0xffffffff

Linker script and memory map

LOAD c:/program files (x86)/cypress/psoc creator/4.0/psoc creator/import/gnu/arm/4.9.3/bin/../lib/gcc/arm-none-eabi/4.9.3/armv7-m/crti.o
LOAD c:/program files (x86)/cypress/psoc creator/4.0/psoc creator/import/gnu/arm/4.9.3/bin/../lib/gcc/arm-none-eabi/4.9.3/armv7-m/crtbegin.o
LOAD c:/program files (x86)/cypress/psoc creator/4.0/psoc creator/import/gnu/arm/4.9.3/bin/../lib/gcc/arm-none-eabi/4.9.3/../../../../arm-none-eabi/lib/armv7-m/crt0.o
START GROUP
LOAD .\CortexM3\ARM_GCC_493\Debug\main.o
LOAD .\CortexM3\ARM_GCC_493\Debug\cymetadata.o
LOAD .\CortexM3\ARM_GCC_493\Debug\Cm3Start.o
LOAD .\CortexM3\ARM_GCC_493\Debug\Practica2Parte4.a
LOAD C:\Program Files (x86)\Cypress\PSoC Creator\4.0\PSoC Creator\psoc\content\cycomponentlibrary\CyComponentLibrary.cylib\CortexM3\ARM_GCC_493\Debug\CyComponentLibrary.a
END GROUP
START GROUP
LOAD c:/program files (x86)/cypress/psoc creator/4.0/psoc creator/import/gnu/arm/4.9.3/bin/../lib/gcc/arm-none-eabi/4.9.3/armv7-m\libgcc.a
LOAD c:/program files (x86)/cypress/psoc creator/4.0/psoc creator/import/gnu/arm/4.9.3/bin/../lib/gcc/arm-none-eabi/4.9.3/../../../../arm-none-eabi/lib/armv7-m\libg_nano.a
LOAD c:/program files (x86)/cypress/psoc creator/4.0/psoc creator/import/gnu/arm/4.9.3/bin/../lib/gcc/arm-none-eabi/4.9.3/../../../../arm-none-eabi/lib/armv7-m\libc_nano.a
END GROUP
START GROUP
LOAD c:/program files (x86)/cypress/psoc creator/4.0/psoc creator/import/gnu/arm/4.9.3/bin/../lib/gcc/arm-none-eabi/4.9.3/armv7-m\libgcc.a
LOAD c:/program files (x86)/cypress/psoc creator/4.0/psoc creator/import/gnu/arm/4.9.3/bin/../lib/gcc/arm-none-eabi/4.9.3/../../../../arm-none-eabi/lib/armv7-m\libc_nano.a
END GROUP
LOAD c:/program files (x86)/cypress/psoc creator/4.0/psoc creator/import/gnu/arm/4.9.3/bin/../lib/gcc/arm-none-eabi/4.9.3/armv7-m/crtend.o
LOAD c:/program files (x86)/cypress/psoc creator/4.0/psoc creator/import/gnu/arm/4.9.3/bin/../lib/gcc/arm-none-eabi/4.9.3/armv7-m/crtn.o
START GROUP
LOAD c:/program files (x86)/cypress/psoc creator/4.0/psoc creator/import/gnu/arm/4.9.3/bin/../lib/gcc/arm-none-eabi/4.9.3/armv7-m\libgcc.a
LOAD c:/program files (x86)/cypress/psoc creator/4.0/psoc creator/import/gnu/arm/4.9.3/bin/../lib/gcc/arm-none-eabi/4.9.3/../../../../arm-none-eabi/lib/armv7-m\libc.a
LOAD c:/program files (x86)/cypress/psoc creator/4.0/psoc creator/import/gnu/arm/4.9.3/bin/../lib/gcc/arm-none-eabi/4.9.3/../../../../arm-none-eabi/lib/armv7-m\libnosys.a
END GROUP
                0x00000000                CY_APPL_ORIGIN = 0x0
                0x00000100                CY_FLASH_ROW_SIZE = 0x100
                0x00000020                CY_ECC_ROW_SIZE = 0x20
                0x00000000                CY_EE_IN_BTLDR = 0x0
                0x00000000                CY_APPL_LOADABLE = 0x0
                0x00000800                CY_EE_SIZE = 0x800
                0x00000001                CY_APPL_NUM = 0x1
                0x00000001                CY_APPL_MAX = 0x1
                0x00000040                CY_METADATA_SIZE = 0x40
                0x00000000                CY_APPL_LOADABLE = 0x0
                0x00000000                CY_CHECKSUM_EXCLUDE_SIZE = ALIGN (0x0, CY_FLASH_ROW_SIZE)
                0x1fff81a0                PROVIDE (__cy_heap_start, _end)
                0x00000001                PROVIDE (__cy_region_num, ((__cy_regions_end - __cy_regions) / 0x10))
                0x20008000                PROVIDE (__cy_stack, (ORIGIN (ram) + 0x10000))
                0x20007800                PROVIDE (__cy_heap_end, (__cy_stack - 0x800))

.cybootloader   0x00000000        0x0
 *(.cybootloader)
                0x00000000                appl1_start = CY_APPL_ORIGIN?CY_APPL_ORIGIN:ALIGN (CY_FLASH_ROW_SIZE)
                0x0001ff00                appl2_start = (appl1_start + ALIGN ((((0x40000 - appl1_start) - (0x2 * CY_FLASH_ROW_SIZE)) / 0x2), CY_FLASH_ROW_SIZE))
                0x00000000                appl_start = (CY_APPL_NUM == 0x1)?appl1_start:appl2_start
                0x00000000                ecc_offset = ((appl_start / CY_FLASH_ROW_SIZE) * CY_ECC_ROW_SIZE)
                0x00000000                ee_offset = (CY_APPL_LOADABLE && ! (CY_EE_IN_BTLDR))?((CY_EE_SIZE / CY_APPL_MAX) * (CY_APPL_NUM - 0x1)):0x0
                0x00000800                ee_size = (CY_APPL_LOADABLE && ! (CY_EE_IN_BTLDR))?(CY_EE_SIZE / CY_APPL_MAX):CY_EE_SIZE
                0x00000000                PROVIDE (CY_ECC_OFFSET, ecc_offset)

.text           0x00000000      0x896
 CREATE_OBJECT_SYMBOLS
                0x00000000                PROVIDE (__cy_interrupt_vector, RomVectors)
 *(.romvectors)
 .romvectors    0x00000000       0x10 .\CortexM3\ARM_GCC_493\Debug\Cm3Start.o
                0x00000000                RomVectors
                0x00000001                ASSERT ((. != __cy_interrupt_vector), No interrupt vector)
                0x00000001                ASSERT (CY_APPL_ORIGIN?(SIZEOF (.cybootloader) <= CY_APPL_ORIGIN):0x1, Wrong image location)
                0x00000010                PROVIDE (__cy_reset, Reset)
 *(.text.Reset)
 .text.Reset    0x00000010       0x18 .\CortexM3\ARM_GCC_493\Debug\Cm3Start.o
                0x00000010                Reset
                0x00000001                ASSERT ((. != __cy_reset), No reset code)
 *(.dma_init)
                0x00000001                ASSERT ((((appl_start + .) <= 0x10000) || 0x1), DMA Init must be within the first 64k of flash)
 *(.text .text.* .gnu.linkonce.t.*)
 .text          0x00000028       0x5c c:/program files (x86)/cypress/psoc creator/4.0/psoc creator/import/gnu/arm/4.9.3/bin/../lib/gcc/arm-none-eabi/4.9.3/armv7-m/crtbegin.o
 .text.main     0x00000084      0x13c .\CortexM3\ARM_GCC_493\Debug\main.o
                0x00000084                main
 .text.IntDefaultHandler
                0x000001c0       0x10 .\CortexM3\ARM_GCC_493\Debug\Cm3Start.o
                0x000001c0                IntDefaultHandler
 .text.Start_c  0x000001d0       0x4c .\CortexM3\ARM_GCC_493\Debug\Cm3Start.o
                0x000001d0                Start_c
 .text.initialize_psoc
                0x0000021c       0x74 .\CortexM3\ARM_GCC_493\Debug\Cm3Start.o
                0x0000021c                initialize_psoc
 .text.CyClockStartupError
                0x00000290        0x4 .\CortexM3\ARM_GCC_493\Debug\Practica2Parte4.a(cyfitter_cfg.o)
 .text.cfg_write_bytes32
                0x00000294       0x34 .\CortexM3\ARM_GCC_493\Debug\Practica2Parte4.a(cyfitter_cfg.o)
 .text.AnalogSetDefault
                0x000002c8       0x28 .\CortexM3\ARM_GCC_493\Debug\Practica2Parte4.a(cyfitter_cfg.o)
 .text.CYMEMZERO
                0x000002f0        0xc .\CortexM3\ARM_GCC_493\Debug\Practica2Parte4.a(cyfitter_cfg.o)
 .text.ClockSetup
                0x000002fc       0xb4 .\CortexM3\ARM_GCC_493\Debug\Practica2Parte4.a(cyfitter_cfg.o)
 .text.CYCONFIGCPY
                0x000003b0        0x8 .\CortexM3\ARM_GCC_493\Debug\Practica2Parte4.a(cyfitter_cfg.o)
 .text.cyfitter_cfg
                0x000003b8       0xdc .\CortexM3\ARM_GCC_493\Debug\Practica2Parte4.a(cyfitter_cfg.o)
                0x000003b8                cyfitter_cfg
 .text.registro_Write
                0x00000494        0xc .\CortexM3\ARM_GCC_493\Debug\Practica2Parte4.a(registro.o)
                0x00000494                registro_Write
 .text.inc_Read
                0x000004a0        0xc .\CortexM3\ARM_GCC_493\Debug\Practica2Parte4.a(inc.o)
                0x000004a0                inc_Read
 .text.dec_Read
                0x000004ac        0xc .\CortexM3\ARM_GCC_493\Debug\Practica2Parte4.a(dec.o)
                0x000004ac                dec_Read
 .text.siguiente_Read
                0x000004b8       0x10 .\CortexM3\ARM_GCC_493\Debug\Practica2Parte4.a(siguiente.o)
                0x000004b8                siguiente_Read
 .text.registro2_Read
                0x000004c8        0xc .\CortexM3\ARM_GCC_493\Debug\Practica2Parte4.a(registro2.o)
                0x000004c8                registro2_Read
 .text.pantallaLCD_WrCntrlNib
                0x000004d4       0x34 .\CortexM3\ARM_GCC_493\Debug\Practica2Parte4.a(pantallaLCD.o)
 .text.pantallaLCD_WrDatNib
                0x00000508       0x44 .\CortexM3\ARM_GCC_493\Debug\Practica2Parte4.a(pantallaLCD.o)
 .text.pantallaLCD_IsReady
                0x0000054c       0xe4 .\CortexM3\ARM_GCC_493\Debug\Practica2Parte4.a(pantallaLCD.o)
                0x0000054c                pantallaLCD_IsReady
 .text.pantallaLCD_WriteData
                0x00000630       0x18 .\CortexM3\ARM_GCC_493\Debug\Practica2Parte4.a(pantallaLCD.o)
                0x00000630                pantallaLCD_WriteData
 .text.pantallaLCD_PrintString
                0x00000648       0x1c .\CortexM3\ARM_GCC_493\Debug\Practica2Parte4.a(pantallaLCD.o)
                0x00000648                pantallaLCD_PrintString
 .text.pantallaLCD_WriteControl
                0x00000664       0x18 .\CortexM3\ARM_GCC_493\Debug\Practica2Parte4.a(pantallaLCD.o)
                0x00000664                pantallaLCD_WriteControl
 .text.pantallaLCD_Init
                0x0000067c       0x6c .\CortexM3\ARM_GCC_493\Debug\Practica2Parte4.a(pantallaLCD.o)
                0x0000067c                pantallaLCD_Init
 .text.pantallaLCD_Enable
                0x000006e8       0x14 .\CortexM3\ARM_GCC_493\Debug\Practica2Parte4.a(pantallaLCD.o)
                0x000006e8                pantallaLCD_Enable
 .text.pantallaLCD_Start
                0x000006fc       0x1c .\CortexM3\ARM_GCC_493\Debug\Practica2Parte4.a(pantallaLCD.o)
                0x000006fc                pantallaLCD_Start
 .text.pantallaLCD_Position
                0x00000718       0x3c .\CortexM3\ARM_GCC_493\Debug\Practica2Parte4.a(pantallaLCD.o)
                0x00000718                pantallaLCD_Position
 .text.pantallaLCD_PrintU32Number
                0x00000754       0x60 .\CortexM3\ARM_GCC_493\Debug\Practica2Parte4.a(pantallaLCD.o)
                0x00000754                pantallaLCD_PrintU32Number
 .text.CyDelay  0x000007b4       0x2c .\CortexM3\ARM_GCC_493\Debug\Practica2Parte4.a(CyLib.o)
                0x000007b4                CyDelay
 .text.CyDelayUs
                0x000007e0       0x14 .\CortexM3\ARM_GCC_493\Debug\Practica2Parte4.a(CyLib.o)
                0x000007e0                CyDelayUs
 *fill*         0x000007f4        0x4 
 .text          0x000007f8       0x20 .\CortexM3\ARM_GCC_493\Debug\Practica2Parte4.a(CyBootAsmGnu.o)
                0x000007f8                CyDelayCycles
                0x00000808                CyEnterCriticalSection
                0x00000810                CyExitCriticalSection
 .text.__errno  0x00000818        0xc c:/program files (x86)/cypress/psoc creator/4.0/psoc creator/import/gnu/arm/4.9.3/bin/../lib/gcc/arm-none-eabi/4.9.3/../../../../arm-none-eabi/lib/armv7-m\libg_nano.a(lib_a-errno.o)
                0x00000818                __errno
 .text.__libc_init_array
                0x00000824       0x4c c:/program files (x86)/cypress/psoc creator/4.0/psoc creator/import/gnu/arm/4.9.3/bin/../lib/gcc/arm-none-eabi/4.9.3/../../../../arm-none-eabi/lib/armv7-m\libg_nano.a(lib_a-init.o)
                0x00000824                __libc_init_array
 .text.memcpy   0x00000870       0x16 c:/program files (x86)/cypress/psoc creator/4.0/psoc creator/import/gnu/arm/4.9.3/bin/../lib/gcc/arm-none-eabi/4.9.3/../../../../arm-none-eabi/lib/armv7-m\libg_nano.a(lib_a-memcpy.o)
                0x00000870                memcpy
 .text.memset   0x00000886       0x10 c:/program files (x86)/cypress/psoc creator/4.0/psoc creator/import/gnu/arm/4.9.3/bin/../lib/gcc/arm-none-eabi/4.9.3/../../../../arm-none-eabi/lib/armv7-m\libg_nano.a(lib_a-memset.o)
                0x00000886                memset
 *(.plt)
 *(.gnu.warning)
 *(.glue_7t)
 .glue_7t       0x00000000        0x0 linker stubs
 *(.glue_7)
 .glue_7        0x00000000        0x0 linker stubs
 *(.vfp11_veneer)
 .vfp11_veneer  0x00000000        0x0 linker stubs
 *(.bootloader)
 *(.ARM.extab* .gnu.linkonce.armextab.*)
 *(.gcc_except_table)

.v4_bx          0x00000898        0x0
 .v4_bx         0x00000000        0x0 linker stubs

.iplt           0x00000898        0x0
 .iplt          0x00000000        0x0 c:/program files (x86)/cypress/psoc creator/4.0/psoc creator/import/gnu/arm/4.9.3/bin/../lib/gcc/arm-none-eabi/4.9.3/armv7-m/crtbegin.o

.eh_frame_hdr
 *(.eh_frame_hdr)

.eh_frame       0x00000898        0x4
 *(.eh_frame)
 .eh_frame      0x00000898        0x0 c:/program files (x86)/cypress/psoc creator/4.0/psoc creator/import/gnu/arm/4.9.3/bin/../lib/gcc/arm-none-eabi/4.9.3/armv7-m/crtbegin.o
 .eh_frame      0x00000898        0x4 c:/program files (x86)/cypress/psoc creator/4.0/psoc creator/import/gnu/arm/4.9.3/bin/../lib/gcc/arm-none-eabi/4.9.3/armv7-m/crtend.o
                0x0000089c                PROVIDE (__exidx_start, .)

.ARM.exidx
 *(.ARM.exidx* .gnu.linkonce.armexidx.*)
                0x0000089c                __exidx_end = .

.rodata         0x0000089c       0x9c
 *(.rodata .rodata.* .gnu.linkonce.r.*)
 .rodata.str1.4
                0x0000089c       0x2c .\CortexM3\ARM_GCC_493\Debug\main.o
 .rodata        0x000008c8       0x38 .\CortexM3\ARM_GCC_493\Debug\Practica2Parte4.a(cyfitter_cfg.o)
 .rodata.str1.1
                0x00000900        0x2 c:/program files (x86)/cypress/psoc creator/4.0/psoc creator/import/gnu/arm/4.9.3/bin/../lib/gcc/arm-none-eabi/4.9.3/../../../../arm-none-eabi/lib/armv7-m\libg_nano.a(lib_a-impure.o)
                0x00000904                . = ALIGN (0x4)
 *fill*         0x00000902        0x2 
 *(.init)
 .init          0x00000904        0x4 c:/program files (x86)/cypress/psoc creator/4.0/psoc creator/import/gnu/arm/4.9.3/bin/../lib/gcc/arm-none-eabi/4.9.3/armv7-m/crti.o
                0x00000904                _init
 .init          0x00000908        0x8 c:/program files (x86)/cypress/psoc creator/4.0/psoc creator/import/gnu/arm/4.9.3/bin/../lib/gcc/arm-none-eabi/4.9.3/armv7-m/crtn.o
                0x00000910                . = ALIGN (0x4)
                0x00000910                __preinit_array_start = .
 *(.preinit_array)
                0x00000910                __preinit_array_end = .
                0x00000910                . = ALIGN (0x4)
                0x00000910                __init_array_start = .
 *(SORT(.init_array.*))
 *(.init_array)
 .init_array    0x00000910        0x4 c:/program files (x86)/cypress/psoc creator/4.0/psoc creator/import/gnu/arm/4.9.3/bin/../lib/gcc/arm-none-eabi/4.9.3/armv7-m/crtbegin.o
 .init_array    0x00000914        0x4 .\CortexM3\ARM_GCC_493\Debug\Cm3Start.o
                0x00000918                __init_array_end = .
                0x00000918                . = ALIGN (0x4)
 *(.fini)
 .fini          0x00000918        0x4 c:/program files (x86)/cypress/psoc creator/4.0/psoc creator/import/gnu/arm/4.9.3/bin/../lib/gcc/arm-none-eabi/4.9.3/armv7-m/crti.o
                0x00000918                _fini
 .fini          0x0000091c        0x8 c:/program files (x86)/cypress/psoc creator/4.0/psoc creator/import/gnu/arm/4.9.3/bin/../lib/gcc/arm-none-eabi/4.9.3/armv7-m/crtn.o
                0x00000924                . = ALIGN (0x4)
                0x00000924                __fini_array_start = .
 *(.fini_array)
 .fini_array    0x00000924        0x4 c:/program files (x86)/cypress/psoc creator/4.0/psoc creator/import/gnu/arm/4.9.3/bin/../lib/gcc/arm-none-eabi/4.9.3/armv7-m/crtbegin.o
 *(SORT(.fini_array.*))
                0x00000928                __fini_array_end = .
                0x00000928                . = ALIGN (0x4)
 *crtbegin.o(.ctors)
 *(EXCLUDE_FILE(*crtend.o) .ctors)
 *(SORT(.ctors.*))
 *crtend.o(.ctors)
                0x00000928                . = ALIGN (0x4)
 *crtbegin.o(.dtors)
 *(EXCLUDE_FILE(*crtend.o) .dtors)
 *(SORT(.dtors.*))
 *crtend.o(.dtors)
                0x00000928                . = ALIGN (0x4)
                0x00000928                __cy_regions = .
                0x00000928        0x4 LONG 0x938 __cy_region_init_ram
                0x0000092c        0x4 LONG 0x1fff8108 __cy_region_start_data
                0x00000930        0x4 LONG 0x78 __cy_region_init_size_ram
                0x00000934        0x4 LONG 0x20 __cy_region_zero_size_ram
                0x00000938                __cy_regions_end = .
                0x00000938                . = ALIGN (0x8)
                0x00000938                _etext = .

.cy_checksum_exclude
                0x00000938        0x0
 *(.cy_checksum_exclude)

.ramvectors     0x1fff8000      0x100
                0x1fff8000                __cy_region_start_ram = .
 *(.ramvectors)
 .ramvectors    0x1fff8000      0x100 .\CortexM3\ARM_GCC_493\Debug\Cm3Start.o
                0x1fff8000                CyRamVectors

.noinit         0x1fff8100        0x5
 *(.noinit)
 .noinit        0x1fff8100        0x4 .\CortexM3\ARM_GCC_493\Debug\Cm3Start.o
 .noinit        0x1fff8104        0x1 .\CortexM3\ARM_GCC_493\Debug\Practica2Parte4.a(CyLib.o)
                0x1fff8104                CyResetStatus

.data           0x1fff8108       0x78 load address 0x00000938
                0x1fff8108                __cy_region_start_data = .
 *(.jcr)
 .jcr           0x1fff8108        0x0 c:/program files (x86)/cypress/psoc creator/4.0/psoc creator/import/gnu/arm/4.9.3/bin/../lib/gcc/arm-none-eabi/4.9.3/armv7-m/crtbegin.o
 .jcr           0x1fff8108        0x4 c:/program files (x86)/cypress/psoc creator/4.0/psoc creator/import/gnu/arm/4.9.3/bin/../lib/gcc/arm-none-eabi/4.9.3/armv7-m/crtend.o
 *(.got.plt)
 *(.got)
 *(.shdata)
 *(.data .data.* .gnu.linkonce.d.*)
 .data          0x1fff810c       0x10 .\CortexM3\ARM_GCC_493\Debug\Practica2Parte4.a(CyLib.o)
                0x1fff810c                cydelay_32k_ms
                0x1fff8110                cydelay_freq_khz
                0x1fff8114                cydelay_freq_mhz
                0x1fff8118                cydelay_freq_hz
 .data.impure_data
                0x1fff811c       0x60 c:/program files (x86)/cypress/psoc creator/4.0/psoc creator/import/gnu/arm/4.9.3/bin/../lib/gcc/arm-none-eabi/4.9.3/../../../../arm-none-eabi/lib/armv7-m\libg_nano.a(lib_a-impure.o)
 .data._impure_ptr
                0x1fff817c        0x4 c:/program files (x86)/cypress/psoc creator/4.0/psoc creator/import/gnu/arm/4.9.3/bin/../lib/gcc/arm-none-eabi/4.9.3/../../../../arm-none-eabi/lib/armv7-m\libg_nano.a(lib_a-impure.o)
                0x1fff817c                _impure_ptr
                0x1fff8180                . = ALIGN (0x8)
 *(.ram)
                0x1fff8180                _edata = .

.igot.plt       0x1fff8180        0x0 load address 0x000009b0
 .igot.plt      0x00000000        0x0 c:/program files (x86)/cypress/psoc creator/4.0/psoc creator/import/gnu/arm/4.9.3/bin/../lib/gcc/arm-none-eabi/4.9.3/armv7-m/crtbegin.o

.bss            0x1fff8180       0x20 load address 0x000009b0
                0x1fff8180                PROVIDE (__bss_start__, .)
 *(.shbss)
 *(.bss .bss.* .gnu.linkonce.b.*)
 .bss           0x1fff8180       0x1c c:/program files (x86)/cypress/psoc creator/4.0/psoc creator/import/gnu/arm/4.9.3/bin/../lib/gcc/arm-none-eabi/4.9.3/armv7-m/crtbegin.o
 .bss           0x1fff819c        0x2 .\CortexM3\ARM_GCC_493\Debug\Practica2Parte4.a(pantallaLCD.o)
                0x1fff819c                pantallaLCD_enableState
                0x1fff819d                pantallaLCD_initVar
 *(COMMON)
                0x1fff81a0                . = ALIGN (0x8)
 *fill*         0x1fff819e        0x2 
 *(.ram.b)
                0x1fff81a0                _end = .
                0x1fff81a0                __end = .
                0x1fff81a0                PROVIDE (end, .)
                0x1fff81a0                PROVIDE (__bss_end__, .)
                0x00000938                __cy_region_init_ram = LOADADDR (.data)
                0x00000078                __cy_region_init_size_ram = (_edata - ADDR (.data))
                0x00000020                __cy_region_zero_size_ram = (_end - _edata)

.heap           0x1fff81a0       0x80 load address 0x000009b0
                0x1fff81a0                . = _end
                0x1fff8220                . = (. + 0x80)
 *fill*         0x1fff81a0       0x80 
                0x1fff8220                __cy_heap_limit = .

.stack          0x20007800      0x800
                0x20007800                __cy_stack_limit = .
                0x20008000                . = (. + 0x800)
 *fill*         0x20007800      0x800 
                0x00000001                ASSERT ((__cy_stack_limit >= __cy_heap_limit), region RAM overflowed with stack)
                0x00000000                cy_checksum_exclude_size = (CY_APPL_LOADABLE == 0x1)?SIZEOF (.cy_checksum_exclude):0x0
                0x00000001                ASSERT ((cy_checksum_exclude_size <= CY_CHECKSUM_EXCLUDE_SIZE), CY_BOOT: Section .cy_checksum_exclude size exceedes specified limit.)

.cyloadermeta
 *(.cyloadermeta)

.cyloadablemeta
 *(.cyloadablemeta)

.cyconfigecc    0x80000000       0x54
 *(.cyconfigecc)
 .cyconfigecc   0x80000000       0x54 .\CortexM3\ARM_GCC_493\Debug\cymetadata.o
                0x80000000                cy_meta_configecc

.cycustnvl      0x90000000        0x4
 *(.cycustnvl)
 .cycustnvl     0x90000000        0x4 .\CortexM3\ARM_GCC_493\Debug\cymetadata.o
                0x90000000                cy_meta_custnvl

.cywolatch      0x90100000        0x4
 *(.cywolatch)
 .cywolatch     0x90100000        0x4 .\CortexM3\ARM_GCC_493\Debug\cymetadata.o
                0x90100000                cy_meta_wonvl

.cyeeprom       0x90200000        0x0
 *(.cyeeprom)
                0x00000001                ASSERT ((. <= ((0x90200000 + ee_offset) + ee_size)), .cyeeprom data will not fit in EEPROM)

.cyflashprotect
                0x90400000      0x100
 *(.cyflashprotect)
 .cyflashprotect
                0x90400000      0x100 .\CortexM3\ARM_GCC_493\Debug\cymetadata.o
                0x90400000                cy_meta_flashprotect

.cymeta         0x90500000        0xc
 *(.cymeta)
 .cymeta        0x90500000        0xc .\CortexM3\ARM_GCC_493\Debug\cymetadata.o
                0x90500000                cy_metadata

.rel.dyn        0x000009b0        0x0 load address 0x9050000c
 .rel.iplt      0x00000000        0x0 c:/program files (x86)/cypress/psoc creator/4.0/psoc creator/import/gnu/arm/4.9.3/bin/../lib/gcc/arm-none-eabi/4.9.3/armv7-m/crtbegin.o

.stab
 *(.stab)

.stabstr
 *(.stabstr)

.debug
 *(.debug)

.line
 *(.line)

.debug_srcinfo
 *(.debug_srcinfo)

.debug_sfnames
 *(.debug_sfnames)

.debug_aranges  0x00000000      0x6d0
 *(.debug_aranges)
 .debug_aranges
                0x00000000       0x20 .\CortexM3\ARM_GCC_493\Debug\main.o
 .debug_aranges
                0x00000020       0x18 .\CortexM3\ARM_GCC_493\Debug\cymetadata.o
 .debug_aranges
                0x00000038       0x48 .\CortexM3\ARM_GCC_493\Debug\Cm3Start.o
 .debug_aranges
                0x00000080       0x58 .\CortexM3\ARM_GCC_493\Debug\Practica2Parte4.a(cyfitter_cfg.o)
 .debug_aranges
                0x000000d8       0x28 .\CortexM3\ARM_GCC_493\Debug\Practica2Parte4.a(registro.o)
 .debug_aranges
                0x00000100       0x38 .\CortexM3\ARM_GCC_493\Debug\Practica2Parte4.a(inc.o)
 .debug_aranges
                0x00000138       0x38 .\CortexM3\ARM_GCC_493\Debug\Practica2Parte4.a(dec.o)
 .debug_aranges
                0x00000170       0x38 .\CortexM3\ARM_GCC_493\Debug\Practica2Parte4.a(siguiente.o)
 .debug_aranges
                0x000001a8       0x40 .\CortexM3\ARM_GCC_493\Debug\Practica2Parte4.a(registro2.o)
 .debug_aranges
                0x000001e8       0x98 .\CortexM3\ARM_GCC_493\Debug\Practica2Parte4.a(pantallaLCD.o)
 .debug_aranges
                0x00000280      0x2a0 .\CortexM3\ARM_GCC_493\Debug\Practica2Parte4.a(CyLib.o)
 .debug_aranges
                0x00000520       0x98 .\CortexM3\ARM_GCC_493\Debug\Practica2Parte4.a(cyPm.o)
 .debug_aranges
                0x000005b8       0x20 .\CortexM3\ARM_GCC_493\Debug\Practica2Parte4.a(CyBootAsmGnu.o)
 .debug_aranges
                0x000005d8       0x80 .\CortexM3\ARM_GCC_493\Debug\Practica2Parte4.a(CyFlash.o)
 .debug_aranges
                0x00000658       0x78 .\CortexM3\ARM_GCC_493\Debug\Practica2Parte4.a(CySpc.o)

.debug_pubnames
 *(.debug_pubnames)

.debug_info     0x00000000     0x433a
 *(.debug_info .gnu.linkonce.wi.*)
 .debug_info    0x00000000      0x384 .\CortexM3\ARM_GCC_493\Debug\main.o
 .debug_info    0x00000384      0x13a .\CortexM3\ARM_GCC_493\Debug\cymetadata.o
 .debug_info    0x000004be      0x3b3 .\CortexM3\ARM_GCC_493\Debug\Cm3Start.o
 .debug_info    0x00000871      0x4ae .\CortexM3\ARM_GCC_493\Debug\Practica2Parte4.a(cyfitter_cfg.o)
 .debug_info    0x00000d1f       0xd6 .\CortexM3\ARM_GCC_493\Debug\Practica2Parte4.a(registro.o)
 .debug_info    0x00000df5      0x121 .\CortexM3\ARM_GCC_493\Debug\Practica2Parte4.a(inc.o)
 .debug_info    0x00000f16      0x121 .\CortexM3\ARM_GCC_493\Debug\Practica2Parte4.a(dec.o)
 .debug_info    0x00001037      0x11f .\CortexM3\ARM_GCC_493\Debug\Practica2Parte4.a(siguiente.o)
 .debug_info    0x00001156      0x17a .\CortexM3\ARM_GCC_493\Debug\Practica2Parte4.a(registro2.o)
 .debug_info    0x000012d0      0x716 .\CortexM3\ARM_GCC_493\Debug\Practica2Parte4.a(pantallaLCD.o)
 .debug_info    0x000019e6     0x1385 .\CortexM3\ARM_GCC_493\Debug\Practica2Parte4.a(CyLib.o)
 .debug_info    0x00002d6b      0xa57 .\CortexM3\ARM_GCC_493\Debug\Practica2Parte4.a(cyPm.o)
 .debug_info    0x000037c2       0x86 .\CortexM3\ARM_GCC_493\Debug\Practica2Parte4.a(CyBootAsmGnu.o)
 .debug_info    0x00003848      0x608 .\CortexM3\ARM_GCC_493\Debug\Practica2Parte4.a(CyFlash.o)
 .debug_info    0x00003e50      0x4ea .\CortexM3\ARM_GCC_493\Debug\Practica2Parte4.a(CySpc.o)

.debug_abbrev   0x00000000     0x1228
 *(.debug_abbrev)
 .debug_abbrev  0x00000000      0x124 .\CortexM3\ARM_GCC_493\Debug\main.o
 .debug_abbrev  0x00000124       0x5d .\CortexM3\ARM_GCC_493\Debug\cymetadata.o
 .debug_abbrev  0x00000181      0x1f7 .\CortexM3\ARM_GCC_493\Debug\Cm3Start.o
 .debug_abbrev  0x00000378      0x203 .\CortexM3\ARM_GCC_493\Debug\Practica2Parte4.a(cyfitter_cfg.o)
 .debug_abbrev  0x0000057b       0x81 .\CortexM3\ARM_GCC_493\Debug\Practica2Parte4.a(registro.o)
 .debug_abbrev  0x000005fc       0x90 .\CortexM3\ARM_GCC_493\Debug\Practica2Parte4.a(inc.o)
 .debug_abbrev  0x0000068c       0x90 .\CortexM3\ARM_GCC_493\Debug\Practica2Parte4.a(dec.o)
 .debug_abbrev  0x0000071c       0x90 .\CortexM3\ARM_GCC_493\Debug\Practica2Parte4.a(siguiente.o)
 .debug_abbrev  0x000007ac       0xc6 .\CortexM3\ARM_GCC_493\Debug\Practica2Parte4.a(registro2.o)
 .debug_abbrev  0x00000872      0x171 .\CortexM3\ARM_GCC_493\Debug\Practica2Parte4.a(pantallaLCD.o)
 .debug_abbrev  0x000009e3      0x296 .\CortexM3\ARM_GCC_493\Debug\Practica2Parte4.a(CyLib.o)
 .debug_abbrev  0x00000c79      0x1ed .\CortexM3\ARM_GCC_493\Debug\Practica2Parte4.a(cyPm.o)
 .debug_abbrev  0x00000e66       0x14 .\CortexM3\ARM_GCC_493\Debug\Practica2Parte4.a(CyBootAsmGnu.o)
 .debug_abbrev  0x00000e7a      0x1ed .\CortexM3\ARM_GCC_493\Debug\Practica2Parte4.a(CyFlash.o)
 .debug_abbrev  0x00001067      0x1c1 .\CortexM3\ARM_GCC_493\Debug\Practica2Parte4.a(CySpc.o)

.debug_line     0x00000000     0x1b36
 *(.debug_line)
 .debug_line    0x00000000      0x1f7 .\CortexM3\ARM_GCC_493\Debug\main.o
 .debug_line    0x000001f7       0x51 .\CortexM3\ARM_GCC_493\Debug\cymetadata.o
 .debug_line    0x00000248      0x24f .\CortexM3\ARM_GCC_493\Debug\Cm3Start.o
 .debug_line    0x00000497      0x1da .\CortexM3\ARM_GCC_493\Debug\Practica2Parte4.a(cyfitter_cfg.o)
 .debug_line    0x00000671       0x70 .\CortexM3\ARM_GCC_493\Debug\Practica2Parte4.a(registro.o)
 .debug_line    0x000006e1       0x90 .\CortexM3\ARM_GCC_493\Debug\Practica2Parte4.a(inc.o)
 .debug_line    0x00000771       0x90 .\CortexM3\ARM_GCC_493\Debug\Practica2Parte4.a(dec.o)
 .debug_line    0x00000801       0x96 .\CortexM3\ARM_GCC_493\Debug\Practica2Parte4.a(siguiente.o)
 .debug_line    0x00000897       0xb5 .\CortexM3\ARM_GCC_493\Debug\Practica2Parte4.a(registro2.o)
 .debug_line    0x0000094c      0x1e4 .\CortexM3\ARM_GCC_493\Debug\Practica2Parte4.a(pantallaLCD.o)
 .debug_line    0x00000b30      0x816 .\CortexM3\ARM_GCC_493\Debug\Practica2Parte4.a(CyLib.o)
 .debug_line    0x00001346      0x364 .\CortexM3\ARM_GCC_493\Debug\Practica2Parte4.a(cyPm.o)
 .debug_line    0x000016aa       0x66 .\CortexM3\ARM_GCC_493\Debug\Practica2Parte4.a(CyBootAsmGnu.o)
 .debug_line    0x00001710      0x1ea .\CortexM3\ARM_GCC_493\Debug\Practica2Parte4.a(CyFlash.o)
 .debug_line    0x000018fa      0x23c .\CortexM3\ARM_GCC_493\Debug\Practica2Parte4.a(CySpc.o)

.debug_frame    0x00000000     0x1210
 *(.debug_frame)
 .debug_frame   0x00000000       0x38 .\CortexM3\ARM_GCC_493\Debug\main.o
 .debug_frame   0x00000038       0xb8 .\CortexM3\ARM_GCC_493\Debug\Cm3Start.o
 .debug_frame   0x000000f0       0xe4 .\CortexM3\ARM_GCC_493\Debug\Practica2Parte4.a(cyfitter_cfg.o)
 .debug_frame   0x000001d4       0x30 .\CortexM3\ARM_GCC_493\Debug\Practica2Parte4.a(registro.o)
 .debug_frame   0x00000204       0x50 .\CortexM3\ARM_GCC_493\Debug\Practica2Parte4.a(inc.o)
 .debug_frame   0x00000254       0x50 .\CortexM3\ARM_GCC_493\Debug\Practica2Parte4.a(dec.o)
 .debug_frame   0x000002a4       0x50 .\CortexM3\ARM_GCC_493\Debug\Practica2Parte4.a(siguiente.o)
 .debug_frame   0x000002f4       0x78 .\CortexM3\ARM_GCC_493\Debug\Practica2Parte4.a(registro2.o)
 .debug_frame   0x0000036c      0x1e4 .\CortexM3\ARM_GCC_493\Debug\Practica2Parte4.a(pantallaLCD.o)
 .debug_frame   0x00000550      0x738 .\CortexM3\ARM_GCC_493\Debug\Practica2Parte4.a(CyLib.o)
 .debug_frame   0x00000c88      0x1f8 .\CortexM3\ARM_GCC_493\Debug\Practica2Parte4.a(cyPm.o)
 .debug_frame   0x00000e80      0x174 .\CortexM3\ARM_GCC_493\Debug\Practica2Parte4.a(CyFlash.o)
 .debug_frame   0x00000ff4      0x160 .\CortexM3\ARM_GCC_493\Debug\Practica2Parte4.a(CySpc.o)
 .debug_frame   0x00001154       0x20 c:/program files (x86)/cypress/psoc creator/4.0/psoc creator/import/gnu/arm/4.9.3/bin/../lib/gcc/arm-none-eabi/4.9.3/../../../../arm-none-eabi/lib/armv7-m\libg_nano.a(lib_a-errno.o)
 .debug_frame   0x00001174       0x28 c:/program files (x86)/cypress/psoc creator/4.0/psoc creator/import/gnu/arm/4.9.3/bin/../lib/gcc/arm-none-eabi/4.9.3/../../../../arm-none-eabi/lib/armv7-m\libg_nano.a(lib_a-exit.o)
 .debug_frame   0x0000119c       0x2c c:/program files (x86)/cypress/psoc creator/4.0/psoc creator/import/gnu/arm/4.9.3/bin/../lib/gcc/arm-none-eabi/4.9.3/../../../../arm-none-eabi/lib/armv7-m\libg_nano.a(lib_a-init.o)
 .debug_frame   0x000011c8       0x28 c:/program files (x86)/cypress/psoc creator/4.0/psoc creator/import/gnu/arm/4.9.3/bin/../lib/gcc/arm-none-eabi/4.9.3/../../../../arm-none-eabi/lib/armv7-m\libg_nano.a(lib_a-memcpy.o)
 .debug_frame   0x000011f0       0x20 c:/program files (x86)/cypress/psoc creator/4.0/psoc creator/import/gnu/arm/4.9.3/bin/../lib/gcc/arm-none-eabi/4.9.3/../../../../arm-none-eabi/lib/armv7-m\libg_nano.a(lib_a-memset.o)

.debug_str      0x00000000     0x168c
 *(.debug_str)
 .debug_str     0x00000000      0x232 .\CortexM3\ARM_GCC_493\Debug\main.o
                                0x273 (size before relaxing)
 .debug_str     0x00000232       0x75 .\CortexM3\ARM_GCC_493\Debug\cymetadata.o
                                0x1e0 (size before relaxing)
 .debug_str     0x000002a7      0x163 .\CortexM3\ARM_GCC_493\Debug\Cm3Start.o
                                0x2f4 (size before relaxing)
 .debug_str     0x0000040a      0x154 .\CortexM3\ARM_GCC_493\Debug\Practica2Parte4.a(cyfitter_cfg.o)
                                0x2f9 (size before relaxing)
 .debug_str     0x0000055e       0x38 .\CortexM3\ARM_GCC_493\Debug\Practica2Parte4.a(registro.o)
                                0x1ae (size before relaxing)
 .debug_str     0x00000596       0x58 .\CortexM3\ARM_GCC_493\Debug\Practica2Parte4.a(inc.o)
                                0x1ce (size before relaxing)
 .debug_str     0x000005ee       0x48 .\CortexM3\ARM_GCC_493\Debug\Practica2Parte4.a(dec.o)
                                0x1ce (size before relaxing)
 .debug_str     0x00000636       0x60 .\CortexM3\ARM_GCC_493\Debug\Practica2Parte4.a(siguiente.o)
                                0x1ec (size before relaxing)
 .debug_str     0x00000696       0xc0 .\CortexM3\ARM_GCC_493\Debug\Practica2Parte4.a(registro2.o)
                                0x23f (size before relaxing)
 .debug_str     0x00000756      0x1a8 .\CortexM3\ARM_GCC_493\Debug\Practica2Parte4.a(pantallaLCD.o)
                                0x3b5 (size before relaxing)
 .debug_str     0x000008fe      0x7ed .\CortexM3\ARM_GCC_493\Debug\Practica2Parte4.a(CyLib.o)
                                0xa31 (size before relaxing)
 .debug_str     0x000010eb      0x359 .\CortexM3\ARM_GCC_493\Debug\Practica2Parte4.a(cyPm.o)
                                0x711 (size before relaxing)
 .debug_str     0x00001444      0x19c .\CortexM3\ARM_GCC_493\Debug\Practica2Parte4.a(CyFlash.o)
                                0x38b (size before relaxing)
 .debug_str     0x000015e0       0xac .\CortexM3\ARM_GCC_493\Debug\Practica2Parte4.a(CySpc.o)
                                0x314 (size before relaxing)

.debug_loc      0x00000000     0x1e06
 *(.debug_loc)
 .debug_loc     0x00000000       0xb3 .\CortexM3\ARM_GCC_493\Debug\main.o
 .debug_loc     0x000000b3      0x144 .\CortexM3\ARM_GCC_493\Debug\Cm3Start.o
 .debug_loc     0x000001f7      0x1d7 .\CortexM3\ARM_GCC_493\Debug\Practica2Parte4.a(cyfitter_cfg.o)
 .debug_loc     0x000003ce       0x55 .\CortexM3\ARM_GCC_493\Debug\Practica2Parte4.a(inc.o)
 .debug_loc     0x00000423       0x55 .\CortexM3\ARM_GCC_493\Debug\Practica2Parte4.a(dec.o)
 .debug_loc     0x00000478       0x42 .\CortexM3\ARM_GCC_493\Debug\Practica2Parte4.a(siguiente.o)
 .debug_loc     0x000004ba       0x44 .\CortexM3\ARM_GCC_493\Debug\Practica2Parte4.a(registro2.o)
 .debug_loc     0x000004fe      0x3c6 .\CortexM3\ARM_GCC_493\Debug\Practica2Parte4.a(pantallaLCD.o)
 .debug_loc     0x000008c4      0xa11 .\CortexM3\ARM_GCC_493\Debug\Practica2Parte4.a(CyLib.o)
 .debug_loc     0x000012d5      0x1e4 .\CortexM3\ARM_GCC_493\Debug\Practica2Parte4.a(cyPm.o)
 .debug_loc     0x000014b9      0x300 .\CortexM3\ARM_GCC_493\Debug\Practica2Parte4.a(CyFlash.o)
 .debug_loc     0x000017b9      0x64d .\CortexM3\ARM_GCC_493\Debug\Practica2Parte4.a(CySpc.o)

.debug_macinfo
 *(.debug_macinfo)

.debug_ranges   0x00000000      0x5c8
 *(.debug_ranges)
 .debug_ranges  0x00000000       0x10 .\CortexM3\ARM_GCC_493\Debug\main.o
 .debug_ranges  0x00000010       0x38 .\CortexM3\ARM_GCC_493\Debug\Cm3Start.o
 .debug_ranges  0x00000048       0x48 .\CortexM3\ARM_GCC_493\Debug\Practica2Parte4.a(cyfitter_cfg.o)
 .debug_ranges  0x00000090       0x18 .\CortexM3\ARM_GCC_493\Debug\Practica2Parte4.a(registro.o)
 .debug_ranges  0x000000a8       0x28 .\CortexM3\ARM_GCC_493\Debug\Practica2Parte4.a(inc.o)
 .debug_ranges  0x000000d0       0x28 .\CortexM3\ARM_GCC_493\Debug\Practica2Parte4.a(dec.o)
 .debug_ranges  0x000000f8       0x28 .\CortexM3\ARM_GCC_493\Debug\Practica2Parte4.a(siguiente.o)
 .debug_ranges  0x00000120       0x30 .\CortexM3\ARM_GCC_493\Debug\Practica2Parte4.a(registro2.o)
 .debug_ranges  0x00000150       0x88 .\CortexM3\ARM_GCC_493\Debug\Practica2Parte4.a(pantallaLCD.o)
 .debug_ranges  0x000001d8      0x290 .\CortexM3\ARM_GCC_493\Debug\Practica2Parte4.a(CyLib.o)
 .debug_ranges  0x00000468       0x88 .\CortexM3\ARM_GCC_493\Debug\Practica2Parte4.a(cyPm.o)
 .debug_ranges  0x000004f0       0x70 .\CortexM3\ARM_GCC_493\Debug\Practica2Parte4.a(CyFlash.o)
 .debug_ranges  0x00000560       0x68 .\CortexM3\ARM_GCC_493\Debug\Practica2Parte4.a(CySpc.o)

.comment        0x00000000       0x70
 .comment       0x00000000       0x70 .\CortexM3\ARM_GCC_493\Debug\main.o
                                 0x71 (size before relaxing)
 .comment       0x00000000       0x71 .\CortexM3\ARM_GCC_493\Debug\cymetadata.o
 .comment       0x00000000       0x71 .\CortexM3\ARM_GCC_493\Debug\Cm3Start.o
 .comment       0x00000000       0x71 .\CortexM3\ARM_GCC_493\Debug\Practica2Parte4.a(cyfitter_cfg.o)
 .comment       0x00000000       0x71 .\CortexM3\ARM_GCC_493\Debug\Practica2Parte4.a(registro.o)
 .comment       0x00000000       0x71 .\CortexM3\ARM_GCC_493\Debug\Practica2Parte4.a(inc.o)
 .comment       0x00000000       0x71 .\CortexM3\ARM_GCC_493\Debug\Practica2Parte4.a(dec.o)
 .comment       0x00000000       0x71 .\CortexM3\ARM_GCC_493\Debug\Practica2Parte4.a(siguiente.o)
 .comment       0x00000000       0x71 .\CortexM3\ARM_GCC_493\Debug\Practica2Parte4.a(registro2.o)
 .comment       0x00000000       0x71 .\CortexM3\ARM_GCC_493\Debug\Practica2Parte4.a(pantallaLCD.o)
 .comment       0x00000000       0x71 .\CortexM3\ARM_GCC_493\Debug\Practica2Parte4.a(CyLib.o)
 .comment       0x00000000       0x71 .\CortexM3\ARM_GCC_493\Debug\Practica2Parte4.a(cyPm.o)
 .comment       0x00000000       0x71 .\CortexM3\ARM_GCC_493\Debug\Practica2Parte4.a(CyFlash.o)
 .comment       0x00000000       0x71 .\CortexM3\ARM_GCC_493\Debug\Practica2Parte4.a(CySpc.o)

.debug_weaknames
 *(.debug_weaknames)

.debug_funcnames
 *(.debug_funcnames)

.debug_typenames
 *(.debug_typenames)

.debug_varnames
 *(.debug_varnames)

.note.gnu.arm.ident
 *(.note.gnu.arm.ident)

.ARM.attributes
                0x00000000       0x29
 *(.ARM.attributes)
 .ARM.attributes
                0x00000000       0x1d c:/program files (x86)/cypress/psoc creator/4.0/psoc creator/import/gnu/arm/4.9.3/bin/../lib/gcc/arm-none-eabi/4.9.3/armv7-m/crti.o
 .ARM.attributes
                0x0000001d       0x2d c:/program files (x86)/cypress/psoc creator/4.0/psoc creator/import/gnu/arm/4.9.3/bin/../lib/gcc/arm-none-eabi/4.9.3/armv7-m/crtbegin.o
 .ARM.attributes
                0x0000004a       0x1b c:/program files (x86)/cypress/psoc creator/4.0/psoc creator/import/gnu/arm/4.9.3/bin/../lib/gcc/arm-none-eabi/4.9.3/../../../../arm-none-eabi/lib/armv7-m/crt0.o
 .ARM.attributes
                0x00000065       0x33 .\CortexM3\ARM_GCC_493\Debug\main.o
 .ARM.attributes
                0x00000098       0x33 .\CortexM3\ARM_GCC_493\Debug\cymetadata.o
 .ARM.attributes
                0x000000cb       0x33 .\CortexM3\ARM_GCC_493\Debug\Cm3Start.o
 .ARM.attributes
                0x000000fe       0x33 .\CortexM3\ARM_GCC_493\Debug\Practica2Parte4.a(cyfitter_cfg.o)
 .ARM.attributes
                0x00000131       0x33 .\CortexM3\ARM_GCC_493\Debug\Practica2Parte4.a(registro.o)
 .ARM.attributes
                0x00000164       0x33 .\CortexM3\ARM_GCC_493\Debug\Practica2Parte4.a(inc.o)
 .ARM.attributes
                0x00000197       0x33 .\CortexM3\ARM_GCC_493\Debug\Practica2Parte4.a(dec.o)
 .ARM.attributes
                0x000001ca       0x33 .\CortexM3\ARM_GCC_493\Debug\Practica2Parte4.a(siguiente.o)
 .ARM.attributes
                0x000001fd       0x33 .\CortexM3\ARM_GCC_493\Debug\Practica2Parte4.a(registro2.o)
 .ARM.attributes
                0x00000230       0x33 .\CortexM3\ARM_GCC_493\Debug\Practica2Parte4.a(pantallaLCD.o)
 .ARM.attributes
                0x00000263       0x33 .\CortexM3\ARM_GCC_493\Debug\Practica2Parte4.a(CyLib.o)
 .ARM.attributes
                0x00000296       0x33 .\CortexM3\ARM_GCC_493\Debug\Practica2Parte4.a(cyPm.o)
 .ARM.attributes
                0x000002c9       0x21 .\CortexM3\ARM_GCC_493\Debug\Practica2Parte4.a(CyBootAsmGnu.o)
 .ARM.attributes
                0x000002ea       0x33 .\CortexM3\ARM_GCC_493\Debug\Practica2Parte4.a(CyFlash.o)
 .ARM.attributes
                0x0000031d       0x33 .\CortexM3\ARM_GCC_493\Debug\Practica2Parte4.a(CySpc.o)
 .ARM.attributes
                0x00000350       0x2d c:/program files (x86)/cypress/psoc creator/4.0/psoc creator/import/gnu/arm/4.9.3/bin/../lib/gcc/arm-none-eabi/4.9.3/../../../../arm-none-eabi/lib/armv7-m\libg_nano.a(lib_a-errno.o)
 .ARM.attributes
                0x0000037d       0x2d c:/program files (x86)/cypress/psoc creator/4.0/psoc creator/import/gnu/arm/4.9.3/bin/../lib/gcc/arm-none-eabi/4.9.3/../../../../arm-none-eabi/lib/armv7-m\libg_nano.a(lib_a-exit.o)
 .ARM.attributes
                0x000003aa       0x2d c:/program files (x86)/cypress/psoc creator/4.0/psoc creator/import/gnu/arm/4.9.3/bin/../lib/gcc/arm-none-eabi/4.9.3/../../../../arm-none-eabi/lib/armv7-m\libg_nano.a(lib_a-impure.o)
 .ARM.attributes
                0x000003d7       0x2d c:/program files (x86)/cypress/psoc creator/4.0/psoc creator/import/gnu/arm/4.9.3/bin/../lib/gcc/arm-none-eabi/4.9.3/../../../../arm-none-eabi/lib/armv7-m\libg_nano.a(lib_a-init.o)
 .ARM.attributes
                0x00000404       0x2d c:/program files (x86)/cypress/psoc creator/4.0/psoc creator/import/gnu/arm/4.9.3/bin/../lib/gcc/arm-none-eabi/4.9.3/../../../../arm-none-eabi/lib/armv7-m\libg_nano.a(lib_a-memcpy.o)
 .ARM.attributes
                0x00000431       0x2d c:/program files (x86)/cypress/psoc creator/4.0/psoc creator/import/gnu/arm/4.9.3/bin/../lib/gcc/arm-none-eabi/4.9.3/../../../../arm-none-eabi/lib/armv7-m\libg_nano.a(lib_a-memset.o)
 .ARM.attributes
                0x0000045e       0x2d c:/program files (x86)/cypress/psoc creator/4.0/psoc creator/import/gnu/arm/4.9.3/bin/../lib/gcc/arm-none-eabi/4.9.3/armv7-m/crtend.o
 .ARM.attributes
                0x0000048b       0x1d c:/program files (x86)/cypress/psoc creator/4.0/psoc creator/import/gnu/arm/4.9.3/bin/../lib/gcc/arm-none-eabi/4.9.3/armv7-m/crtn.o

/DISCARD/
 *(.note.GNU-stack)
OUTPUT(.\CortexM3\ARM_GCC_493\Debug\Practica2Parte4.elf elf32-littlearm)
